Archive member included to satisfy reference by file (symbol)

C:/Program Files/SEGGER/SEGGER Embedded Studio 8.18/lib/libc_v7em_fpv4_sp_d16_hard_t_le_eabi_balanced.a(fileops.o)
                              Output/Release/Obj/bno055_testing/BNO055.o (puts)
C:/Program Files/SEGGER/SEGGER Embedded Studio 8.18/lib/libc_v7em_fpv4_sp_d16_hard_t_le_eabi_balanced.a(floatops.o)
                              Output/Release/Obj/bno055_testing/BNO055.o (asin)
C:/Program Files/SEGGER/SEGGER Embedded Studio 8.18/lib/libc_v7em_fpv4_sp_d16_hard_t_le_eabi_balanced.a(floatasmops_arm.o)
                              Output/Release/Obj/bno055_testing/BNO055.o (__aeabi_dadd)
C:/Program Files/SEGGER/SEGGER Embedded Studio 8.18/lib/libc_v7em_fpv4_sp_d16_hard_t_le_eabi_balanced.a(prinops.o)
                              Output/Release/Obj/bno055_testing/BNO055.o (printf)
C:/Program Files/SEGGER/SEGGER Embedded Studio 8.18/lib/libc_v7em_fpv4_sp_d16_hard_t_le_eabi_balanced.a(__SEGGER_RTL_vfprintf_short_float_long.o)
                              (__SEGGER_RTL_vfprintf_short_float_long)
C:/Program Files/SEGGER/SEGGER Embedded Studio 8.18/lib/libc_v7em_fpv4_sp_d16_hard_t_le_eabi_balanced.a(__SEGGER_RTL_vfscanf_long.o)
                              (__SEGGER_RTL_vfscanf_long)
C:/Program Files/SEGGER/SEGGER Embedded Studio 8.18/lib/libc_v7em_fpv4_sp_d16_hard_t_le_eabi_balanced.a(errno.o)
                              C:/Program Files/SEGGER/SEGGER Embedded Studio 8.18/lib/libc_v7em_fpv4_sp_d16_hard_t_le_eabi_balanced.a(fileops.o) (__aeabi_errno_addr)
C:/Program Files/SEGGER/SEGGER Embedded Studio 8.18/lib/libc_v7em_fpv4_sp_d16_hard_t_le_eabi_balanced.a(intops.o)
                              C:/Program Files/SEGGER/SEGGER Embedded Studio 8.18/lib/libc_v7em_fpv4_sp_d16_hard_t_le_eabi_balanced.a(__SEGGER_RTL_vfprintf_short_float_long.o) (abs)
C:/Program Files/SEGGER/SEGGER Embedded Studio 8.18/lib/libc_v7em_fpv4_sp_d16_hard_t_le_eabi_balanced.a(utilops.o)
                              C:/Program Files/SEGGER/SEGGER Embedded Studio 8.18/lib/libc_v7em_fpv4_sp_d16_hard_t_le_eabi_balanced.a(__SEGGER_RTL_vfprintf_short_float_long.o) (__SEGGER_RTL_pow10f)
C:/Program Files/SEGGER/SEGGER Embedded Studio 8.18/lib/libc_v7em_fpv4_sp_d16_hard_t_le_eabi_balanced.a(intasmops_arm.o)
                              C:/Program Files/SEGGER/SEGGER Embedded Studio 8.18/lib/libc_v7em_fpv4_sp_d16_hard_t_le_eabi_balanced.a(intops.o) (__aeabi_ldivmod)
C:/Program Files/SEGGER/SEGGER Embedded Studio 8.18/lib/prinops_rtt_v7em_fpv4_sp_d16_hard_t_le_eabi_balanced.a(prinops_rtt.o)
                              C:/Program Files/SEGGER/SEGGER Embedded Studio 8.18/lib/libc_v7em_fpv4_sp_d16_hard_t_le_eabi_balanced.a(fileops.o) (__SEGGER_RTL_X_file_stat)
C:/Program Files/SEGGER/SEGGER Embedded Studio 8.18/lib/heapops_basic_v7em_fpv4_sp_d16_hard_t_le_eabi_balanced.a(heapops_basic.o)
                              Output/Release/Obj/bno055_testing/thumb_crt0.o (__SEGGER_RTL_init_heap)
C:/Program Files/SEGGER/SEGGER Embedded Studio 8.18/lib/heapops_disable_interrupts_locking_v7em_fpv4_sp_d16_hard_t_le_eabi_balanced.a(heapops.o)
                              C:/Program Files/SEGGER/SEGGER Embedded Studio 8.18/lib/libc_v7em_fpv4_sp_d16_hard_t_le_eabi_balanced.a(prinops.o) (free)
C:/Program Files/SEGGER/SEGGER Embedded Studio 8.18/lib/strops_unaligned_v7em_fpv4_sp_d16_hard_t_le_eabi_balanced.a(strops.o)
                              Output/Release/Obj/bno055_testing/nrf_fprintf_format.o (strlen)
C:/Program Files/SEGGER/SEGGER Embedded Studio 8.18/lib/strops_unaligned_v7em_fpv4_sp_d16_hard_t_le_eabi_balanced.a(strasmops_arm.o)
                              C:/Program Files/SEGGER/SEGGER Embedded Studio 8.18/lib/strops_unaligned_v7em_fpv4_sp_d16_hard_t_le_eabi_balanced.a(strops.o) (strcmp)
C:/Program Files/SEGGER/SEGGER Embedded Studio 8.18/lib/mbops_timeops_v7em_fpv4_sp_d16_hard_t_le_eabi_balanced.a(mbops.o)
                              C:/Program Files/SEGGER/SEGGER Embedded Studio 8.18/lib/libc_v7em_fpv4_sp_d16_hard_t_le_eabi_balanced.a(prinops.o) (__SEGGER_RTL_current_locale)
C:/Program Files/SEGGER/SEGGER Embedded Studio 8.18/lib/mbops_timeops_v7em_fpv4_sp_d16_hard_t_le_eabi_balanced.a(timeops.o)
                              C:/Program Files/SEGGER/SEGGER Embedded Studio 8.18/lib/mbops_timeops_v7em_fpv4_sp_d16_hard_t_le_eabi_balanced.a(mbops.o) (__SEGGER_RTL_string_list_encode)
C:/Program Files/SEGGER/SEGGER Embedded Studio 8.18/lib/libc_v7em_fpv4_sp_d16_hard_t_le_eabi_balanced.a(execops.o)
                              C:/Program Files/SEGGER/SEGGER Embedded Studio 8.18/lib/strops_unaligned_v7em_fpv4_sp_d16_hard_t_le_eabi_balanced.a(strops.o) (__SEGGER_RTL_constraint_violation)
C:/Program Files/SEGGER/SEGGER Embedded Studio 8.18/lib/libc_v7em_fpv4_sp_d16_hard_t_le_eabi_balanced.a(execops_arm.o)
                              C:/Program Files/SEGGER/SEGGER Embedded Studio 8.18/lib/libc_v7em_fpv4_sp_d16_hard_t_le_eabi_balanced.a(execops.o) (__aeabi_SIGABRT)
[...]
Memory Configuration

Name             Origin             Length             Attributes
UNPLACED_SECTIONS 0x00000000         0x00000000         xw
RAM1             0x20000000         0x00010000         xw
FLASH1           0x00000000         0x00080000         xw
*default*        0x00000000         0xffffffff

Linker script and memory map

                0x20000000                        __RAM1_segment_start__ = 0x20000000
                0x20010000                        __RAM1_segment_end__ = 0x20010000
                0x00010000                        __RAM1_segment_size__ = 0x10000
                0x00000000                        __FLASH1_segment_start__ = 0x0
                0x00080000                        __FLASH1_segment_end__ = 0x80000
                0x00080000                        __FLASH1_segment_size__ = 0x80000
                0x00002000                        __HEAPSIZE__ = 0x2000
                0x00003304                        __SEGGER_RTL_vfprintf = __SEGGER_RTL_vfprintf_short_float_long
                0x00000000                        __SEGGER_RTL_vfscanf = __SEGGER_RTL_vfscanf_long
                0x00000000                        __STACKSIZE_PROCESS__ = 0x0
                0x00002000                        __STACKSIZE__ = 0x2000
                0x20000000                        __vectors_ram_load_start__ = 0x20000000

.vectors_ram    0x20000000        0x0
                0x20000000                        __vectors_ram_start__ = .
                0x20000000                        __app_ram_start__ = __vectors_ram_start__
 *(.vectors_ram .vectors_ram.*)
                0x20000000                        __vectors_ram_end__ = (__vectors_ram_start__ + SIZEOF (.vectors_ram))
                0x00000000                        __vectors_ram_size__ = SIZEOF (.vectors_ram)
                0x20000000                        __vectors_ram_load_end__ = __vectors_ram_end__
                0x00000001                        . = ASSERT (((__vectors_ram_start__ == __vectors_ram_end__) || ((__vectors_ram_end__ - __RAM1_segment_start__) <= __RAM1_segment_size__)), error: .vectors_ram is too large to fit in RAM1 memory segment)
                0x20000000                        __nrf_sections_run_load_start__ = ALIGN (__vectors_ram_end__, 0x4)

.nrf_sections_run
                0x20000000        0x0
                0x20000000                        __nrf_sections_run_start__ = .
                0x20000000                        __start_nrf_sections_run = __nrf_sections_run_start__
 *(.nrf_sections_run .nrf_sections_run.*)
                0x20000000                        __nrf_sections_run_end__ = (__nrf_sections_run_start__ + SIZEOF (.nrf_sections_run))
                0x00000000                        __nrf_sections_run_size__ = SIZEOF (.nrf_sections_run)
                0x20000000                        __nrf_sections_run_load_end__ = __nrf_sections_run_end__
                0x00000001                        . = ASSERT (((__nrf_sections_run_start__ == __nrf_sections_run_end__) || ((__nrf_sections_run_end__ - __RAM1_segment_start__) <= __RAM1_segment_size__)), error: .nrf_sections_run is too large to fit in RAM1 memory segment)
                0x00000000                        __vectors_load_start__ = 0x0

.vectors        0x00000000      0x200
                0x00000000                        __vectors_start__ = .
 *(.vectors .vectors.*)
 .vectors       0x00000000      0x200 Output/Release/Obj/bno055_testing/ses_startup_nrf52.o
                0x00000000                _vectors
                0x00000200                        __vectors_end__ = (__vectors_start__ + SIZEOF (.vectors))
                0x00000200                        __vectors_size__ = SIZEOF (.vectors)
                0x00000200                        __vectors_load_end__ = __vectors_end__
                0x00000001                        . = ASSERT (((__vectors_start__ == __vectors_end__) || ((__vectors_end__ - __FLASH1_segment_start__) <= __FLASH1_segment_size__)), error: .vectors is too large to fit in FLASH1 memory segment)
                0x00000200                        __init_load_start__ = ALIGN (__vectors_end__, 0x4)

.init           0x00000200      0x1e4
                0x00000200                        __init_start__ = .
 *(.init .init.*)
 .init          0x00000200       0x18 Output/Release/Obj/bno055_testing/ses_startup_nrf52.o
                0x00000200                NMI_Handler
                0x00000202                HardFault_Handler
                0x00000204                MemoryManagement_Handler
                0x00000206                BusFault_Handler
                0x00000208                UsageFault_Handler
                0x0000020a                SVC_Handler
                0x0000020c                DebugMon_Handler
                0x0000020e                PendSV_Handler
                0x00000210                SysTick_Handler
                0x00000212                PWM1_IRQHandler
                0x00000212                GPIOTE_IRQHandler
                0x00000212                SWI0_EGU0_IRQHandler
                0x00000212                POWER_CLOCK_IRQHandler
                0x00000212                RADIO_IRQHandler
                0x00000212                PDM_IRQHandler
                0x00000212                TEMP_IRQHandler
                0x00000212                RTC0_IRQHandler
                0x00000212                TIMER3_IRQHandler
                0x00000212                FPU_IRQHandler
                0x00000212                SWI2_EGU2_IRQHandler
                0x00000212                TIMER4_IRQHandler
                0x00000212                I2S_IRQHandler
                0x00000212                SWI4_EGU4_IRQHandler
                0x00000212                TIMER0_IRQHandler
                0x00000212                Dummy_Handler
                0x00000212                TIMER1_IRQHandler
                0x00000212                PWM2_IRQHandler
                0x00000212                ECB_IRQHandler
                0x00000212                SAADC_IRQHandler
                0x00000212                CCM_AAR_IRQHandler
                0x00000212                WDT_IRQHandler
                0x00000212                QDEC_IRQHandler
                0x00000212                SWI5_EGU5_IRQHandler
                0x00000212                RNG_IRQHandler
                0x00000212                RTC2_IRQHandler
                0x00000212                PWM0_IRQHandler
                0x00000212                SWI3_EGU3_IRQHandler
                0x00000212                RTC1_IRQHandler
                0x00000212                SWI1_EGU1_IRQHandler
                0x00000212                SPIM2_SPIS2_SPI2_IRQHandler
                0x00000212                NFCT_IRQHandler
                0x00000212                TIMER2_IRQHandler
                0x00000212                MWU_IRQHandler
                0x00000212                COMP_LPCOMP_IRQHandler
                0x00000214                nRFInitialize
 .init          0x00000218       0x5c Output/Release/Obj/bno055_testing/ses_startup_nrf_common.o
                0x00000218                Reset_Handler
                0x0000021c                afterInitialize
                0x00000240                InitializeUserMemorySections
 .init          0x00000274      0x170 Output/Release/Obj/bno055_testing/thumb_crt0.o
                0x00000274                _start
                0x00000322                exit
                0x00000322                _Exit
                0x000003e4                        __init_end__ = (__init_start__ + SIZEOF (.init))
                0x000001e4                        __init_size__ = SIZEOF (.init)
                0x000003e4                        __init_load_end__ = __init_end__
                0x00000001                        . = ASSERT (((__init_start__ == __init_end__) || ((__init_end__ - __FLASH1_segment_start__) <= __FLASH1_segment_size__)), error: .init is too large to fit in FLASH1 memory segment)
                0x000003e4                        __init_rodata_load_start__ = ALIGN (__init_end__, 0x4)

.init_rodata    0x000003e4        0x0
                0x000003e4                        __init_rodata_start__ = .
 *(.init_rodata .init_rodata.*)
                0x000003e4                        __init_rodata_end__ = (__init_rodata_start__ + SIZEOF (.init_rodata))
                0x00000000                        __init_rodata_size__ = SIZEOF (.init_rodata)
                0x000003e4                        __init_rodata_load_end__ = __init_rodata_end__
                0x00000001                        . = ASSERT (((__init_rodata_start__ == __init_rodata_end__) || ((__init_rodata_end__ - __FLASH1_segment_start__) <= __FLASH1_segment_size__)), error: .init_rodata is too large to fit in FLASH1 memory segment)
                0x000003e4                        __text_load_start__ = ALIGN (__init_rodata_end__, 0x4)

.text           0x000003e4     0x3f0e
                0x000003e4                        __text_start__ = .
 *(.text .text.* .gnu.linkonce.t.* .glue_7t .glue_7 .gcc_except_table .ARM.extab* .gnu.linkonce.armextab.*)
 .glue_7        0x000003e4        0x0 linker stubs
 .glue_7t       0x000003e4        0x0 linker stubs
 .text.nrf_delay_ms.part.0
                0x000003e4       0x1c Output/Release/Obj/bno055_testing/main.o
 .text.startup.main
                0x00000400       0x54 Output/Release/Obj/bno055_testing/main.o
                0x00000400                main
 .text.nrf52_errata_12
                0x00000454       0x1c Output/Release/Obj/bno055_testing/system_nrf52.o
 .text.nrf52_errata_16
                0x00000470       0x22 Output/Release/Obj/bno055_testing/system_nrf52.o
 *fill*         0x00000492        0x2 
 .text.nvmc_wait
                0x00000494       0x10 Output/Release/Obj/bno055_testing/system_nrf52.o
                0x00000494                nvmc_wait
 .text.SystemInit
                0x000004a4      0x278 Output/Release/Obj/bno055_testing/system_nrf52.o
                0x000004a4                SystemInit
 .text.twim_evt_handler
                0x0000071c       0x40 Output/Release/Obj/bno055_testing/nrf_drv_twi.o
 .text.nrfx_coredep_delay_us.part.0.constprop.0
                0x0000075c       0x10 Output/Release/Obj/bno055_testing/nrf_drv_twi.o
 .text.nrf_drv_twi_init
                0x0000076c       0xe0 Output/Release/Obj/bno055_testing/nrf_drv_twi.o
                0x0000076c                nrf_drv_twi_init
 .text.uarte_evt_handler
                0x0000084c       0x34 Output/Release/Obj/bno055_testing/nrf_drv_uart.o
 .text.uart_evt_handler
                0x00000880       0x34 Output/Release/Obj/bno055_testing/nrf_drv_uart.o
 .text.nrf_drv_uart_init
                0x000008b4       0x7c Output/Release/Obj/bno055_testing/nrf_drv_uart.o
                0x000008b4                nrf_drv_uart_init
 .text.UARTE0_UART0_IRQHandler
                0x00000930        0xc Output/Release/Obj/bno055_testing/nrfx_prs.o
                0x00000930                UARTE0_UART0_IRQHandler
 .text.nrfx_prs_acquire
                0x0000093c       0x34 Output/Release/Obj/bno055_testing/nrfx_prs.o
                0x0000093c                nrfx_prs_acquire
 .text.nrfx_prs_release
                0x00000970       0x18 Output/Release/Obj/bno055_testing/nrfx_prs.o
                0x00000970                nrfx_prs_release
 .text.nrf_twim_event_clear
                0x00000988       0x10 Output/Release/Obj/bno055_testing/nrfx_twim.o
 .text.xfer_completeness_check
                0x00000998       0x60 Output/Release/Obj/bno055_testing/nrfx_twim.o
 .text.twim_irq_handler
                0x000009f8      0x170 Output/Release/Obj/bno055_testing/nrfx_twim.o
 .text.SPIM0_SPIS0_TWIM0_TWIS0_SPI0_TWI0_IRQHandler
                0x00000b68       0x10 Output/Release/Obj/bno055_testing/nrfx_twim.o
                0x00000b68                SPIM0_SPIS0_TWIM0_TWIS0_SPI0_TWI0_IRQHandler
 .text.SPIM1_SPIS1_TWIM1_TWIS1_SPI1_TWI1_IRQHandler
                0x00000b78       0x10 Output/Release/Obj/bno055_testing/nrfx_twim.o
                0x00000b78                SPIM1_SPIS1_TWIM1_TWIS1_SPI1_TWI1_IRQHandler
 .text.nrfx_twim_init
                0x00000b88       0xd8 Output/Release/Obj/bno055_testing/nrfx_twim.o
                0x00000b88                nrfx_twim_init
 .text.nrfx_twim_enable
                0x00000c60       0x20 Output/Release/Obj/bno055_testing/nrfx_twim.o
                0x00000c60                nrfx_twim_enable
 .text.nrfx_twim_xfer
                0x00000c80      0x2d4 Output/Release/Obj/bno055_testing/nrfx_twim.o
                0x00000c80                nrfx_twim_xfer
 .text.nrfx_twim_tx
                0x00000f54       0x26 Output/Release/Obj/bno055_testing/nrfx_twim.o
                0x00000f54                nrfx_twim_tx
 .text.nrfx_twim_rx
                0x00000f7a       0x24 Output/Release/Obj/bno055_testing/nrfx_twim.o
                0x00000f7a                nrfx_twim_rx
 .text.nrf_uart_event_clear
                0x00000f9e       0x10 Output/Release/Obj/bno055_testing/nrfx_uart.o
 .text.tx_byte  0x00000fae       0x1e Output/Release/Obj/bno055_testing/nrfx_uart.o
 .text.rx_byte  0x00000fcc       0x2c Output/Release/Obj/bno055_testing/nrfx_uart.o
 .text.rx_done_event.constprop.0
                0x00000ff8       0x20 Output/Release/Obj/bno055_testing/nrfx_uart.o
 .text.nrfx_uart_0_irq_handler
                0x00001018      0x140 Output/Release/Obj/bno055_testing/nrfx_uart.o
                0x00001018                nrfx_uart_0_irq_handler
 .text.nrfx_uart_init
                0x00001158      0x164 Output/Release/Obj/bno055_testing/nrfx_uart.o
                0x00001158                nrfx_uart_init
 .text.nrfx_uart_uninit
                0x000012bc       0xd4 Output/Release/Obj/bno055_testing/nrfx_uart.o
                0x000012bc                nrfx_uart_uninit
 .text.nrfx_uart_tx_in_progress
                0x00001390       0x18 Output/Release/Obj/bno055_testing/nrfx_uart.o
                0x00001390                nrfx_uart_tx_in_progress
 .text.nrfx_uart_tx
                0x000013a8       0x98 Output/Release/Obj/bno055_testing/nrfx_uart.o
                0x000013a8                nrfx_uart_tx
 .text.nrf_uarte_event_clear
                0x00001440       0x10 Output/Release/Obj/bno055_testing/nrfx_uarte.o
 .text.rx_done_event.constprop.0
                0x00001450       0x20 Output/Release/Obj/bno055_testing/nrfx_uarte.o
 .text.nrfx_uarte_0_irq_handler
                0x00001470      0x118 Output/Release/Obj/bno055_testing/nrfx_uarte.o
                0x00001470                nrfx_uarte_0_irq_handler
 .text.nrfx_uarte_init
                0x00001588      0x178 Output/Release/Obj/bno055_testing/nrfx_uarte.o
                0x00001588                nrfx_uarte_init
 .text.nrfx_uarte_uninit
                0x00001700      0x118 Output/Release/Obj/bno055_testing/nrfx_uarte.o
                0x00001700                nrfx_uarte_uninit
 .text.nrfx_uarte_tx_in_progress
                0x00001818       0x18 Output/Release/Obj/bno055_testing/nrfx_uarte.o
                0x00001818                nrfx_uarte_tx_in_progress
 .text.nrfx_uarte_tx
                0x00001830       0x94 Output/Release/Obj/bno055_testing/nrfx_uarte.o
                0x00001830                nrfx_uarte_tx
 .text.app_error_handler_bare
                0x000018c4       0x1a Output/Release/Obj/bno055_testing/app_error.o
                0x000018c4                app_error_handler_bare
 *fill*         0x000018de        0x2 
 .text.app_error_fault_handler
                0x000018e0       0x6c Output/Release/Obj/bno055_testing/app_error_weak.o
                0x000018e0                app_error_fault_handler
 .text.app_util_disable_irq
                0x0000194c       0x10 Output/Release/Obj/bno055_testing/app_util_platform.o
                0x0000194c                app_util_disable_irq
 .text.app_util_enable_irq
                0x0000195c       0x14 Output/Release/Obj/bno055_testing/app_util_platform.o
                0x0000195c                app_util_enable_irq
 .text.app_util_critical_region_enter
                0x00001970        0x4 Output/Release/Obj/bno055_testing/app_util_platform.o
                0x00001970                app_util_critical_region_enter
 .text.app_util_critical_region_exit
                0x00001974        0x4 Output/Release/Obj/bno055_testing/app_util_platform.o
                0x00001974                app_util_critical_region_exit
 .text.nrf_atomic_u32_fetch_store
                0x00001978       0x16 Output/Release/Obj/bno055_testing/nrf_atomic.o
                0x00001978                nrf_atomic_u32_fetch_store
 .text.nrf_atomic_u32_or
                0x0000198e       0x18 Output/Release/Obj/bno055_testing/nrf_atomic.o
                0x0000198e                nrf_atomic_u32_or
 .text.nrf_atomic_u32_fetch_and
                0x000019a6       0x18 Output/Release/Obj/bno055_testing/nrf_atomic.o
                0x000019a6                nrf_atomic_u32_fetch_and
 .text.nrf_atomic_u32_add
                0x000019be       0x18 Output/Release/Obj/bno055_testing/nrf_atomic.o
                0x000019be                nrf_atomic_u32_add
 .text.nrf_atomic_u32_sub
                0x000019d6       0x18 Output/Release/Obj/bno055_testing/nrf_atomic.o
                0x000019d6                nrf_atomic_u32_sub
 .text.nrf_atomic_flag_set
                0x000019ee        0x6 Output/Release/Obj/bno055_testing/nrf_atomic.o
                0x000019ee                nrf_atomic_flag_set
 .text.nrf_atomic_flag_clear_fetch
                0x000019f4        0x6 Output/Release/Obj/bno055_testing/nrf_atomic.o
                0x000019f4                nrf_atomic_flag_clear_fetch
 .text.nrf_balloc_alloc
                0x000019fa       0x40 Output/Release/Obj/bno055_testing/nrf_balloc.o
                0x000019fa                nrf_balloc_alloc
 .text.nrf_balloc_free
                0x00001a3a       0x2a Output/Release/Obj/bno055_testing/nrf_balloc.o
                0x00001a3a                nrf_balloc_free
 .text.nrf_fprintf_buffer_flush
                0x00001a64       0x16 Output/Release/Obj/bno055_testing/nrf_fprintf.o
                0x00001a64                nrf_fprintf_buffer_flush
 .text.nrf_fprintf
                0x00001a7a       0x1c Output/Release/Obj/bno055_testing/nrf_fprintf.o
                0x00001a7a                nrf_fprintf
 .text.buffer_add
                0x00001a96       0x2e Output/Release/Obj/bno055_testing/nrf_fprintf_format.o
 .text.unsigned_print
                0x00001ac4       0xb4 Output/Release/Obj/bno055_testing/nrf_fprintf_format.o
 .text.nrf_fprintf_fmt
                0x00001b78      0x2bc Output/Release/Obj/bno055_testing/nrf_fprintf_format.o
                0x00001b78                nrf_fprintf_fmt
 .text.memobj_op
                0x00001e34       0x86 Output/Release/Obj/bno055_testing/nrf_memobj.o
 .text.nrf_memobj_free
                0x00001eba       0x2c Output/Release/Obj/bno055_testing/nrf_memobj.o
                0x00001eba                nrf_memobj_free
 .text.nrf_memobj_alloc
                0x00001ee6       0x58 Output/Release/Obj/bno055_testing/nrf_memobj.o
                0x00001ee6                nrf_memobj_alloc
 .text.nrf_memobj_get
                0x00001f3e        0x8 Output/Release/Obj/bno055_testing/nrf_memobj.o
                0x00001f3e                nrf_memobj_get
 .text.nrf_memobj_put
                0x00001f46       0x1c Output/Release/Obj/bno055_testing/nrf_memobj.o
                0x00001f46                nrf_memobj_put
 .text.nrf_memobj_write
                0x00001f62       0x14 Output/Release/Obj/bno055_testing/nrf_memobj.o
                0x00001f62                nrf_memobj_write
 .text.nrf_memobj_read
                0x00001f76       0x14 Output/Release/Obj/bno055_testing/nrf_memobj.o
                0x00001f76                nrf_memobj_read
 .text.nrf_log_backend_serial_put
                0x00001f8a       0xc2 Output/Release/Obj/bno055_testing/nrf_log_backend_serial.o
                0x00001f8a                nrf_log_backend_serial_put
 .text.uart_evt_handler
                0x0000204c        0xc Output/Release/Obj/bno055_testing/nrf_log_backend_uart.o
 .text.nrf_log_backend_uart_flush
                0x00002058        0x2 Output/Release/Obj/bno055_testing/nrf_log_backend_uart.o
 *fill*         0x0000205a        0x2 
 .text.uart_init
                0x0000205c       0x4c Output/Release/Obj/bno055_testing/nrf_log_backend_uart.o
 .text.nrf_log_backend_uart_put
                0x000020a8       0x1c Output/Release/Obj/bno055_testing/nrf_log_backend_uart.o
 .text.serial_tx
                0x000020c4       0x48 Output/Release/Obj/bno055_testing/nrf_log_backend_uart.o
 .text.nrf_log_backend_uart_panic_set
                0x0000210c       0x2c Output/Release/Obj/bno055_testing/nrf_log_backend_uart.o
 .text.invalid_packets_omit
                0x00002138       0x38 Output/Release/Obj/bno055_testing/nrf_log_frontend.o
 .text.buf_prealloc
                0x00002170      0x110 Output/Release/Obj/bno055_testing/nrf_log_frontend.o
 .text.nrf_log_module_name_get
                0x00002280       0x38 Output/Release/Obj/bno055_testing/nrf_log_frontend.o
                0x00002280                nrf_log_module_name_get
 .text.nrf_log_color_id_get
                0x000022b8       0x2c Output/Release/Obj/bno055_testing/nrf_log_frontend.o
                0x000022b8                nrf_log_color_id_get
 .text.log_pending_hook
                0x000022e4        0x2 Output/Release/Obj/bno055_testing/nrf_log_frontend.o
                0x000022e4                log_pending_hook
 *fill*         0x000022e6        0x2 
 .text.buffer_is_empty
                0x000022e8       0x14 Output/Release/Obj/bno055_testing/nrf_log_frontend.o
                0x000022e8                buffer_is_empty
 .text.nrf_log_frontend_dequeue
                0x000022fc      0x1f0 Output/Release/Obj/bno055_testing/nrf_log_frontend.o
                0x000022fc                nrf_log_frontend_dequeue
 .text.std_n    0x000024ec       0x90 Output/Release/Obj/bno055_testing/nrf_log_frontend.o
 .text.nrf_log_frontend_std_0
                0x0000257c        0x8 Output/Release/Obj/bno055_testing/nrf_log_frontend.o
                0x0000257c                nrf_log_frontend_std_0
 .text.nrf_log_panic
                0x00002584       0x28 Output/Release/Obj/bno055_testing/nrf_log_frontend.o
                0x00002584                nrf_log_panic
 .text.postfix_process
                0x000025ac       0x3c Output/Release/Obj/bno055_testing/nrf_log_str_formatter.o
 .text.prefix_process.constprop.0
                0x000025e8       0x78 Output/Release/Obj/bno055_testing/nrf_log_str_formatter.o
 .text.nrf_log_std_entry_process
                0x00002660       0xc8 Output/Release/Obj/bno055_testing/nrf_log_str_formatter.o
                0x00002660                nrf_log_std_entry_process
 .text.nrf_log_hexdump_entry_process
                0x00002728       0xb8 Output/Release/Obj/bno055_testing/nrf_log_str_formatter.o
                0x00002728                nrf_log_hexdump_entry_process
 .text._GetAvailWriteSpace
                0x000027e0       0x12 Output/Release/Obj/bno055_testing/SEGGER_RTT.o
 .text._WriteNoCheck
                0x000027f2       0x36 Output/Release/Obj/bno055_testing/SEGGER_RTT.o
 .text._WriteBlocking
                0x00002828       0x54 Output/Release/Obj/bno055_testing/SEGGER_RTT.o
 .text._DoInit  0x0000287c       0x60 Output/Release/Obj/bno055_testing/SEGGER_RTT.o
 .text.SEGGER_RTT_WriteNoLock
                0x000028dc       0x58 Output/Release/Obj/bno055_testing/SEGGER_RTT.o
                0x000028dc                SEGGER_RTT_WriteNoLock
 .text.SEGGER_RTT_Write
                0x00002934       0x34 Output/Release/Obj/bno055_testing/SEGGER_RTT.o
                0x00002934                SEGGER_RTT_Write
 .text.nrf_delay_ms.part.0
                0x00002968       0x1c Output/Release/Obj/bno055_testing/BNO055.o
 .text.setup_bno055
                0x00002984       0xbc Output/Release/Obj/bno055_testing/BNO055.o
                0x00002984                setup_bno055
 .text.i2c_scanner_bno055
                0x00002a40       0x68 Output/Release/Obj/bno055_testing/BNO055.o
                0x00002a40                i2c_scanner_bno055
 .text.displayCalStatus
                0x00002aa8       0x94 Output/Release/Obj/bno055_testing/BNO055.o
                0x00002aa8                displayCalStatus
 .text.read_euler
                0x00002b3c       0xe8 Output/Release/Obj/bno055_testing/BNO055.o
                0x00002b3c                read_euler
 .text.is_twi_initialized
                0x00002c24        0xc Output/Release/Obj/bno055_testing/twi_init.o
                0x00002c24                is_twi_initialized
 .text.twi_init
                0x00002c30       0x54 Output/Release/Obj/bno055_testing/twi_init.o
                0x00002c30                twi_init
 .text.libc.putchar
                0x00002c84        0xe C:/Program Files/SEGGER/SEGGER Embedded Studio 8.18/lib/libc_v7em_fpv4_sp_d16_hard_t_le_eabi_balanced.a(fileops.o)
                0x00002c84                putchar
 .text.libc.fputc
                0x00002c92       0x22 C:/Program Files/SEGGER/SEGGER Embedded Studio 8.18/lib/libc_v7em_fpv4_sp_d16_hard_t_le_eabi_balanced.a(fileops.o)
                0x00002c92                fputc
 .text.libc.puts
                0x00002cb4       0x32 C:/Program Files/SEGGER/SEGGER Embedded Studio 8.18/lib/libc_v7em_fpv4_sp_d16_hard_t_le_eabi_balanced.a(fileops.o)
                0x00002cb4                puts
 .text.libc.fwrite
                0x00002ce6       0x2e C:/Program Files/SEGGER/SEGGER Embedded Studio 8.18/lib/libc_v7em_fpv4_sp_d16_hard_t_le_eabi_balanced.a(fileops.o)
                0x00002ce6                fwrite
 .text.libc.__SEGGER_RTL_float32_isnan
                0x00002d14       0x10 C:/Program Files/SEGGER/SEGGER Embedded Studio 8.18/lib/libc_v7em_fpv4_sp_d16_hard_t_le_eabi_balanced.a(floatops.o)
                0x00002d14                __SEGGER_RTL_float32_isnan
 .text.libc.__SEGGER_RTL_float32_isinf
                0x00002d24       0x14 C:/Program Files/SEGGER/SEGGER Embedded Studio 8.18/lib/libc_v7em_fpv4_sp_d16_hard_t_le_eabi_balanced.a(floatops.o)
                0x00002d24                __SEGGER_RTL_float32_isinf
 .text.libc.__SEGGER_RTL_float32_isnormal
                0x00002d38       0x1a C:/Program Files/SEGGER/SEGGER Embedded Studio 8.18/lib/libc_v7em_fpv4_sp_d16_hard_t_le_eabi_balanced.a(floatops.o)
                0x00002d38                __SEGGER_RTL_float32_isnormal
 .text.libc.__SEGGER_RTL_float32_signbit
                0x00002d52        0x8 C:/Program Files/SEGGER/SEGGER Embedded Studio 8.18/lib/libc_v7em_fpv4_sp_d16_hard_t_le_eabi_balanced.a(floatops.o)
                0x00002d52                __SEGGER_RTL_float32_signbit
 .text.libc.ldexpf
                0x00002d5a       0x3c C:/Program Files/SEGGER/SEGGER Embedded Studio 8.18/lib/libc_v7em_fpv4_sp_d16_hard_t_le_eabi_balanced.a(floatops.o)
                0x00002d5a                ldexpf
 .text.libc.frexpf
                0x00002d96       0x2c C:/Program Files/SEGGER/SEGGER Embedded Studio 8.18/lib/libc_v7em_fpv4_sp_d16_hard_t_le_eabi_balanced.a(floatops.o)
                0x00002d96                frexpf
 *fill*         0x00002dc2        0x2 
 .text.libc.fmodf
                0x00002dc4      0x114 C:/Program Files/SEGGER/SEGGER Embedded Studio 8.18/lib/libc_v7em_fpv4_sp_d16_hard_t_le_eabi_balanced.a(floatops.o)
                0x00002dc4                fmodf
 .text.libc.floorf
                0x00002ed8       0x6c C:/Program Files/SEGGER/SEGGER Embedded Studio 8.18/lib/libc_v7em_fpv4_sp_d16_hard_t_le_eabi_balanced.a(floatops.o)
                0x00002ed8                floorf
 .text.libc.__aeabi_dmul
                0x00002f44      0x130 C:/Program Files/SEGGER/SEGGER Embedded Studio 8.18/lib/libc_v7em_fpv4_sp_d16_hard_t_le_eabi_balanced.a(floatasmops_arm.o)
                0x00002f44                __aeabi_dmul
 .text.libc.__aeabi_f2ulz
                0x00003074       0x40 C:/Program Files/SEGGER/SEGGER Embedded Studio 8.18/lib/libc_v7em_fpv4_sp_d16_hard_t_le_eabi_balanced.a(floatasmops_arm.o)
                0x00003074                __aeabi_f2ulz
 .text.libc.__aeabi_i2d
                0x000030b4       0x24 C:/Program Files/SEGGER/SEGGER Embedded Studio 8.18/lib/libc_v7em_fpv4_sp_d16_hard_t_le_eabi_balanced.a(floatasmops_arm.o)
                0x000030b4                __aeabi_i2d
 .text.libc.__aeabi_ul2f
                0x000030d8       0x54 C:/Program Files/SEGGER/SEGGER Embedded Studio 8.18/lib/libc_v7em_fpv4_sp_d16_hard_t_le_eabi_balanced.a(floatasmops_arm.o)
                0x000030d8                __aeabi_ul2f
 .text.libc.__aeabi_d2f
                0x0000312c       0x4c C:/Program Files/SEGGER/SEGGER Embedded Studio 8.18/lib/libc_v7em_fpv4_sp_d16_hard_t_le_eabi_balanced.a(floatasmops_arm.o)
                0x0000312c                __aeabi_d2f
 .text.libc.__SEGGER_RTL_putc
                0x00003178       0x84 C:/Program Files/SEGGER/SEGGER Embedded Studio 8.18/lib/libc_v7em_fpv4_sp_d16_hard_t_le_eabi_balanced.a(prinops.o)
                0x00003178                __SEGGER_RTL_putc
 .text.libc.__SEGGER_RTL_prin_flush
                0x000031fc       0x1c C:/Program Files/SEGGER/SEGGER Embedded Studio 8.18/lib/libc_v7em_fpv4_sp_d16_hard_t_le_eabi_balanced.a(prinops.o)
                0x000031fc                __SEGGER_RTL_prin_flush
 .text.libc.__SEGGER_RTL_print_padding
                0x00003218       0x1c C:/Program Files/SEGGER/SEGGER Embedded Studio 8.18/lib/libc_v7em_fpv4_sp_d16_hard_t_le_eabi_balanced.a(prinops.o)
                0x00003218                __SEGGER_RTL_print_padding
 .text.libc.__SEGGER_RTL_pre_padding
                0x00003234       0x12 C:/Program Files/SEGGER/SEGGER Embedded Studio 8.18/lib/libc_v7em_fpv4_sp_d16_hard_t_le_eabi_balanced.a(prinops.o)
                0x00003234                __SEGGER_RTL_pre_padding
 .text.libc.vfprintf
                0x00003246       0x1c C:/Program Files/SEGGER/SEGGER Embedded Studio 8.18/lib/libc_v7em_fpv4_sp_d16_hard_t_le_eabi_balanced.a(prinops.o)
                0x00003246                vfprintf
 .text.libc.vfprintf_l
                0x00003262       0x6c C:/Program Files/SEGGER/SEGGER Embedded Studio 8.18/lib/libc_v7em_fpv4_sp_d16_hard_t_le_eabi_balanced.a(prinops.o)
                0x00003262                vfprintf_l
 .text.libc.__SEGGER_RTL_stream_write
                0x000032ce        0xa C:/Program Files/SEGGER/SEGGER Embedded Studio 8.18/lib/libc_v7em_fpv4_sp_d16_hard_t_le_eabi_balanced.a(prinops.o)
 .text.libc.printf
                0x000032d8       0x2a C:/Program Files/SEGGER/SEGGER Embedded Studio 8.18/lib/libc_v7em_fpv4_sp_d16_hard_t_le_eabi_balanced.a(prinops.o)
                0x000032d8                printf
 *fill*         0x00003302        0x2 
 .text.libc.__SEGGER_RTL_vfprintf_short_float_long
                0x00003304      0xbc4 C:/Program Files/SEGGER/SEGGER Embedded Studio 8.18/lib/libc_v7em_fpv4_sp_d16_hard_t_le_eabi_balanced.a(__SEGGER_RTL_vfprintf_short_float_long.o)
                0x00003304                __SEGGER_RTL_vfprintf_short_float_long
 .text.libc.abs
                0x00003ec8        0x8 C:/Program Files/SEGGER/SEGGER Embedded Studio 8.18/lib/libc_v7em_fpv4_sp_d16_hard_t_le_eabi_balanced.a(intops.o)
                0x00003ec8                abs
 .text.libc.__SEGGER_RTL_pow10f
                0x00003ed0       0x3a C:/Program Files/SEGGER/SEGGER Embedded Studio 8.18/lib/libc_v7em_fpv4_sp_d16_hard_t_le_eabi_balanced.a(utilops.o)
                0x00003ed0                __SEGGER_RTL_pow10f
 *fill*         0x00003f0a        0x2 
 .text.libc.__aeabi_uldivmod
                0x00003f0c      0x130 C:/Program Files/SEGGER/SEGGER Embedded Studio 8.18/lib/libc_v7em_fpv4_sp_d16_hard_t_le_eabi_balanced.a(intasmops_arm.o)
                0x00003f0c                __aeabi_uldivmod
 .text.libc.__SEGGER_RTL_X_file_stat
                0x0000403c       0x38 C:/Program Files/SEGGER/SEGGER Embedded Studio 8.18/lib/prinops_rtt_v7em_fpv4_sp_d16_hard_t_le_eabi_balanced.a(prinops_rtt.o)
                0x0000403c                __SEGGER_RTL_X_file_stat
 .text.libc.__SEGGER_RTL_X_file_bufsize
                0x00004074        0x4 C:/Program Files/SEGGER/SEGGER Embedded Studio 8.18/lib/prinops_rtt_v7em_fpv4_sp_d16_hard_t_le_eabi_balanced.a(prinops_rtt.o)
                0x00004074                __SEGGER_RTL_X_file_bufsize
 .text.libc.__SEGGER_RTL_X_file_write
                0x00004078        0x6 C:/Program Files/SEGGER/SEGGER Embedded Studio 8.18/lib/prinops_rtt_v7em_fpv4_sp_d16_hard_t_le_eabi_balanced.a(prinops_rtt.o)
                0x00004078                __SEGGER_RTL_X_file_write
 .text.libc.__SEGGER_RTL_init_heap
                0x0000407e       0x18 C:/Program Files/SEGGER/SEGGER Embedded Studio 8.18/lib/heapops_basic_v7em_fpv4_sp_d16_hard_t_le_eabi_balanced.a(heapops_basic.o)
                0x0000407e                __SEGGER_RTL_init_heap
 .text.libc.strlen
                0x00004096       0x2c C:/Program Files/SEGGER/SEGGER Embedded Studio 8.18/lib/strops_unaligned_v7em_fpv4_sp_d16_hard_t_le_eabi_balanced.a(strops.o)
                0x00004096                strlen
 .text.libc.strnlen
                0x000040c2       0x4c C:/Program Files/SEGGER/SEGGER Embedded Studio 8.18/lib/strops_unaligned_v7em_fpv4_sp_d16_hard_t_le_eabi_balanced.a(strops.o)
                0x000040c2                strnlen
 *fill*         0x0000410e        0x2 
 .text.libc.strcpy
                0x00004110       0x30 C:/Program Files/SEGGER/SEGGER Embedded Studio 8.18/lib/strops_unaligned_v7em_fpv4_sp_d16_hard_t_le_eabi_balanced.a(strasmops_arm.o)
                0x00004110                strcpy
 .text.libc.memcpy
                0x00004140       0x5c C:/Program Files/SEGGER/SEGGER Embedded Studio 8.18/lib/strops_unaligned_v7em_fpv4_sp_d16_hard_t_le_eabi_balanced.a(strasmops_arm.o)
                0x00004140                __aeabi_memcpy
                0x00004140                memcpy
                0x0000415e                __aeabi_memcpy8
                0x0000415e                __aeabi_memcpy4
 .text.libc.__aeabi_memclr
                0x0000419c       0x68 C:/Program Files/SEGGER/SEGGER Embedded Studio 8.18/lib/strops_unaligned_v7em_fpv4_sp_d16_hard_t_le_eabi_balanced.a(strasmops_arm.o)
                0x0000419c                __aeabi_memclr8
                0x0000419c                __aeabi_memclr
                0x0000419c                __aeabi_memclr4
                0x0000419e                __aeabi_memset4
                0x0000419e                __aeabi_memset8
                0x0000419e                __aeabi_memset
                0x000041a4                memset
 .text.libc.__SEGGER_RTL_current_locale
                0x00004204       0x18 C:/Program Files/SEGGER/SEGGER Embedded Studio 8.18/lib/mbops_timeops_v7em_fpv4_sp_d16_hard_t_le_eabi_balanced.a(mbops.o)
                0x00004204                __SEGGER_RTL_current_locale
 .text.libc.__SEGGER_RTL_ascii_mbtowc
                0x0000421c       0x34 C:/Program Files/SEGGER/SEGGER Embedded Studio 8.18/lib/mbops_timeops_v7em_fpv4_sp_d16_hard_t_le_eabi_balanced.a(mbops.o)
                0x0000421c                __SEGGER_RTL_ascii_mbtowc
 .text.libc.__SEGGER_RTL_ascii_wctomb
                0x00004250        0xe C:/Program Files/SEGGER/SEGGER Embedded Studio 8.18/lib/mbops_timeops_v7em_fpv4_sp_d16_hard_t_le_eabi_balanced.a(mbops.o)
                0x00004250                __SEGGER_RTL_ascii_wctomb
 .text.libc.isprint
                0x0000425e       0x20 C:/Program Files/SEGGER/SEGGER Embedded Studio 8.18/lib/mbops_timeops_v7em_fpv4_sp_d16_hard_t_le_eabi_balanced.a(mbops.o)
                0x0000425e                isprint
 .text.libc.__SEGGER_RTL_ascii_isctype
                0x0000427e       0x20 C:/Program Files/SEGGER/SEGGER Embedded Studio 8.18/lib/mbops_timeops_v7em_fpv4_sp_d16_hard_t_le_eabi_balanced.a(mbops.o)
 .text.libc.__SEGGER_RTL_ascii_toupper
                0x0000429e        0xc C:/Program Files/SEGGER/SEGGER Embedded Studio 8.18/lib/mbops_timeops_v7em_fpv4_sp_d16_hard_t_le_eabi_balanced.a(mbops.o)
 .text.libc.__SEGGER_RTL_ascii_tolower
                0x000042aa        0xe C:/Program Files/SEGGER/SEGGER Embedded Studio 8.18/lib/mbops_timeops_v7em_fpv4_sp_d16_hard_t_le_eabi_balanced.a(mbops.o)
 .text.libc.__SEGGER_RTL_ascii_iswctype
                0x000042b8       0x20 C:/Program Files/SEGGER/SEGGER Embedded Studio 8.18/lib/mbops_timeops_v7em_fpv4_sp_d16_hard_t_le_eabi_balanced.a(mbops.o)
 .text.libc.__SEGGER_RTL_ascii_towupper
                0x000042d8        0xc C:/Program Files/SEGGER/SEGGER Embedded Studio 8.18/lib/mbops_timeops_v7em_fpv4_sp_d16_hard_t_le_eabi_balanced.a(mbops.o)
 .text.libc.__SEGGER_RTL_ascii_towlower
                0x000042e4        0xe C:/Program Files/SEGGER/SEGGER Embedded Studio 8.18/lib/mbops_timeops_v7em_fpv4_sp_d16_hard_t_le_eabi_balanced.a(mbops.o)
                0x000042f2                        __text_end__ = (__text_start__ + SIZEOF (.text))
                0x00003f0e                        __text_size__ = SIZEOF (.text)
                0x000042f2                        __text_load_end__ = __text_end__

.vfp11_veneer   0x00000000        0x0
 .vfp11_veneer  0x00000000        0x0 linker stubs

.v4_bx          0x00000000        0x0
 .v4_bx         0x00000000        0x0 linker stubs

.iplt           0x00000000        0x0
 .iplt          0x00000000        0x0 Output/Release/Obj/bno055_testing/main.o
                0x00000001                        . = ASSERT (((__text_start__ == __text_end__) || ((__text_end__ - __FLASH1_segment_start__) <= __FLASH1_segment_size__)), error: .text is too large to fit in FLASH1 memory segment)
                0x000042f4                        __log_const_data_load_start__ = ALIGN (__text_end__, 0x4)

.log_const_data
                0x000042f4       0x28
                0x000042f4                        __log_const_data_start__ = .
                0x000042f4                        __start_log_const_data = __log_const_data_start__
 *(SORT_BY_NAME(.log_const_data*))
 .log_const_data_PRS
                0x000042f4        0x8 Output/Release/Obj/bno055_testing/nrfx_prs.o
                0x000042f4                m_nrf_log_PRS_logs_data_const
 .log_const_data_TWIM
                0x000042fc        0x8 Output/Release/Obj/bno055_testing/nrfx_twim.o
                0x000042fc                m_nrf_log_TWIM_logs_data_const
 .log_const_data_UART
                0x00004304        0x8 Output/Release/Obj/bno055_testing/nrfx_uart.o
                0x00004304                m_nrf_log_UART_logs_data_const
 .log_const_data_UARTE
                0x0000430c        0x8 Output/Release/Obj/bno055_testing/nrfx_uarte.o
                0x0000430c                m_nrf_log_UARTE_logs_data_const
 .log_const_data_app
                0x00004314        0x8 Output/Release/Obj/bno055_testing/nrf_log_frontend.o
                0x00004314                m_nrf_log_app_logs_data_const
                0x0000431c                        __log_const_data_end__ = (__log_const_data_start__ + SIZEOF (.log_const_data))
                0x00000028                        __log_const_data_size__ = SIZEOF (.log_const_data)
                0x0000431c                        __stop_log_const_data = __log_const_data_end__
                0x0000431c                        __log_const_data_load_end__ = __log_const_data_end__
                0x00000001                        . = ASSERT (((__log_const_data_start__ == __log_const_data_end__) || ((__log_const_data_end__ - __FLASH1_segment_start__) <= __FLASH1_segment_size__)), error: .log_const_data is too large to fit in FLASH1 memory segment)
                0x0000431c                        __log_backends_load_start__ = ALIGN (__log_const_data_end__, 0x4)

.log_backends   0x0000431c       0x10
                0x0000431c                        __log_backends_start__ = .
                0x0000431c                        __start_log_backends = __log_backends_start__
 *(SORT_BY_NAME(.log_backends*))
 .log_backends  0x0000431c       0x10 Output/Release/Obj/bno055_testing/nrf_log_default_backends.o
                0x0000432c                        __log_backends_end__ = (__log_backends_start__ + SIZEOF (.log_backends))
                0x00000010                        __log_backends_size__ = SIZEOF (.log_backends)
                0x0000432c                        __stop_log_backends = __log_backends_end__
                0x0000432c                        __log_backends_load_end__ = __log_backends_end__
                0x00000001                        . = ASSERT (((__log_backends_start__ == __log_backends_end__) || ((__log_backends_end__ - __FLASH1_segment_start__) <= __FLASH1_segment_size__)), error: .log_backends is too large to fit in FLASH1 memory segment)
                0x0000432c                        __nrf_balloc_load_start__ = ALIGN (__log_backends_end__, 0x4)

.nrf_balloc     0x0000432c       0x14
                0x0000432c                        __nrf_balloc_start__ = .
                0x0000432c                        __start_nrf_balloc = __nrf_balloc_start__
 *(.nrf_balloc*)
 .nrf_balloc    0x0000432c       0x14 Output/Release/Obj/bno055_testing/nrf_log_frontend.o
                0x0000432c                log_mempool
                0x00004340                        __nrf_balloc_end__ = (__nrf_balloc_start__ + SIZEOF (.nrf_balloc))
                0x00000014                        __nrf_balloc_size__ = SIZEOF (.nrf_balloc)
                0x00004340                        __stop_nrf_balloc = __nrf_balloc_end__
                0x00004340                        __nrf_balloc_load_end__ = __nrf_balloc_end__
                0x00000001                        . = ASSERT (((__nrf_balloc_start__ == __nrf_balloc_end__) || ((__nrf_balloc_end__ - __FLASH1_segment_start__) <= __FLASH1_segment_size__)), error: .nrf_balloc is too large to fit in FLASH1 memory segment)
                0x00004340                        __nrf_sections_load_start__ = ALIGN (__nrf_balloc_end__, 0x4)

.nrf_sections   0x00004340        0x0
                0x00004340                        __nrf_sections_start__ = .
                0x00004340                        __start_nrf_sections = __nrf_sections_start__
 *(.nrf_sections .nrf_sections.*)
                0x00004340                        __nrf_sections_end__ = (__nrf_sections_start__ + SIZEOF (.nrf_sections))
                0x00000000                        __nrf_sections_size__ = SIZEOF (.nrf_sections)
                0x00004340                        __nrf_sections_load_end__ = __nrf_sections_end__
                0x00000001                        . = ASSERT (((__nrf_sections_start__ == __nrf_sections_end__) || ((__nrf_sections_end__ - __FLASH1_segment_start__) <= __FLASH1_segment_size__)), error: .nrf_sections is too large to fit in FLASH1 memory segment)
                0x00004340                        __log_dynamic_data_load_start__ = ALIGN (__nrf_sections_end__, 0x4)

.log_dynamic_data
                0x20000000        0x0 load address 0x00004340
                0x20000000                        __log_dynamic_data_start__ = .
 *(SORT_BY_NAME(.log_dynamic_data*))
                0x20000000                        __log_dynamic_data_end__ = (__log_dynamic_data_start__ + SIZEOF (.log_dynamic_data))
                0x00000000                        __log_dynamic_data_size__ = SIZEOF (.log_dynamic_data)
                0x00004340                        __log_dynamic_data_load_end__ = (__log_dynamic_data_load_start__ + SIZEOF (.log_dynamic_data))
                0x00000001                        . = ASSERT (((__log_dynamic_data_load_start__ == __log_dynamic_data_load_end__) || ((__log_dynamic_data_load_end__ - __FLASH1_segment_start__) <= __FLASH1_segment_size__)), error: .log_dynamic_data is too large to fit in FLASH1 memory segment)

.log_dynamic_data_run
                0x20000000        0x0
                0x20000000                        __log_dynamic_data_run_start__ = .
                0x20000000                        __start_log_dynamic_data = __log_dynamic_data_run_start__
                0x20000000                        __log_dynamic_data_run_end__ = (__log_dynamic_data_run_start__ + SIZEOF (.log_dynamic_data))
                0x00000000                        __log_dynamic_data_run_size__ = (__log_dynamic_data_run_end__ - __log_dynamic_data_run_start__)
                0x20000000                        __stop_log_dynamic_data = __log_dynamic_data_run_end__
                0x20000000                        __log_dynamic_data_run_load_end__ = __log_dynamic_data_run_end__
                0x00000001                        . = ASSERT (((__log_dynamic_data_run_start__ == __log_dynamic_data_run_end__) || ((__log_dynamic_data_run_end__ - __RAM1_segment_start__) <= __RAM1_segment_size__)), error: .log_dynamic_data_run is too large to fit in RAM1 memory segment)
                0x00004340                        __log_filter_data_load_start__ = ALIGN ((__log_dynamic_data_load_start__ + SIZEOF (.log_dynamic_data)), 0x4)

.log_filter_data
                0x20000000        0x0 load address 0x00004340
                0x20000000                        __log_filter_data_start__ = .
 *(SORT_BY_NAME(.log_filter_data*))
                0x20000000                        __log_filter_data_end__ = (__log_filter_data_start__ + SIZEOF (.log_filter_data))
                0x00000000                        __log_filter_data_size__ = SIZEOF (.log_filter_data)
                0x00004340                        __log_filter_data_load_end__ = (__log_filter_data_load_start__ + SIZEOF (.log_filter_data))
                0x00000001                        . = ASSERT (((__log_filter_data_load_start__ == __log_filter_data_load_end__) || ((__log_filter_data_load_end__ - __FLASH1_segment_start__) <= __FLASH1_segment_size__)), error: .log_filter_data is too large to fit in FLASH1 memory segment)

.log_filter_data_run
                0x20000000        0x0
                0x20000000                        __log_filter_data_run_start__ = .
                0x20000000                        __start_log_filter_data = __log_filter_data_run_start__
                0x20000000                        __log_filter_data_run_end__ = (__log_filter_data_run_start__ + SIZEOF (.log_filter_data))
                0x00000000                        __log_filter_data_run_size__ = (__log_filter_data_run_end__ - __log_filter_data_run_start__)
                0x20000000                        __stop_log_filter_data = __log_filter_data_run_end__
                0x20000000                        __log_filter_data_run_load_end__ = __log_filter_data_run_end__
                0x00000001                        . = ASSERT (((__log_filter_data_run_start__ == __log_filter_data_run_end__) || ((__log_filter_data_run_end__ - __RAM1_segment_start__) <= __RAM1_segment_size__)), error: .log_filter_data_run is too large to fit in RAM1 memory segment)
                0x20000000                        __nrf_sections_run_end_load_start__ = ALIGN (__log_filter_data_run_end__, 0x4)

.nrf_sections_run_end
                0x20000000        0x0
                0x20000000                        __nrf_sections_run_end_start__ = .
                0x20000000                        __end_nrf_sections_run = __nrf_sections_run_end_start__
 *(.nrf_sections_run_end .nrf_sections_run_end.*)
                0x20000000                        __nrf_sections_run_end_end__ = (__nrf_sections_run_end_start__ + SIZEOF (.nrf_sections_run_end))
                0x00000000                        __nrf_sections_run_end_size__ = SIZEOF (.nrf_sections_run_end)
                0x20000000                        __nrf_sections_run_end_load_end__ = __nrf_sections_run_end_end__
                0x00000001                        . = ASSERT (((__nrf_sections_run_end_start__ == __nrf_sections_run_end_end__) || ((__nrf_sections_run_end_end__ - __RAM1_segment_start__) <= __RAM1_segment_size__)), error: .nrf_sections_run_end is too large to fit in RAM1 memory segment)
                0x00004340                        __dtors_load_start__ = ALIGN ((__log_filter_data_load_start__ + SIZEOF (.log_filter_data)), 0x4)

.dtors          0x00004340        0x0
                0x00004340                        __dtors_start__ = .
 *(SORT_BY_NAME(.dtors.*))
 *(.dtors)
 *(.fini_array)
 *(SORT_BY_NAME(.fini_array.*))
                0x00004340                        __dtors_end__ = (__dtors_start__ + SIZEOF (.dtors))
                0x00000000                        __dtors_size__ = SIZEOF (.dtors)
                0x00004340                        __dtors_load_end__ = __dtors_end__
                0x00000001                        . = ASSERT (((__dtors_start__ == __dtors_end__) || ((__dtors_end__ - __FLASH1_segment_start__) <= __FLASH1_segment_size__)), error: .dtors is too large to fit in FLASH1 memory segment)
                0x00004340                        __ctors_load_start__ = ALIGN (__dtors_end__, 0x4)

.ctors          0x00004340        0x0
                0x00004340                        __ctors_start__ = .
 *(SORT_BY_NAME(.ctors.*))
 *(.ctors)
 *(.init_array)
 *(SORT_BY_NAME(.init_array.*))
                0x00004340                        __ctors_end__ = (__ctors_start__ + SIZEOF (.ctors))
                0x00000000                        __ctors_size__ = SIZEOF (.ctors)
                0x00004340                        __ctors_load_end__ = __ctors_end__
                0x00000001                        . = ASSERT (((__ctors_start__ == __ctors_end__) || ((__ctors_end__ - __FLASH1_segment_start__) <= __FLASH1_segment_size__)), error: .ctors is too large to fit in FLASH1 memory segment)
                0x00004340                        __rodata_load_start__ = ALIGN (__ctors_end__, 0x4)

.rodata         0x00004340      0x5b5
                0x00004340                        __rodata_start__ = .
 *(.rodata .rodata.* .gnu.linkonce.r.* .data.rel.ro .data.rel.ro.*)
 .rodata.delay_machine_code.0
                0x00004340        0x6 Output/Release/Obj/bno055_testing/main.o
 *fill*         0x00004346        0xa 
 .rodata.delay_machine_code.0
                0x00004350        0x6 Output/Release/Obj/bno055_testing/nrf_drv_twi.o
 .rodata.str1.1
                0x00004356      0x1e6 Output/Release/Obj/bno055_testing/nrfx_prs.o
                                  0x4 (size before relaxing)
 .rodata.irq_handlers.0
                0x0000453c        0x8 Output/Release/Obj/bno055_testing/nrfx_twim.o
 .rodata.str1.1
                0x00004544        0x5 Output/Release/Obj/bno055_testing/nrfx_twim.o
 .rodata.str1.1
                0x00004544        0x5 Output/Release/Obj/bno055_testing/nrfx_uart.o
 .rodata.str1.1
                0x00004544        0x6 Output/Release/Obj/bno055_testing/nrfx_uarte.o
 .rodata.app_error_fault_handler.str1.1
                0x00004544       0x19 Output/Release/Obj/bno055_testing/app_error_weak.o
 .rodata._aV2C.0
                0x00004544       0x10 Output/Release/Obj/bno055_testing/nrf_fprintf_format.o
 .rodata.nrf_log_backend_uart_api
                0x00004554        0xc Output/Release/Obj/bno055_testing/nrf_log_backend_uart.o
                0x00004554                nrf_log_backend_uart_api
 .rodata        0x00004560       0x20 Output/Release/Obj/bno055_testing/nrf_log_backend_uart.o
 .rodata.str1.1
                0x00004580       0x11 Output/Release/Obj/bno055_testing/nrf_log_default_backends.o
 .rodata.nrf_log_frontend_dequeue.str1.1
                0x00004580       0x11 Output/Release/Obj/bno055_testing/nrf_log_frontend.o
 .rodata.str1.1
                0x00004580        0x4 Output/Release/Obj/bno055_testing/nrf_log_frontend.o
 .rodata.postfix_process.str1.1
                0x00004580        0xb Output/Release/Obj/bno055_testing/nrf_log_str_formatter.o
 .rodata.prefix_process.constprop.0.str1.1
                0x00004580       0x2a Output/Release/Obj/bno055_testing/nrf_log_str_formatter.o
 .rodata.nrf_log_hexdump_entry_process.str1.1
                0x00004580       0x11 Output/Release/Obj/bno055_testing/nrf_log_str_formatter.o
 .rodata.str1.1
                0x00004580       0x51 Output/Release/Obj/bno055_testing/nrf_log_str_formatter.o
 .rodata.m_colors
                0x00004580       0x24 Output/Release/Obj/bno055_testing/nrf_log_str_formatter.o
 .rodata.severity_names
                0x000045a4       0x14 Output/Release/Obj/bno055_testing/nrf_log_str_formatter.o
 .rodata._DoInit.str1.1
                0x000045b8       0x14 Output/Release/Obj/bno055_testing/SEGGER_RTT.o
 .rodata.setup_bno055.str1.1
                0x000045b8       0x2e Output/Release/Obj/bno055_testing/BNO055.o
 .rodata.i2c_scanner_bno055.str1.1
                0x000045b8       0x38 Output/Release/Obj/bno055_testing/BNO055.o
 .rodata.displayCalStatus.str1.1
                0x000045b8       0x21 Output/Release/Obj/bno055_testing/BNO055.o
 .rodata.read_euler.str1.1
                0x000045b8       0x4e Output/Release/Obj/bno055_testing/BNO055.o
 *fill*         0x000045b8        0x8 
 .rodata.delay_machine_code.0
                0x000045c0        0x6 Output/Release/Obj/bno055_testing/BNO055.o
 .rodata.twi_init.str1.1
                0x000045c6       0x1e Output/Release/Obj/bno055_testing/twi_init.o
 *fill*         0x000045c6        0x2 
 .rodata.m_twi_init
                0x000045c8       0x10 Output/Release/Obj/bno055_testing/twi_init.o
                0x000045c8                m_twi_init
 .rodata.libc.__SEGGER_RTL_hex_uc
                0x000045d8       0x10 C:/Program Files/SEGGER/SEGGER Embedded Studio 8.18/lib/libc_v7em_fpv4_sp_d16_hard_t_le_eabi_balanced.a(prinops.o)
                0x000045d8                __SEGGER_RTL_hex_uc
 .rodata.libc.__SEGGER_RTL_hex_lc
                0x000045e8       0x10 C:/Program Files/SEGGER/SEGGER Embedded Studio 8.18/lib/libc_v7em_fpv4_sp_d16_hard_t_le_eabi_balanced.a(prinops.o)
                0x000045e8                __SEGGER_RTL_hex_lc
 .rodata.libc.__SEGGER_RTL_ipow10
                0x000045f8       0xa0 C:/Program Files/SEGGER/SEGGER Embedded Studio 8.18/lib/libc_v7em_fpv4_sp_d16_hard_t_le_eabi_balanced.a(prinops.o)
                0x000045f8                __SEGGER_RTL_ipow10
 .rodata.libc..L.str
                0x00004698        0x7 C:/Program Files/SEGGER/SEGGER Embedded Studio 8.18/lib/libc_v7em_fpv4_sp_d16_hard_t_le_eabi_balanced.a(__SEGGER_RTL_vfprintf_short_float_long.o)
 .rodata.libc..L.str.1
                0x0000469f        0x5 C:/Program Files/SEGGER/SEGGER Embedded Studio 8.18/lib/libc_v7em_fpv4_sp_d16_hard_t_le_eabi_balanced.a(__SEGGER_RTL_vfprintf_short_float_long.o)
 .rodata.libc..L.str.2
                0x000046a4        0x5 C:/Program Files/SEGGER/SEGGER Embedded Studio 8.18/lib/libc_v7em_fpv4_sp_d16_hard_t_le_eabi_balanced.a(__SEGGER_RTL_vfprintf_short_float_long.o)
 .rodata.libc..L.str.3
                0x000046a9        0x5 C:/Program Files/SEGGER/SEGGER Embedded Studio 8.18/lib/libc_v7em_fpv4_sp_d16_hard_t_le_eabi_balanced.a(__SEGGER_RTL_vfprintf_short_float_long.o)
 .rodata.libc..L.str.4
                0x000046ae        0x5 C:/Program Files/SEGGER/SEGGER Embedded Studio 8.18/lib/libc_v7em_fpv4_sp_d16_hard_t_le_eabi_balanced.a(__SEGGER_RTL_vfprintf_short_float_long.o)
 .rodata.libc..L.str.5
                0x000046b3        0x4 C:/Program Files/SEGGER/SEGGER Embedded Studio 8.18/lib/libc_v7em_fpv4_sp_d16_hard_t_le_eabi_balanced.a(__SEGGER_RTL_vfprintf_short_float_long.o)
 .rodata.libc..L.str.6
                0x000046b7        0x4 C:/Program Files/SEGGER/SEGGER Embedded Studio 8.18/lib/libc_v7em_fpv4_sp_d16_hard_t_le_eabi_balanced.a(__SEGGER_RTL_vfprintf_short_float_long.o)
 *fill*         0x000046bb        0x1 
 .rodata.libc.__SEGGER_RTL_aPower2f
                0x000046bc       0x18 C:/Program Files/SEGGER/SEGGER Embedded Studio 8.18/lib/libc_v7em_fpv4_sp_d16_hard_t_le_eabi_balanced.a(utilops.o)
 .rodata.libc.__SEGGER_RTL_c_locale
                0x000046d4        0xc C:/Program Files/SEGGER/SEGGER Embedded Studio 8.18/lib/mbops_timeops_v7em_fpv4_sp_d16_hard_t_le_eabi_balanced.a(mbops.o)
                0x000046d4                __SEGGER_RTL_c_locale
 .rodata.libc.__SEGGER_RTL_c_locale_day_names
                0x000046e0       0x3a C:/Program Files/SEGGER/SEGGER Embedded Studio 8.18/lib/mbops_timeops_v7em_fpv4_sp_d16_hard_t_le_eabi_balanced.a(mbops.o)
                0x000046e0                __SEGGER_RTL_c_locale_day_names
 .rodata.libc.__SEGGER_RTL_c_locale_month_names
                0x0000471a       0x57 C:/Program Files/SEGGER/SEGGER Embedded Studio 8.18/lib/mbops_timeops_v7em_fpv4_sp_d16_hard_t_le_eabi_balanced.a(mbops.o)
                0x0000471a                __SEGGER_RTL_c_locale_month_names
 .rodata.libc.__SEGGER_RTL_c_locale_am_pm_indicator
                0x00004771        0x7 C:/Program Files/SEGGER/SEGGER Embedded Studio 8.18/lib/mbops_timeops_v7em_fpv4_sp_d16_hard_t_le_eabi_balanced.a(mbops.o)
                0x00004771                __SEGGER_RTL_c_locale_am_pm_indicator
 .rodata.libc.__SEGGER_RTL_c_locale_date_format
                0x00004778        0x9 C:/Program Files/SEGGER/SEGGER Embedded Studio 8.18/lib/mbops_timeops_v7em_fpv4_sp_d16_hard_t_le_eabi_balanced.a(mbops.o)
                0x00004778                __SEGGER_RTL_c_locale_date_format
 .rodata.libc.__SEGGER_RTL_c_locale_time_format
                0x00004781        0x9 C:/Program Files/SEGGER/SEGGER Embedded Studio 8.18/lib/mbops_timeops_v7em_fpv4_sp_d16_hard_t_le_eabi_balanced.a(mbops.o)
                0x00004781                __SEGGER_RTL_c_locale_time_format
 .rodata.libc.__SEGGER_RTL_c_locale_date_time_format
                0x0000478a        0xf C:/Program Files/SEGGER/SEGGER Embedded Studio 8.18/lib/mbops_timeops_v7em_fpv4_sp_d16_hard_t_le_eabi_balanced.a(mbops.o)
                0x0000478a                __SEGGER_RTL_c_locale_date_time_format
 .rodata.libc..L.str
                0x00004799        0x2 C:/Program Files/SEGGER/SEGGER Embedded Studio 8.18/lib/mbops_timeops_v7em_fpv4_sp_d16_hard_t_le_eabi_balanced.a(mbops.o)
 *fill*         0x0000479b        0x1 
 .rodata.libc.__SEGGER_RTL_codeset_ascii
                0x0000479c       0x20 C:/Program Files/SEGGER/SEGGER Embedded Studio 8.18/lib/mbops_timeops_v7em_fpv4_sp_d16_hard_t_le_eabi_balanced.a(mbops.o)
                0x0000479c                __SEGGER_RTL_codeset_ascii
 .rodata.libc.__SEGGER_RTL_c_locale_abbrev_day_names
                0x000047bc       0x1d C:/Program Files/SEGGER/SEGGER Embedded Studio 8.18/lib/mbops_timeops_v7em_fpv4_sp_d16_hard_t_le_eabi_balanced.a(mbops.o)
                0x000047bc                __SEGGER_RTL_c_locale_abbrev_day_names
 .rodata.libc.__SEGGER_RTL_c_locale_abbrev_month_names
                0x000047d9       0x31 C:/Program Files/SEGGER/SEGGER Embedded Studio 8.18/lib/mbops_timeops_v7em_fpv4_sp_d16_hard_t_le_eabi_balanced.a(mbops.o)
                0x000047d9                __SEGGER_RTL_c_locale_abbrev_month_names
 .rodata.libc.__SEGGER_RTL_data_utf8_period
                0x0000480a        0x2 C:/Program Files/SEGGER/SEGGER Embedded Studio 8.18/lib/mbops_timeops_v7em_fpv4_sp_d16_hard_t_le_eabi_balanced.a(mbops.o)
                0x0000480a                __SEGGER_RTL_data_utf8_period
 .rodata.libc.__SEGGER_RTL_data_empty_string
                0x0000480c        0x1 C:/Program Files/SEGGER/SEGGER Embedded Studio 8.18/lib/mbops_timeops_v7em_fpv4_sp_d16_hard_t_le_eabi_balanced.a(mbops.o)
                0x0000480c                __SEGGER_RTL_data_empty_string
 *fill*         0x0000480d        0x3 
 .rodata.libc.__SEGGER_RTL_c_locale_data
                0x00004810       0x58 C:/Program Files/SEGGER/SEGGER Embedded Studio 8.18/lib/mbops_timeops_v7em_fpv4_sp_d16_hard_t_le_eabi_balanced.a(mbops.o)
                0x00004810                __SEGGER_RTL_c_locale_data
 .rodata.libc.__SEGGER_RTL_ascii_ctype_map
                0x00004868       0x80 C:/Program Files/SEGGER/SEGGER Embedded Studio 8.18/lib/mbops_timeops_v7em_fpv4_sp_d16_hard_t_le_eabi_balanced.a(mbops.o)
 .rodata.libc.__SEGGER_RTL_ascii_ctype_mask
                0x000048e8        0xd C:/Program Files/SEGGER/SEGGER Embedded Studio 8.18/lib/mbops_timeops_v7em_fpv4_sp_d16_hard_t_le_eabi_balanced.a(mbops.o)
                0x000048f5                        __rodata_end__ = (__rodata_start__ + SIZEOF (.rodata))
                0x000005b5                        __rodata_size__ = SIZEOF (.rodata)
                0x000048f5                        __rodata_load_end__ = __rodata_end__

.rel.dyn        0x000048f8        0x0
 .rel.iplt      0x000048f8        0x0 Output/Release/Obj/bno055_testing/main.o
                0x00000001                        . = ASSERT (((__rodata_start__ == __rodata_end__) || ((__rodata_end__ - __FLASH1_segment_start__) <= __FLASH1_segment_size__)), error: .rodata is too large to fit in FLASH1 memory segment)
                0x000048f8                        __ARM.exidx_load_start__ = ALIGN (__rodata_end__, 0x4)

.ARM.exidx      0x000048f8        0x0
                0x000048f8                        __ARM.exidx_start__ = .
                0x000048f8                        __exidx_start = __ARM.exidx_start__
 *(.ARM.exidx .ARM.exidx.*)
                0x000048f8                        __ARM.exidx_end__ = (__ARM.exidx_start__ + SIZEOF (.ARM.exidx))
                0x00000000                        __ARM.exidx_size__ = SIZEOF (.ARM.exidx)
                0x000048f8                        __exidx_end = __ARM.exidx_end__
                0x000048f8                        __ARM.exidx_load_end__ = __ARM.exidx_end__
                0x00000001                        . = ASSERT (((__ARM.exidx_start__ == __ARM.exidx_end__) || ((__ARM.exidx_end__ - __FLASH1_segment_start__) <= __FLASH1_segment_size__)), error: .ARM.exidx is too large to fit in FLASH1 memory segment)
                0x000048f8                        __fast_load_start__ = ALIGN (__ARM.exidx_end__, 0x4)

.fast           0x20000000        0x0 load address 0x000048f8
                0x20000000                        __fast_start__ = .
 *(.fast .fast.*)
                0x20000000                        __fast_end__ = (__fast_start__ + SIZEOF (.fast))
                0x00000000                        __fast_size__ = SIZEOF (.fast)
                0x000048f8                        __fast_load_end__ = (__fast_load_start__ + SIZEOF (.fast))
                0x00000001                        . = ASSERT (((__fast_load_start__ == __fast_load_end__) || ((__fast_load_end__ - __FLASH1_segment_start__) <= __FLASH1_segment_size__)), error: .fast is too large to fit in FLASH1 memory segment)

.fast_run       0x20000000        0x0
                0x20000000                        __fast_run_start__ = .
                0x20000000                        __fast_run_end__ = (__fast_run_start__ + SIZEOF (.fast))
                0x00000000                        __fast_run_size__ = (__fast_run_end__ - __fast_run_start__)
                0x20000000                        __fast_run_load_end__ = __fast_run_end__
                0x00000001                        . = ASSERT (((__fast_run_start__ == __fast_run_end__) || ((__fast_run_end__ - __RAM1_segment_start__) <= __RAM1_segment_size__)), error: .fast_run is too large to fit in RAM1 memory segment)
                0x000048f8                        __data_load_start__ = ALIGN ((__fast_load_start__ + SIZEOF (.fast)), 0x4)

.data           0x20000000       0x40 load address 0x000048f8
                0x20000000                        __data_start__ = .
 *(.data .data.* .gnu.linkonce.d.*)
 .data.SystemCoreClock
                0x20000000        0x4 Output/Release/Obj/bno055_testing/system_nrf52.o
                0x20000000                SystemCoreClock
 .data.m_uart   0x20000004       0x14 Output/Release/Obj/bno055_testing/nrf_log_backend_uart.o
                0x20000004                m_uart
 .data.log_backend_cb_uart_log_backend
                0x20000018        0x8 Output/Release/Obj/bno055_testing/nrf_log_default_backends.o
 .data.libc.stdin
                0x20000020        0x4 C:/Program Files/SEGGER/SEGGER Embedded Studio 8.18/lib/prinops_rtt_v7em_fpv4_sp_d16_hard_t_le_eabi_balanced.a(prinops_rtt.o)
                0x20000020                stdin
 .data.libc.stdout
                0x20000024        0x4 C:/Program Files/SEGGER/SEGGER Embedded Studio 8.18/lib/prinops_rtt_v7em_fpv4_sp_d16_hard_t_le_eabi_balanced.a(prinops_rtt.o)
                0x20000024                stdout
 .data.libc.stderr
                0x20000028        0x4 C:/Program Files/SEGGER/SEGGER Embedded Studio 8.18/lib/prinops_rtt_v7em_fpv4_sp_d16_hard_t_le_eabi_balanced.a(prinops_rtt.o)
                0x20000028                stderr
 .data.libc.__SEGGER_RTL_global_locale
                0x2000002c       0x14 C:/Program Files/SEGGER/SEGGER Embedded Studio 8.18/lib/mbops_timeops_v7em_fpv4_sp_d16_hard_t_le_eabi_balanced.a(mbops.o)
                0x2000002c                __SEGGER_RTL_global_locale
                0x2000002c                __RAL_global_locale
                0x20000040                        __data_end__ = (__data_start__ + SIZEOF (.data))
                0x00000040                        __data_size__ = SIZEOF (.data)
                0x00004938                        __data_load_end__ = (__data_load_start__ + SIZEOF (.data))

.igot.plt       0x00000000        0x0
 .igot.plt      0x00000000        0x0 Output/Release/Obj/bno055_testing/main.o
                0x00000001                        . = ASSERT (((__data_load_start__ == __data_load_end__) || ((__data_load_end__ - __FLASH1_segment_start__) <= __FLASH1_segment_size__)), error: .data is too large to fit in FLASH1 memory segment)

.data_run       0x20000000        0x0
                0x20000000                        __data_run_start__ = .
                0x20000040                        __data_run_end__ = (__data_run_start__ + SIZEOF (.data))
                0x00000040                        __data_run_size__ = (__data_run_end__ - __data_run_start__)
                0x20000040                        __data_run_load_end__ = __data_run_end__
                0x00000001                        . = ASSERT (((__data_run_start__ == __data_run_end__) || ((__data_run_end__ - __RAM1_segment_start__) <= __RAM1_segment_size__)), error: .data_run is too large to fit in RAM1 memory segment)
                0x00004938                        __tdata_load_start__ = ALIGN ((__data_load_start__ + SIZEOF (.data)), 0x4)

.tdata          0x20000040        0x0 load address 0x00004938
                0x20000040                        __tdata_start__ = .
 *(.tdata .tdata.*)
                0x20000040                        __tdata_end__ = (__tdata_start__ + SIZEOF (.tdata))
                0x00000000                        __tdata_size__ = SIZEOF (.tdata)
                0x00004938                        __tdata_load_end__ = (__tdata_load_start__ + SIZEOF (.tdata))
                0x00004938                        __FLASH1_segment_used_end__ = (ALIGN ((__data_load_start__ + SIZEOF (.data)), 0x4) + SIZEOF (.tdata))
                0x00004938                        __FLASH1_segment_used_size__ = (__FLASH1_segment_used_end__ - __FLASH1_segment_start__)
                0x00000001                        . = ASSERT (((__tdata_load_start__ == __tdata_load_end__) || ((__tdata_load_end__ - __FLASH1_segment_start__) <= __FLASH1_segment_size__)), error: .tdata is too large to fit in FLASH1 memory segment)

.tdata_run      0x20000040        0x0
                0x20000040                        __tdata_run_start__ = .
                0x20000040                        __tdata_run_end__ = (__tdata_run_start__ + SIZEOF (.tdata))
                0x00000000                        __tdata_run_size__ = (__tdata_run_end__ - __tdata_run_start__)
                0x20000040                        __tdata_run_load_end__ = __tdata_run_end__
                0x00000001                        . = ASSERT (((__tdata_run_start__ == __tdata_run_end__) || ((__tdata_run_end__ - __RAM1_segment_start__) <= __RAM1_segment_size__)), error: .tdata_run is too large to fit in RAM1 memory segment)
                0x20000040                        __bss_load_start__ = ALIGN (__tdata_run_end__, 0x4)

.bss            0x20000040      0x8b8
                0x20000040                        __bss_start__ = .
 *(.bss .bss.* .gnu.linkonce.b.*)
 .bss.m_contexts
                0x20000040        0x8 Output/Release/Obj/bno055_testing/nrf_drv_twi.o
 .bss.m_handlers
                0x20000048        0x8 Output/Release/Obj/bno055_testing/nrf_drv_twi.o
 .bss.nrf_drv_uart_use_easy_dma
                0x20000050        0x1 Output/Release/Obj/bno055_testing/nrf_drv_uart.o
                0x20000050                nrf_drv_uart_use_easy_dma
 *fill*         0x20000051        0x3 
 .bss.m_contexts
                0x20000054        0x4 Output/Release/Obj/bno055_testing/nrf_drv_uart.o
 .bss.m_handlers
                0x20000058        0x4 Output/Release/Obj/bno055_testing/nrf_drv_uart.o
 .bss.m_prs_box_4
                0x2000005c        0x8 Output/Release/Obj/bno055_testing/nrfx_prs.o
 .bss.m_cb      0x20000064       0x68 Output/Release/Obj/bno055_testing/nrfx_twim.o
 .bss.m_cb      0x200000cc       0x2c Output/Release/Obj/bno055_testing/nrfx_uart.o
 .bss.m_cb      0x200000f8       0x24 Output/Release/Obj/bno055_testing/nrfx_uarte.o
 .bss.m_in_critical_region
                0x2000011c        0x4 Output/Release/Obj/bno055_testing/app_util_platform.o
 .bss.m_async_mode
                0x20000120        0x1 Output/Release/Obj/bno055_testing/nrf_log_backend_uart.o
 .bss.m_xfer_done
                0x20000121        0x1 Output/Release/Obj/bno055_testing/nrf_log_backend_uart.o
 .bss.m_string_buff
                0x20000122       0x40 Output/Release/Obj/bno055_testing/nrf_log_backend_uart.o
 *fill*         0x20000162        0x2 
 .bss.m_log_data
                0x20000164      0x420 Output/Release/Obj/bno055_testing/nrf_log_frontend.o
 .bss.log_mempool_nrf_balloc_cb
                0x20000584        0x8 Output/Release/Obj/bno055_testing/nrf_log_frontend.o
 .bss.log_mempool_nrf_balloc_pool_mem
                0x2000058c       0xc0 Output/Release/Obj/bno055_testing/nrf_log_frontend.o
 .bss.log_mempool_nrf_balloc_pool_stack
                0x2000064c        0x8 Output/Release/Obj/bno055_testing/nrf_log_frontend.o
 .bss._acDownBuffer
                0x20000654       0x10 Output/Release/Obj/bno055_testing/SEGGER_RTT.o
 .bss._acUpBuffer
                0x20000664      0x200 Output/Release/Obj/bno055_testing/SEGGER_RTT.o
 .bss._SEGGER_RTT
                0x20000864       0x78 Output/Release/Obj/bno055_testing/SEGGER_RTT.o
                0x20000864                _SEGGER_RTT
 .bss.mag       0x200008dc        0x1 Output/Release/Obj/bno055_testing/BNO055.o
                0x200008dc                mag
 .bss.accel     0x200008dd        0x1 Output/Release/Obj/bno055_testing/BNO055.o
                0x200008dd                accel
 .bss.gyro      0x200008de        0x1 Output/Release/Obj/bno055_testing/BNO055.o
                0x200008de                gyro
 .bss.sys       0x200008df        0x1 Output/Release/Obj/bno055_testing/BNO055.o
                0x200008df                sys
 .bss.twi_initialized
                0x200008e0        0x1 Output/Release/Obj/bno055_testing/twi_init.o
 *fill*         0x200008e1        0x3 
 .bss.libc.__SEGGER_RTL_stdin_file
                0x200008e4        0x4 C:/Program Files/SEGGER/SEGGER Embedded Studio 8.18/lib/prinops_rtt_v7em_fpv4_sp_d16_hard_t_le_eabi_balanced.a(prinops_rtt.o)
 .bss.libc.__SEGGER_RTL_stdout_file
                0x200008e8        0x4 C:/Program Files/SEGGER/SEGGER Embedded Studio 8.18/lib/prinops_rtt_v7em_fpv4_sp_d16_hard_t_le_eabi_balanced.a(prinops_rtt.o)
 .bss.libc.__SEGGER_RTL_stderr_file
                0x200008ec        0x4 C:/Program Files/SEGGER/SEGGER Embedded Studio 8.18/lib/prinops_rtt_v7em_fpv4_sp_d16_hard_t_le_eabi_balanced.a(prinops_rtt.o)
 .bss.libc.__SEGGER_RTL_heap_globals.0
                0x200008f0        0x4 C:/Program Files/SEGGER/SEGGER Embedded Studio 8.18/lib/heapops_basic_v7em_fpv4_sp_d16_hard_t_le_eabi_balanced.a(heapops_basic.o)
 .bss.libc.__SEGGER_RTL_locale_ptr
                0x200008f4        0x4 C:/Program Files/SEGGER/SEGGER Embedded Studio 8.18/lib/mbops_timeops_v7em_fpv4_sp_d16_hard_t_le_eabi_balanced.a(mbops.o)
                0x200008f4                __SEGGER_RTL_locale_ptr
 *(COMMON)
                0x200008f8                        __bss_end__ = (__bss_start__ + SIZEOF (.bss))
                0x000008b8                        __bss_size__ = SIZEOF (.bss)
                0x200008f8                        __bss_load_end__ = __bss_end__
                0x00000001                        . = ASSERT (((__bss_start__ == __bss_end__) || ((__bss_end__ - __RAM1_segment_start__) <= __RAM1_segment_size__)), error: .bss is too large to fit in RAM1 memory segment)
                0x200008f8                        __tbss_load_start__ = ALIGN (__bss_end__, 0x4)

.tbss           0x200008f8        0x0
                0x200008f8                        __tbss_start__ = .
 *(.tbss .tbss.*)
                0x200008f8                        __tbss_end__ = (__tbss_start__ + SIZEOF (.tbss))
                0x00000000                        __tbss_size__ = SIZEOF (.tbss)
                0x200008f8                        __tbss_load_end__ = __tbss_end__
                0x00000001                        . = ASSERT (((__tbss_start__ == __tbss_end__) || ((__tbss_end__ - __RAM1_segment_start__) <= __RAM1_segment_size__)), error: .tbss is too large to fit in RAM1 memory segment)
                0x200008f8                        __non_init_load_start__ = ALIGN (__tbss_end__, 0x4)

.non_init       0x200008f8        0x0
                0x200008f8                        __non_init_start__ = .
 *(.non_init .non_init.*)
                0x200008f8                        __non_init_end__ = (__non_init_start__ + SIZEOF (.non_init))
                0x00000000                        __non_init_size__ = SIZEOF (.non_init)
                0x200008f8                        __non_init_load_end__ = __non_init_end__
                0x00000001                        . = ASSERT (((__non_init_start__ == __non_init_end__) || ((__non_init_end__ - __RAM1_segment_start__) <= __RAM1_segment_size__)), error: .non_init is too large to fit in RAM1 memory segment)
                0x200008f8                        __heap_load_start__ = ALIGN (__non_init_end__, 0x4)

.heap           0x200008f8     0x2000
                0x200008f8                        __heap_start__ = .
 *(.heap .heap.*)
                0x200028f8                        . = ALIGN (MAX ((__heap_start__ + __HEAPSIZE__), .), 0x4)
 *fill*         0x200008f8     0x2000 
                0x200028f8                        __heap_end__ = (__heap_start__ + SIZEOF (.heap))
                0x00002000                        __heap_size__ = SIZEOF (.heap)
                0x200028f8                        __heap_load_end__ = __heap_end__
                0x00000001                        . = ASSERT (((__heap_start__ == __heap_end__) || ((__heap_end__ - __RAM1_segment_start__) <= __RAM1_segment_size__)), error: .heap is too large to fit in RAM1 memory segment)
                0x00000001                        . = ASSERT ((__HEAPSIZE__ == ALIGN (__HEAPSIZE__, 0x4)), error: .heap section size does not match alignment)
                0x00000001                        . = ASSERT ((__heap_size__ <= __HEAPSIZE__), error: .heap section is larger than specified size)
                0x2000e000                        __stack_load_start__ = (__RAM1_segment_start__ + (__RAM1_segment_size__ - 0x2000))

.stack          0x2000e000     0x2000
                0x2000e000                        __stack_start__ = .
                0x2000e000                        __StackLimit = __stack_start__
 *(.stack .stack.*)
                0x20010000                        . = ALIGN (MAX ((__stack_start__ + __STACKSIZE__), .), 0x8)
 *fill*         0x2000e000     0x2000 
                0x20010000                        __stack_end__ = (__stack_start__ + SIZEOF (.stack))
                0x00002000                        __stack_size__ = SIZEOF (.stack)
                0x20010000                        __StackTop = __stack_end__
                0x20010000                        __stack_load_end__ = __stack_end__
                0x00000001                        . = ASSERT (((__stack_start__ == __stack_end__) || ((__stack_end__ - __RAM1_segment_start__) <= __RAM1_segment_size__)), error: .stack is too large to fit in RAM1 memory segment)
                0x00000001                        . = ASSERT ((__heap_end__ <= __stack_start__), error: section .heap overlaps absolute placed section .stack)
                0x00000001                        . = ASSERT ((__STACKSIZE__ == ALIGN (__STACKSIZE__, 0x8)), error: .stack section size does not match alignment)
                0x00000001                        . = ASSERT ((__stack_size__ <= __STACKSIZE__), error: .stack section is larger than specified size)
                0x20010000                        __stack_process_load_start__ = ALIGN (__stack_end__, 0x8)

.stack_process  0x20010000        0x0
                0x20010000                        __stack_process_start__ = .
 *(.stack_process .stack_process.*)
                0x20010000                        . = ALIGN (MAX ((__stack_process_start__ + __STACKSIZE_PROCESS__), .), 0x8)
                0x20010000                        __stack_process_end__ = (__stack_process_start__ + SIZEOF (.stack_process))
                0x00000000                        __stack_process_size__ = SIZEOF (.stack_process)
                0x20010000                        __stack_process_load_end__ = __stack_process_end__
                0x20010000                        __RAM1_segment_used_end__ = (ALIGN (__stack_end__, 0x8) + SIZEOF (.stack_process))
                0x00010000                        __RAM1_segment_used_size__ = (__RAM1_segment_used_end__ - __RAM1_segment_start__)
                0x00000001                        . = ASSERT (((__stack_process_start__ == __stack_process_end__) || ((__stack_process_end__ - __RAM1_segment_start__) <= __RAM1_segment_size__)), error: .stack_process is too large to fit in RAM1 memory segment)
                0x00000001                        . = ASSERT ((__STACKSIZE_PROCESS__ == ALIGN (__STACKSIZE_PROCESS__, 0x8)), error: .stack_process section size does not match alignment)
                0x00000001                        . = ASSERT ((__stack_process_size__ <= __STACKSIZE_PROCESS__), error: .stack_process section is larger than specified size)
                0x00002000                        __STACKSIZE__ = 0x2000
                0x00000000                        __STACKSIZE_PROCESS__ = 0x0
                0x00002000                        __HEAPSIZE__ = 0x2000
                0x00003304                        __SEGGER_RTL_vfprintf = __SEGGER_RTL_vfprintf_short_float_long
                0x00000000                        __SEGGER_RTL_vfscanf = __SEGGER_RTL_vfscanf_long
START GROUP
LOAD Output/Release/Obj/bno055_testing/main.o
LOAD Output/Release/Obj/bno055_testing/boards.o
LOAD Output/Release/Obj/bno055_testing/ses_startup_nrf52.o
LOAD Output/Release/Obj/bno055_testing/ses_startup_nrf_common.o
LOAD Output/Release/Obj/bno055_testing/system_nrf52.o
LOAD Output/Release/Obj/bno055_testing/nrf_drv_twi.o
LOAD Output/Release/Obj/bno055_testing/nrf_drv_uart.o
LOAD Output/Release/Obj/bno055_testing/nrfx_atomic.o
LOAD Output/Release/Obj/bno055_testing/nrfx_prs.o
LOAD Output/Release/Obj/bno055_testing/nrfx_twi.o
LOAD Output/Release/Obj/bno055_testing/nrfx_twim.o
LOAD Output/Release/Obj/bno055_testing/nrfx_uart.o
LOAD Output/Release/Obj/bno055_testing/nrfx_uarte.o
LOAD Output/Release/Obj/bno055_testing/app_error.o
LOAD Output/Release/Obj/bno055_testing/app_error_handler_gcc.o
LOAD Output/Release/Obj/bno055_testing/app_error_weak.o
LOAD Output/Release/Obj/bno055_testing/app_util_platform.o
LOAD Output/Release/Obj/bno055_testing/nrf_assert.o
LOAD Output/Release/Obj/bno055_testing/nrf_atomic.o
LOAD Output/Release/Obj/bno055_testing/nrf_balloc.o
LOAD Output/Release/Obj/bno055_testing/nrf_fprintf.o
LOAD Output/Release/Obj/bno055_testing/nrf_fprintf_format.o
LOAD Output/Release/Obj/bno055_testing/nrf_memobj.o
LOAD Output/Release/Obj/bno055_testing/nrf_ringbuf.o
LOAD Output/Release/Obj/bno055_testing/nrf_strerror.o
LOAD Output/Release/Obj/bno055_testing/nrf_log_backend_rtt.o
LOAD Output/Release/Obj/bno055_testing/nrf_log_backend_serial.o
LOAD Output/Release/Obj/bno055_testing/nrf_log_backend_uart.o
LOAD Output/Release/Obj/bno055_testing/nrf_log_default_backends.o
LOAD Output/Release/Obj/bno055_testing/nrf_log_frontend.o
LOAD Output/Release/Obj/bno055_testing/nrf_log_str_formatter.o
LOAD Output/Release/Obj/bno055_testing/SEGGER_RTT.o
LOAD Output/Release/Obj/bno055_testing/SEGGER_RTT_printf.o
LOAD Output/Release/Obj/bno055_testing/thumb_crt0.o
LOAD Output/Release/Obj/bno055_testing/BNO055.o
LOAD Output/Release/Obj/bno055_testing/twi_init.o
LOAD C:/Program Files/SEGGER/SEGGER Embedded Studio 8.18/lib/libc_v7em_fpv4_sp_d16_hard_t_le_eabi_balanced.a
LOAD C:/Program Files/SEGGER/SEGGER Embedded Studio 8.18/lib/prinops_rtt_v7em_fpv4_sp_d16_hard_t_le_eabi_balanced.a
LOAD C:/Program Files/SEGGER/SEGGER Embedded Studio 8.18/lib/heapops_basic_v7em_fpv4_sp_d16_hard_t_le_eabi_balanced.a
LOAD C:/Program Files/SEGGER/SEGGER Embedded Studio 8.18/lib/heapops_disable_interrupts_locking_v7em_fpv4_sp_d16_hard_t_le_eabi_balanced.a
LOAD C:/Program Files/SEGGER/SEGGER Embedded Studio 8.18/lib/strops_unaligned_v7em_fpv4_sp_d16_hard_t_le_eabi_balanced.a
LOAD C:/Program Files/SEGGER/SEGGER Embedded Studio 8.18/lib/mbops_timeops_v7em_fpv4_sp_d16_hard_t_le_eabi_balanced.a
END GROUP
OUTPUT(F:/Dashpod_modules_nrf_sdk/examples/peripheral/twi_scanner_bno055_testing/pca10100/blank/ses/Output/Release/Exe/bno055_testing.elf elf32-littlearm)
LOAD linker stubs

.debug_info     0x00000000    0x1a8d9
 .debug_info    0x00000000      0xbe4 Output/Release/Obj/bno055_testing/main.o
 .debug_info    0x00000be4       0x23 Output/Release/Obj/bno055_testing/ses_startup_nrf52.o
 .debug_info    0x00000c07       0x23 Output/Release/Obj/bno055_testing/ses_startup_nrf_common.o
 .debug_info    0x00000c2a     0x154f Output/Release/Obj/bno055_testing/system_nrf52.o
 .debug_info    0x00002179     0x159b Output/Release/Obj/bno055_testing/nrf_drv_twi.o
 .debug_info    0x00003714     0x123d Output/Release/Obj/bno055_testing/nrf_drv_uart.o
 .debug_info    0x00004951      0x7e1 Output/Release/Obj/bno055_testing/nrfx_prs.o
 .debug_info    0x00005132     0x3218 Output/Release/Obj/bno055_testing/nrfx_twim.o
 .debug_info    0x0000834a     0x31d1 Output/Release/Obj/bno055_testing/nrfx_uart.o
 .debug_info    0x0000b51b     0x3387 Output/Release/Obj/bno055_testing/nrfx_uarte.o
 .debug_info    0x0000e8a2      0x2bd Output/Release/Obj/bno055_testing/app_error.o
 .debug_info    0x0000eb5f      0x4b6 Output/Release/Obj/bno055_testing/app_error_weak.o
 .debug_info    0x0000f015      0x790 Output/Release/Obj/bno055_testing/app_util_platform.o
 .debug_info    0x0000f7a5      0x953 Output/Release/Obj/bno055_testing/nrf_atomic.o
 .debug_info    0x000100f8      0x3b8 Output/Release/Obj/bno055_testing/nrf_balloc.o
 .debug_info    0x000104b0      0x248 Output/Release/Obj/bno055_testing/nrf_fprintf.o
 .debug_info    0x000106f8      0x743 Output/Release/Obj/bno055_testing/nrf_fprintf_format.o
 .debug_info    0x00010e3b      0x965 Output/Release/Obj/bno055_testing/nrf_memobj.o
 .debug_info    0x000117a0      0x7f9 Output/Release/Obj/bno055_testing/nrf_log_backend_serial.o
 .debug_info    0x00011f99     0x1236 Output/Release/Obj/bno055_testing/nrf_log_backend_uart.o
 .debug_info    0x000131cf      0x2fc Output/Release/Obj/bno055_testing/nrf_log_default_backends.o
 .debug_info    0x000134cb     0x2365 Output/Release/Obj/bno055_testing/nrf_log_frontend.o
 .debug_info    0x00015830      0x80d Output/Release/Obj/bno055_testing/nrf_log_str_formatter.o
 .debug_info    0x0001603d     0x1688 Output/Release/Obj/bno055_testing/SEGGER_RTT.o
 .debug_info    0x000176c5       0x22 Output/Release/Obj/bno055_testing/thumb_crt0.o
 .debug_info    0x000176e7     0x24cb Output/Release/Obj/bno055_testing/BNO055.o
 .debug_info    0x00019bb2      0xd27 Output/Release/Obj/bno055_testing/twi_init.o

.debug_abbrev   0x00000000     0x483d
 .debug_abbrev  0x00000000      0x278 Output/Release/Obj/bno055_testing/main.o
 .debug_abbrev  0x00000278       0x14 Output/Release/Obj/bno055_testing/ses_startup_nrf52.o
 .debug_abbrev  0x0000028c       0x14 Output/Release/Obj/bno055_testing/ses_startup_nrf_common.o
 .debug_abbrev  0x000002a0      0x32b Output/Release/Obj/bno055_testing/system_nrf52.o
 .debug_abbrev  0x000005cb      0x3c5 Output/Release/Obj/bno055_testing/nrf_drv_twi.o
 .debug_abbrev  0x00000990      0x249 Output/Release/Obj/bno055_testing/nrf_drv_uart.o
 .debug_abbrev  0x00000bd9      0x29b Output/Release/Obj/bno055_testing/nrfx_prs.o
 .debug_abbrev  0x00000e74      0x4f2 Output/Release/Obj/bno055_testing/nrfx_twim.o
 .debug_abbrev  0x00001366      0x5ac Output/Release/Obj/bno055_testing/nrfx_uart.o
 .debug_abbrev  0x00001912      0x510 Output/Release/Obj/bno055_testing/nrfx_uarte.o
 .debug_abbrev  0x00001e22      0x156 Output/Release/Obj/bno055_testing/app_error.o
 .debug_abbrev  0x00001f78      0x239 Output/Release/Obj/bno055_testing/app_error_weak.o
 .debug_abbrev  0x000021b1      0x23c Output/Release/Obj/bno055_testing/app_util_platform.o
 .debug_abbrev  0x000023ed      0x1a8 Output/Release/Obj/bno055_testing/nrf_atomic.o
 .debug_abbrev  0x00002595      0x227 Output/Release/Obj/bno055_testing/nrf_balloc.o
 .debug_abbrev  0x000027bc      0x155 Output/Release/Obj/bno055_testing/nrf_fprintf.o
 .debug_abbrev  0x00002911      0x30f Output/Release/Obj/bno055_testing/nrf_fprintf_format.o
 .debug_abbrev  0x00002c20      0x237 Output/Release/Obj/bno055_testing/nrf_memobj.o
 .debug_abbrev  0x00002e57      0x21d Output/Release/Obj/bno055_testing/nrf_log_backend_serial.o
 .debug_abbrev  0x00003074      0x371 Output/Release/Obj/bno055_testing/nrf_log_backend_uart.o
 .debug_abbrev  0x000033e5      0x1b7 Output/Release/Obj/bno055_testing/nrf_log_default_backends.o
 .debug_abbrev  0x0000359c      0x60d Output/Release/Obj/bno055_testing/nrf_log_frontend.o
 .debug_abbrev  0x00003ba9      0x22d Output/Release/Obj/bno055_testing/nrf_log_str_formatter.o
 .debug_abbrev  0x00003dd6      0x2e7 Output/Release/Obj/bno055_testing/SEGGER_RTT.o
 .debug_abbrev  0x000040bd       0x12 Output/Release/Obj/bno055_testing/thumb_crt0.o
 .debug_abbrev  0x000040cf      0x4b7 Output/Release/Obj/bno055_testing/BNO055.o
 .debug_abbrev  0x00004586      0x2b7 Output/Release/Obj/bno055_testing/twi_init.o

.debug_loc      0x00000000     0xc205
 .debug_loc     0x00000000      0x101 Output/Release/Obj/bno055_testing/main.o
 .debug_loc     0x00000101      0x12c Output/Release/Obj/bno055_testing/system_nrf52.o
 .debug_loc     0x0000022d      0x574 Output/Release/Obj/bno055_testing/nrf_drv_twi.o
 .debug_loc     0x000007a1      0x1e0 Output/Release/Obj/bno055_testing/nrf_drv_uart.o
 .debug_loc     0x00000981       0xed Output/Release/Obj/bno055_testing/nrfx_prs.o
 .debug_loc     0x00000a6e     0x1c11 Output/Release/Obj/bno055_testing/nrfx_twim.o
 .debug_loc     0x0000267f     0x164a Output/Release/Obj/bno055_testing/nrfx_uart.o
 .debug_loc     0x00003cc9     0x186f Output/Release/Obj/bno055_testing/nrfx_uarte.o
 .debug_loc     0x00005538       0xe5 Output/Release/Obj/bno055_testing/app_error.o
 .debug_loc     0x0000561d       0x81 Output/Release/Obj/bno055_testing/app_error_weak.o
 .debug_loc     0x0000569e       0xe9 Output/Release/Obj/bno055_testing/app_util_platform.o
 .debug_loc     0x00005787      0x47d Output/Release/Obj/bno055_testing/nrf_atomic.o
 .debug_loc     0x00005c04      0x1f1 Output/Release/Obj/bno055_testing/nrf_balloc.o
 .debug_loc     0x00005df5       0x4d Output/Release/Obj/bno055_testing/nrf_fprintf.o
 .debug_loc     0x00005e42      0x9ee Output/Release/Obj/bno055_testing/nrf_fprintf_format.o
 .debug_loc     0x00006830      0x95b Output/Release/Obj/bno055_testing/nrf_memobj.o
 .debug_loc     0x0000718b      0x19e Output/Release/Obj/bno055_testing/nrf_log_backend_serial.o
 .debug_loc     0x00007329      0x301 Output/Release/Obj/bno055_testing/nrf_log_backend_uart.o
 .debug_loc     0x0000762a       0x31 Output/Release/Obj/bno055_testing/nrf_log_default_backends.o
 .debug_loc     0x0000765b     0x1741 Output/Release/Obj/bno055_testing/nrf_log_frontend.o
 .debug_loc     0x00008d9c      0x38c Output/Release/Obj/bno055_testing/nrf_log_str_formatter.o
 .debug_loc     0x00009128     0x194c Output/Release/Obj/bno055_testing/SEGGER_RTT.o
 .debug_loc     0x0000aa74     0x1733 Output/Release/Obj/bno055_testing/BNO055.o
 .debug_loc     0x0000c1a7       0x5e Output/Release/Obj/bno055_testing/twi_init.o

.debug_pubnames
                0x00000000     0x4bbf
 .debug_pubnames
                0x00000000       0x9f Output/Release/Obj/bno055_testing/main.o
 .debug_pubnames
                0x0000009f      0x1a7 Output/Release/Obj/bno055_testing/system_nrf52.o
 .debug_pubnames
                0x00000246      0x1a8 Output/Release/Obj/bno055_testing/nrf_drv_twi.o
 .debug_pubnames
                0x000003ee       0xf2 Output/Release/Obj/bno055_testing/nrf_drv_uart.o
 .debug_pubnames
                0x000004e0      0x184 Output/Release/Obj/bno055_testing/nrfx_prs.o
 .debug_pubnames
                0x00000664      0xd34 Output/Release/Obj/bno055_testing/nrfx_twim.o
 .debug_pubnames
                0x00001398      0xaf2 Output/Release/Obj/bno055_testing/nrfx_uart.o
 .debug_pubnames
                0x00001e8a      0xca3 Output/Release/Obj/bno055_testing/nrfx_uarte.o
 .debug_pubnames
                0x00002b2d       0x88 Output/Release/Obj/bno055_testing/app_error.o
 .debug_pubnames
                0x00002bb5      0x150 Output/Release/Obj/bno055_testing/app_error_weak.o
 .debug_pubnames
                0x00002d05      0x223 Output/Release/Obj/bno055_testing/app_util_platform.o
 .debug_pubnames
                0x00002f28      0x233 Output/Release/Obj/bno055_testing/nrf_atomic.o
 .debug_pubnames
                0x0000315b      0x16b Output/Release/Obj/bno055_testing/nrf_balloc.o
 .debug_pubnames
                0x000032c6       0x53 Output/Release/Obj/bno055_testing/nrf_fprintf.o
 .debug_pubnames
                0x00003319       0x8f Output/Release/Obj/bno055_testing/nrf_fprintf_format.o
 .debug_pubnames
                0x000033a8      0x127 Output/Release/Obj/bno055_testing/nrf_memobj.o
 .debug_pubnames
                0x000034cf       0xab Output/Release/Obj/bno055_testing/nrf_log_backend_serial.o
 .debug_pubnames
                0x0000357a      0x282 Output/Release/Obj/bno055_testing/nrf_log_backend_uart.o
 .debug_pubnames
                0x000037fc      0x163 Output/Release/Obj/bno055_testing/nrf_log_default_backends.o
 .debug_pubnames
                0x0000395f      0x760 Output/Release/Obj/bno055_testing/nrf_log_frontend.o
 .debug_pubnames
                0x000040bf      0x22b Output/Release/Obj/bno055_testing/nrf_log_str_formatter.o
 .debug_pubnames
                0x000042ea      0x429 Output/Release/Obj/bno055_testing/SEGGER_RTT.o
 .debug_pubnames
                0x00004713      0x222 Output/Release/Obj/bno055_testing/BNO055.o
 .debug_pubnames
                0x00004935      0x28a Output/Release/Obj/bno055_testing/twi_init.o

.debug_pubtypes
                0x00000000     0x34d8
 .debug_pubtypes
                0x00000000      0x1e8 Output/Release/Obj/bno055_testing/main.o
 .debug_pubtypes
                0x000001e8      0x1ea Output/Release/Obj/bno055_testing/system_nrf52.o
 .debug_pubtypes
                0x000003d2      0x363 Output/Release/Obj/bno055_testing/nrf_drv_twi.o
 .debug_pubtypes
                0x00000735      0x415 Output/Release/Obj/bno055_testing/nrf_drv_uart.o
 .debug_pubtypes
                0x00000b4a      0x1cd Output/Release/Obj/bno055_testing/nrfx_prs.o
 .debug_pubtypes
                0x00000d17      0x39b Output/Release/Obj/bno055_testing/nrfx_twim.o
 .debug_pubtypes
                0x000010b2      0x390 Output/Release/Obj/bno055_testing/nrfx_uart.o
 .debug_pubtypes
                0x00001442      0x3d8 Output/Release/Obj/bno055_testing/nrfx_uarte.o
 .debug_pubtypes
                0x0000181a      0x120 Output/Release/Obj/bno055_testing/app_error.o
 .debug_pubtypes
                0x0000193a      0x150 Output/Release/Obj/bno055_testing/app_error_weak.o
 .debug_pubtypes
                0x00001a8a      0x126 Output/Release/Obj/bno055_testing/app_util_platform.o
 .debug_pubtypes
                0x00001bb0      0x118 Output/Release/Obj/bno055_testing/nrf_atomic.o
 .debug_pubtypes
                0x00001cc8      0x13b Output/Release/Obj/bno055_testing/nrf_balloc.o
 .debug_pubtypes
                0x00001e03      0x15f Output/Release/Obj/bno055_testing/nrf_fprintf.o
 .debug_pubtypes
                0x00001f62      0x178 Output/Release/Obj/bno055_testing/nrf_fprintf_format.o
 .debug_pubtypes
                0x000020da      0x204 Output/Release/Obj/bno055_testing/nrf_memobj.o
 .debug_pubtypes
                0x000022de      0x298 Output/Release/Obj/bno055_testing/nrf_log_backend_serial.o
 .debug_pubtypes
                0x00002576      0x337 Output/Release/Obj/bno055_testing/nrf_log_backend_uart.o
 .debug_pubtypes
                0x000028ad      0x1a0 Output/Release/Obj/bno055_testing/nrf_log_default_backends.o
 .debug_pubtypes
                0x00002a4d      0x365 Output/Release/Obj/bno055_testing/nrf_log_frontend.o
 .debug_pubtypes
                0x00002db2      0x192 Output/Release/Obj/bno055_testing/nrf_log_str_formatter.o
 .debug_pubtypes
                0x00002f44      0x128 Output/Release/Obj/bno055_testing/SEGGER_RTT.o
 .debug_pubtypes
                0x0000306c      0x21d Output/Release/Obj/bno055_testing/BNO055.o
 .debug_pubtypes
                0x00003289      0x24f Output/Release/Obj/bno055_testing/twi_init.o

.debug_aranges  0x00000000      0x8a8
 .debug_aranges
                0x00000000       0x28 Output/Release/Obj/bno055_testing/main.o
 .debug_aranges
                0x00000028       0x20 Output/Release/Obj/bno055_testing/ses_startup_nrf52.o
 .debug_aranges
                0x00000048       0x20 Output/Release/Obj/bno055_testing/ses_startup_nrf_common.o
 .debug_aranges
                0x00000068       0x48 Output/Release/Obj/bno055_testing/system_nrf52.o
 .debug_aranges