Archive member included to satisfy reference by file (symbol)

/usr/share/segger_embedded_studio_for_arm_7.32a/lib/libc_v7em_fpv4_sp_d16_hard_t_le_eabi_balanced.a(fileops.o)
                              Output/Debug/Obj/bno055_testing/BNO055.o (puts)
/usr/share/segger_embedded_studio_for_arm_7.32a/lib/libc_v7em_fpv4_sp_d16_hard_t_le_eabi_balanced.a(floatops.o)
                              Output/Debug/Obj/bno055_testing/BNO055.o (asin)
/usr/share/segger_embedded_studio_for_arm_7.32a/lib/libc_v7em_fpv4_sp_d16_hard_t_le_eabi_balanced.a(mbops.o)
                              Output/Debug/Obj/bno055_testing/nrf_log_str_formatter.o (isprint)
/usr/share/segger_embedded_studio_for_arm_7.32a/lib/libc_v7em_fpv4_sp_d16_hard_t_le_eabi_balanced.a(sortops.o)
                              /usr/share/segger_embedded_studio_for_arm_7.32a/lib/libc_v7em_fpv4_sp_d16_hard_t_le_eabi_balanced.a(mbops.o) (bsearch)
/usr/share/segger_embedded_studio_for_arm_7.32a/lib/libc_v7em_fpv4_sp_d16_hard_t_le_eabi_balanced.a(timeops.o)
                              /usr/share/segger_embedded_studio_for_arm_7.32a/lib/libc_v7em_fpv4_sp_d16_hard_t_le_eabi_balanced.a(mbops.o) (__SEGGER_RTL_string_list_encode)
/usr/share/segger_embedded_studio_for_arm_7.32a/lib/libc_v7em_fpv4_sp_d16_hard_t_le_eabi_balanced.a(floatasmops_arm.o)
                              Output/Debug/Obj/bno055_testing/BNO055.o (__aeabi_dadd)
/usr/share/segger_embedded_studio_for_arm_7.32a/lib/libc_v7em_fpv4_sp_d16_hard_t_le_eabi_balanced.a(prinops.o)
                              Output/Debug/Obj/bno055_testing/BNO055.o (printf)
/usr/share/segger_embedded_studio_for_arm_7.32a/lib/libc_v7em_fpv4_sp_d16_hard_t_le_eabi_balanced.a(__SEGGER_RTL_vfprintf_short_float_long.o)
                              (__SEGGER_RTL_vfprintf_short_float_long)
/usr/share/segger_embedded_studio_for_arm_7.32a/lib/libc_v7em_fpv4_sp_d16_hard_t_le_eabi_balanced.a(__SEGGER_RTL_vfscanf_long.o)
                              (__SEGGER_RTL_vfscanf_long)
/usr/share/segger_embedded_studio_for_arm_7.32a/lib/libc_v7em_fpv4_sp_d16_hard_t_le_eabi_balanced.a(errno.o)
                              /usr/share/segger_embedded_studio_for_arm_7.32a/lib/libc_v7em_fpv4_sp_d16_hard_t_le_eabi_balanced.a(fileops.o) (__aeabi_errno_addr)
/usr/share/segger_embedded_studio_for_arm_7.32a/lib/libc_v7em_fpv4_sp_d16_hard_t_le_eabi_balanced.a(intops.o)
                              /usr/share/segger_embedded_studio_for_arm_7.32a/lib/libc_v7em_fpv4_sp_d16_hard_t_le_eabi_balanced.a(__SEGGER_RTL_vfprintf_short_float_long.o) (abs)
/usr/share/segger_embedded_studio_for_arm_7.32a/lib/libc_v7em_fpv4_sp_d16_hard_t_le_eabi_balanced.a(utilops.o)
                              /usr/share/segger_embedded_studio_for_arm_7.32a/lib/libc_v7em_fpv4_sp_d16_hard_t_le_eabi_balanced.a(__SEGGER_RTL_vfprintf_short_float_long.o) (__SEGGER_RTL_pow10f)
/usr/share/segger_embedded_studio_for_arm_7.32a/lib/libc_v7em_fpv4_sp_d16_hard_t_le_eabi_balanced.a(intasmops_arm.o)
                              /usr/share/segger_embedded_studio_for_arm_7.32a/lib/libc_v7em_fpv4_sp_d16_hard_t_le_eabi_balanced.a(intops.o) (__aeabi_ldivmod)
/usr/share/segger_embedded_studio_for_arm_7.32a/lib/prinops_rtt_v7em_fpv4_sp_d16_hard_t_le_eabi_balanced.a(prinops_rtt.o)
                              /usr/share/segger_embedded_studio_for_arm_7.32a/lib/libc_v7em_fpv4_sp_d16_hard_t_le_eabi_balanced.a(fileops.o) (__SEGGER_RTL_X_file_stat)
/usr/share/segger_embedded_studio_for_arm_7.32a/lib/heapops_basic_v7em_fpv4_sp_d16_hard_t_le_eabi_balanced.a(heapops_basic.o)
                              Output/Debug/Obj/bno055_testing/thumb_crt0.o (__SEGGER_RTL_init_heap)
/usr/share/segger_embedded_studio_for_arm_7.32a/lib/heapops_disable_interrupts_locking_v7em_fpv4_sp_d16_hard_t_le_eabi_balanced.a(heapops.o)
                              /usr/share/segger_embedded_studio_for_arm_7.32a/lib/libc_v7em_fpv4_sp_d16_hard_t_le_eabi_balanced.a(mbops.o) (malloc)
/usr/share/segger_embedded_studio_for_arm_7.32a/lib/strops_unaligned_v7em_fpv4_sp_d16_hard_t_le_eabi_balanced.a(strops.o)
                              /usr/share/segger_embedded_studio_for_arm_7.32a/lib/libc_v7em_fpv4_sp_d16_hard_t_le_eabi_balanced.a(timeops.o) (mempcpy)
/usr/share/segger_embedded_studio_for_arm_7.32a/lib/strops_unaligned_v7em_fpv4_sp_d16_hard_t_le_eabi_balanced.a(strasmops_arm.o)
                              /usr/share/segger_embedded_studio_for_arm_7.32a/lib/libc_v7em_fpv4_sp_d16_hard_t_le_eabi_balanced.a(timeops.o) (strcmp)
/usr/share/segger_embedded_studio_for_arm_7.32a/lib/libc_v7em_fpv4_sp_d16_hard_t_le_eabi_balanced.a(execops.o)
                              /usr/share/segger_embedded_studio_for_arm_7.32a/lib/strops_unaligned_v7em_fpv4_sp_d16_hard_t_le_eabi_balanced.a(strops.o) (__SEGGER_RTL_constraint_violation)
/usr/share/segger_embedded_studio_for_arm_7.32a/lib/libc_v7em_fpv4_sp_d16_hard_t_le_eabi_balanced.a(execops_arm.o)
[...]
Memory Configuration

Name             Origin             Length             Attributes
UNPLACED_SECTIONS 0x0000000100000000 0x0000000000000000 xw
RAM1             0x0000000020000000 0x0000000000010000 xw
FLASH1           0x0000000000000000 0x0000000000080000 xw
*default*        0x0000000000000000 0xffffffffffffffff

Linker script and memory map

                0x0000000020000000                __RAM1_segment_start__ = 0x20000000
                0x0000000020010000                __RAM1_segment_end__ = 0x20010000
                0x0000000000010000                __RAM1_segment_size__ = 0x10000
                0x0000000000000000                __FLASH1_segment_start__ = 0x0
                0x0000000000080000                __FLASH1_segment_end__ = 0x80000
                0x0000000000080000                __FLASH1_segment_size__ = 0x80000
                0x0000000000002000                __HEAPSIZE__ = 0x2000
                0x0000000000006d3c                __SEGGER_RTL_vfprintf = __SEGGER_RTL_vfprintf_short_float_long
                0x0000000000000000                __SEGGER_RTL_vfscanf = __SEGGER_RTL_vfscanf_long
                0x0000000000000000                __STACKSIZE_PROCESS__ = 0x0
                0x0000000000002000                __STACKSIZE__ = 0x2000
                0x0000000020000000                __vectors_ram_load_start__ = 0x20000000

.vectors_ram    0x0000000020000000        0x0
                0x0000000020000000                __vectors_ram_start__ = .
                0x0000000020000000                __app_ram_start__ = __vectors_ram_start__
 *(.vectors_ram .vectors_ram.*)
                0x0000000020000000                __vectors_ram_end__ = (__vectors_ram_start__ + SIZEOF (.vectors_ram))
                0x0000000000000000                __vectors_ram_size__ = SIZEOF (.vectors_ram)
                0x0000000020000000                __vectors_ram_load_end__ = __vectors_ram_end__
                0x0000000000000001                . = ASSERT (((__vectors_ram_start__ == __vectors_ram_end__) || ((__vectors_ram_end__ - __RAM1_segment_start__) <= __RAM1_segment_size__)), error: .vectors_ram is too large to fit in RAM1 memory segment)
                0x0000000020000000                __nrf_sections_run_load_start__ = ALIGN (__vectors_ram_end__, 0x4)

.nrf_sections_run
                0x0000000020000000        0x0
                0x0000000020000000                __nrf_sections_run_start__ = .
                0x0000000020000000                __start_nrf_sections_run = __nrf_sections_run_start__
 *(.nrf_sections_run .nrf_sections_run.*)
                0x0000000020000000                __nrf_sections_run_end__ = (__nrf_sections_run_start__ + SIZEOF (.nrf_sections_run))
                0x0000000000000000                __nrf_sections_run_size__ = SIZEOF (.nrf_sections_run)
                0x0000000020000000                __nrf_sections_run_load_end__ = __nrf_sections_run_end__
                0x0000000000000001                . = ASSERT (((__nrf_sections_run_start__ == __nrf_sections_run_end__) || ((__nrf_sections_run_end__ - __RAM1_segment_start__) <= __RAM1_segment_size__)), error: .nrf_sections_run is too large to fit in RAM1 memory segment)
                0x0000000000000000                __vectors_load_start__ = 0x0

.vectors        0x0000000000000000      0x200
                0x0000000000000000                __vectors_start__ = .
 *(.vectors .vectors.*)
 .vectors       0x0000000000000000      0x200 Output/Debug/Obj/bno055_testing/ses_startup_nrf52.o
                0x0000000000000000                _vectors
                0x0000000000000200                __vectors_end__ = (__vectors_start__ + SIZEOF (.vectors))
                0x0000000000000200                __vectors_size__ = SIZEOF (.vectors)
                0x0000000000000200                __vectors_load_end__ = __vectors_end__
                0x0000000000000001                . = ASSERT (((__vectors_start__ == __vectors_end__) || ((__vectors_end__ - __FLASH1_segment_start__) <= __FLASH1_segment_size__)), error: .vectors is too large to fit in FLASH1 memory segment)
                0x0000000000000200                __init_load_start__ = ALIGN (__vectors_end__, 0x4)

.init           0x0000000000000200      0x1e4
                0x0000000000000200                __init_start__ = .
 *(.init .init.*)
 .init          0x0000000000000200       0x18 Output/Debug/Obj/bno055_testing/ses_startup_nrf52.o
                0x0000000000000200                NMI_Handler
                0x0000000000000202                HardFault_Handler
                0x0000000000000204                MemoryManagement_Handler
                0x0000000000000206                BusFault_Handler
                0x0000000000000208                UsageFault_Handler
                0x000000000000020a                SVC_Handler
                0x000000000000020c                DebugMon_Handler
                0x000000000000020e                PendSV_Handler
                0x0000000000000210                SysTick_Handler
                0x0000000000000212                TIMER2_IRQHandler
                0x0000000000000212                RTC0_IRQHandler
                0x0000000000000212                SWI0_EGU0_IRQHandler
                0x0000000000000212                SWI2_EGU2_IRQHandler
                0x0000000000000212                GPIOTE_IRQHandler
                0x0000000000000212                PWM1_IRQHandler
                0x0000000000000212                POWER_CLOCK_IRQHandler
                0x0000000000000212                RADIO_IRQHandler
                0x0000000000000212                PDM_IRQHandler
                0x0000000000000212                TEMP_IRQHandler
                0x0000000000000212                QDEC_IRQHandler
                0x0000000000000212                TIMER3_IRQHandler
                0x0000000000000212                FPU_IRQHandler
                0x0000000000000212                TIMER4_IRQHandler
                0x0000000000000212                I2S_IRQHandler
                0x0000000000000212                SWI4_EGU4_IRQHandler
                0x0000000000000212                TIMER0_IRQHandler
                0x0000000000000212                Dummy_Handler
                0x0000000000000212                TIMER1_IRQHandler
                0x0000000000000212                PWM2_IRQHandler
                0x0000000000000212                ECB_IRQHandler
                0x0000000000000212                SAADC_IRQHandler
                0x0000000000000212                CCM_AAR_IRQHandler
                0x0000000000000212                WDT_IRQHandler
                0x0000000000000212                SWI5_EGU5_IRQHandler
                0x0000000000000212                RNG_IRQHandler
                0x0000000000000212                RTC2_IRQHandler
                0x0000000000000212                PWM0_IRQHandler
                0x0000000000000212                SWI3_EGU3_IRQHandler
                0x0000000000000212                RTC1_IRQHandler
                0x0000000000000212                SWI1_EGU1_IRQHandler
                0x0000000000000212                SPIM2_SPIS2_SPI2_IRQHandler
                0x0000000000000212                NFCT_IRQHandler
                0x0000000000000212                MWU_IRQHandler
                0x0000000000000212                COMP_LPCOMP_IRQHandler
                0x0000000000000214                nRFInitialize
 .init          0x0000000000000218       0x5c Output/Debug/Obj/bno055_testing/ses_startup_nrf_common.o
                0x0000000000000218                Reset_Handler
                0x000000000000021c                afterInitialize
                0x0000000000000240                InitializeUserMemorySections
 .init          0x0000000000000274      0x170 Output/Debug/Obj/bno055_testing/thumb_crt0.o
                0x0000000000000274                _start
                0x0000000000000322                _Exit
                0x0000000000000322                exit
                0x00000000000003e4                __init_end__ = (__init_start__ + SIZEOF (.init))
                0x00000000000001e4                __init_size__ = SIZEOF (.init)
                0x00000000000003e4                __init_load_end__ = __init_end__
                0x0000000000000001                . = ASSERT (((__init_start__ == __init_end__) || ((__init_end__ - __FLASH1_segment_start__) <= __FLASH1_segment_size__)), error: .init is too large to fit in FLASH1 memory segment)
                0x00000000000003e4                __init_rodata_load_start__ = ALIGN (__init_end__, 0x4)

.init_rodata    0x00000000000003e4        0x0
                0x00000000000003e4                __init_rodata_start__ = .
 *(.init_rodata .init_rodata.*)
                0x00000000000003e4                __init_rodata_end__ = (__init_rodata_start__ + SIZEOF (.init_rodata))
                0x0000000000000000                __init_rodata_size__ = SIZEOF (.init_rodata)
                0x00000000000003e4                __init_rodata_load_end__ = __init_rodata_end__
                0x0000000000000001                . = ASSERT (((__init_rodata_start__ == __init_rodata_end__) || ((__init_rodata_end__ - __FLASH1_segment_start__) <= __FLASH1_segment_size__)), error: .init_rodata is too large to fit in FLASH1 memory segment)
                0x00000000000003e4                __text_load_start__ = ALIGN (__init_rodata_end__, 0x4)

.text           0x00000000000003e4     0x781c
                0x00000000000003e4                __text_start__ = .
 *(.text .text.* .gnu.linkonce.t.* .glue_7t .glue_7 .gcc_except_table .ARM.extab* .gnu.linkonce.armextab.*)
 .glue_7        0x00000000000003e4        0x0 linker stubs
 .glue_7t       0x00000000000003e4        0x0 linker stubs
 .text.nrfx_coredep_delay_us
                0x00000000000003e4       0x30 Output/Debug/Obj/bno055_testing/main.o
 .text.nrf_delay_ms
                0x0000000000000414       0x2a Output/Debug/Obj/bno055_testing/main.o
 *fill*         0x000000000000043e        0x2 
 .text.main     0x0000000000000440       0x54 Output/Debug/Obj/bno055_testing/main.o
                0x0000000000000440                main
 .text.__NVIC_SystemReset
                0x0000000000000494       0x28 Output/Debug/Obj/bno055_testing/system_nrf52.o
 .text.nrf52_errata_12
                0x00000000000004bc       0x88 Output/Debug/Obj/bno055_testing/system_nrf52.o
 .text.nrf52_errata_16
                0x0000000000000544       0x68 Output/Debug/Obj/bno055_testing/system_nrf52.o
 .text.nrf52_errata_31
                0x00000000000005ac       0x88 Output/Debug/Obj/bno055_testing/system_nrf52.o
 .text.nrf52_errata_32
                0x0000000000000634       0x68 Output/Debug/Obj/bno055_testing/system_nrf52.o
 .text.nrf52_errata_36
                0x000000000000069c       0x88 Output/Debug/Obj/bno055_testing/system_nrf52.o
 .text.nrf52_errata_37
                0x0000000000000724       0x68 Output/Debug/Obj/bno055_testing/system_nrf52.o
 .text.nrf52_errata_57
                0x000000000000078c       0x68 Output/Debug/Obj/bno055_testing/system_nrf52.o
 .text.nrf52_errata_66
                0x00000000000007f4       0x88 Output/Debug/Obj/bno055_testing/system_nrf52.o
 .text.nrf52_errata_108
                0x000000000000087c       0x88 Output/Debug/Obj/bno055_testing/system_nrf52.o
 .text.nrf52_errata_136
                0x0000000000000904       0x88 Output/Debug/Obj/bno055_testing/system_nrf52.o
 .text.nrf52_errata_182
                0x000000000000098c       0x60 Output/Debug/Obj/bno055_testing/system_nrf52.o
 .text.nrf52_errata_249
                0x00000000000009ec       0x60 Output/Debug/Obj/bno055_testing/system_nrf52.o
 .text.nrf52_handle_approtect
                0x0000000000000a4c       0x20 Output/Debug/Obj/bno055_testing/system_nrf52.o
 .text.nvmc_wait
                0x0000000000000a6c       0x18 Output/Debug/Obj/bno055_testing/system_nrf52.o
                0x0000000000000a6c                nvmc_wait
 .text.nvmc_config
                0x0000000000000a84       0x20 Output/Debug/Obj/bno055_testing/system_nrf52.o
                0x0000000000000a84                nvmc_config
 .text.SystemCoreClockUpdate
                0x0000000000000aa4       0x14 Output/Debug/Obj/bno055_testing/system_nrf52.o
                0x0000000000000aa4                SystemCoreClockUpdate
 .text.SystemInit
                0x0000000000000ab8      0x2ac Output/Debug/Obj/bno055_testing/system_nrf52.o
                0x0000000000000ab8                SystemInit
 .text.nrfx_coredep_delay_us
                0x0000000000000d64       0x30 Output/Debug/Obj/bno055_testing/nrf_drv_twi.o
 .text.nrf_gpio_pin_port_decode
                0x0000000000000d94       0x30 Output/Debug/Obj/bno055_testing/nrf_drv_twi.o
 .text.nrf_gpio_pin_set
                0x0000000000000dc4       0x28 Output/Debug/Obj/bno055_testing/nrf_drv_twi.o
 .text.nrf_gpio_pin_clear
                0x0000000000000dec       0x28 Output/Debug/Obj/bno055_testing/nrf_drv_twi.o
 .text.nrf_gpio_pin_read
                0x0000000000000e14       0x2a Output/Debug/Obj/bno055_testing/nrf_drv_twi.o
 .text.nrf_gpio_port_in_read
                0x0000000000000e3e       0x10 Output/Debug/Obj/bno055_testing/nrf_drv_twi.o
 .text.nrf_gpio_port_out_set
                0x0000000000000e4e       0x14 Output/Debug/Obj/bno055_testing/nrf_drv_twi.o
 .text.nrf_gpio_port_out_clear
                0x0000000000000e62       0x14 Output/Debug/Obj/bno055_testing/nrf_drv_twi.o
 .text.nrf_gpio_pin_present_check
                0x0000000000000e76       0x40 Output/Debug/Obj/bno055_testing/nrf_drv_twi.o
 .text.twi_clear_bus
                0x0000000000000eb6       0xde Output/Debug/Obj/bno055_testing/nrf_drv_twi.o
 .text.twim_evt_handler
                0x0000000000000f94       0x6c Output/Debug/Obj/bno055_testing/nrf_drv_twi.o
 .text.nrf_drv_twi_init
                0x0000000000001000       0x68 Output/Debug/Obj/bno055_testing/nrf_drv_twi.o
                0x0000000000001000                nrf_drv_twi_init
 .text.uarte_evt_handler
                0x0000000000001068       0x50 Output/Debug/Obj/bno055_testing/nrf_drv_uart.o
 .text.uart_evt_handler
                0x00000000000010b8       0x50 Output/Debug/Obj/bno055_testing/nrf_drv_uart.o
 .text.nrf_drv_uart_init
                0x0000000000001108       0xc0 Output/Debug/Obj/bno055_testing/nrf_drv_uart.o
                0x0000000000001108                nrf_drv_uart_init
 .text.UARTE0_UART0_IRQHandler
                0x00000000000011c8       0x24 Output/Debug/Obj/bno055_testing/nrfx_prs.o
                0x00000000000011c8                UARTE0_UART0_IRQHandler
 .text.prs_box_get
                0x00000000000011ec       0x20 Output/Debug/Obj/bno055_testing/nrfx_prs.o
 .text.nrfx_prs_acquire
                0x000000000000120c       0x74 Output/Debug/Obj/bno055_testing/nrfx_prs.o
                0x000000000000120c                nrfx_prs_acquire
 .text.nrfx_prs_release
                0x0000000000001280       0x3c Output/Debug/Obj/bno055_testing/nrfx_prs.o
                0x0000000000001280                nrfx_prs_release
 .text.__NVIC_EnableIRQ
                0x00000000000012bc       0x34 Output/Debug/Obj/bno055_testing/nrfx_twim.o
 .text.__NVIC_ClearPendingIRQ
                0x00000000000012f0       0x38 Output/Debug/Obj/bno055_testing/nrfx_twim.o
 .text.__NVIC_SetPriority
                0x0000000000001328       0x50 Output/Debug/Obj/bno055_testing/nrfx_twim.o
 .text.nrfx_is_in_ram
                0x0000000000001378       0x1c Output/Debug/Obj/bno055_testing/nrfx_twim.o
 .text.nrfx_get_irq_number
                0x0000000000001394       0x10 Output/Debug/Obj/bno055_testing/nrfx_twim.o
 .text._NRFX_IRQ_PRIORITY_SET
                0x00000000000013a4       0x40 Output/Debug/Obj/bno055_testing/nrfx_twim.o
 .text._NRFX_IRQ_ENABLE
                0x00000000000013e4       0x1c Output/Debug/Obj/bno055_testing/nrfx_twim.o
 .text._NRFX_IRQ_PENDING_CLEAR
                0x0000000000001400       0x1c Output/Debug/Obj/bno055_testing/nrfx_twim.o
 .text.nrf_twim_task_trigger
                0x000000000000141c       0x1c Output/Debug/Obj/bno055_testing/nrfx_twim.o
 .text.nrf_twim_event_clear
                0x0000000000001438       0x2a Output/Debug/Obj/bno055_testing/nrfx_twim.o
 .text.nrf_twim_event_check
                0x0000000000001462       0x24 Output/Debug/Obj/bno055_testing/nrfx_twim.o
 .text.nrf_twim_int_enable
                0x0000000000001486       0x14 Output/Debug/Obj/bno055_testing/nrfx_twim.o
 .text.nrf_twim_int_disable
                0x000000000000149a       0x14 Output/Debug/Obj/bno055_testing/nrfx_twim.o
 .text.nrf_twim_enable
                0x00000000000014ae       0x12 Output/Debug/Obj/bno055_testing/nrfx_twim.o
 .text.nrf_twim_disable
                0x00000000000014c0       0x12 Output/Debug/Obj/bno055_testing/nrfx_twim.o
 .text.nrf_twim_pins_set
                0x00000000000014d2       0x1e Output/Debug/Obj/bno055_testing/nrfx_twim.o
 .text.nrf_twim_frequency_set
                0x00000000000014f0       0x14 Output/Debug/Obj/bno055_testing/nrfx_twim.o
 .text.nrf_twim_errorsrc_get_and_clear
                0x0000000000001504       0x1c Output/Debug/Obj/bno055_testing/nrfx_twim.o
 .text.nrf_twim_address_set
                0x0000000000001520       0x1a Output/Debug/Obj/bno055_testing/nrfx_twim.o
 .text.nrf_twim_tx_buffer_set
                0x000000000000153a       0x1e Output/Debug/Obj/bno055_testing/nrfx_twim.o
 .text.nrf_twim_rx_buffer_set
                0x0000000000001558       0x1e Output/Debug/Obj/bno055_testing/nrfx_twim.o
 .text.nrf_twim_shorts_set
                0x0000000000001576       0x14 Output/Debug/Obj/bno055_testing/nrfx_twim.o
 .text.nrf_twim_txd_amount_get
                0x000000000000158a       0x10 Output/Debug/Obj/bno055_testing/nrfx_twim.o
 .text.nrf_twim_shorts_get
                0x000000000000159a       0x10 Output/Debug/Obj/bno055_testing/nrfx_twim.o
 .text.nrf_twim_rxd_amount_get
                0x00000000000015aa       0x10 Output/Debug/Obj/bno055_testing/nrfx_twim.o
 .text.nrf_twim_tx_list_enable
                0x00000000000015ba       0x12 Output/Debug/Obj/bno055_testing/nrfx_twim.o
 .text.nrf_twim_tx_list_disable
                0x00000000000015cc       0x12 Output/Debug/Obj/bno055_testing/nrfx_twim.o
 .text.nrf_twim_rx_list_enable
                0x00000000000015de       0x12 Output/Debug/Obj/bno055_testing/nrfx_twim.o
 .text.nrf_twim_rx_list_disable
                0x00000000000015f0       0x12 Output/Debug/Obj/bno055_testing/nrfx_twim.o
 *fill*         0x0000000000001602        0x2 
 .text.nrf_gpio_pin_port_decode
                0x0000000000001604       0x30 Output/Debug/Obj/bno055_testing/nrfx_twim.o
 .text.nrf_gpio_cfg
                0x0000000000001634       0x62 Output/Debug/Obj/bno055_testing/nrfx_twim.o
 .text.nrf_gpio_pin_present_check
                0x0000000000001696       0x40 Output/Debug/Obj/bno055_testing/nrfx_twim.o
 .text.twi_process_error
                0x00000000000016d6       0x40 Output/Debug/Obj/bno055_testing/nrfx_twim.o
 *fill*         0x0000000000001716        0x2 
 .text.xfer_completeness_check
                0x0000000000001718       0xfc Output/Debug/Obj/bno055_testing/nrfx_twim.o
 .text.nrfx_twim_init
                0x0000000000001814      0x148 Output/Debug/Obj/bno055_testing/nrfx_twim.o
                0x0000000000001814                nrfx_twim_init
 .text.nrfx_twim_enable
                0x000000000000195c       0x50 Output/Debug/Obj/bno055_testing/nrfx_twim.o
                0x000000000000195c                nrfx_twim_enable
 .text.twim_list_enable_handle
                0x00000000000019ac       0x40 Output/Debug/Obj/bno055_testing/nrfx_twim.o
 .text.twim_xfer
                0x00000000000019ec      0x440 Output/Debug/Obj/bno055_testing/nrfx_twim.o
 .text.nrfx_twim_xfer
                0x0000000000001e2c       0xb0 Output/Debug/Obj/bno055_testing/nrfx_twim.o
                0x0000000000001e2c                nrfx_twim_xfer
 .text.nrfx_twim_tx
                0x0000000000001edc       0x50 Output/Debug/Obj/bno055_testing/nrfx_twim.o
                0x0000000000001edc                nrfx_twim_tx
 .text.nrfx_twim_rx
                0x0000000000001f2c       0x44 Output/Debug/Obj/bno055_testing/nrfx_twim.o
                0x0000000000001f2c                nrfx_twim_rx
 .text.twim_irq_handler
                0x0000000000001f70      0x2a4 Output/Debug/Obj/bno055_testing/nrfx_twim.o
 .text.SPIM0_SPIS0_TWIM0_TWIS0_SPI0_TWI0_IRQHandler
                0x0000000000002214       0x18 Output/Debug/Obj/bno055_testing/nrfx_twim.o
                0x0000000000002214                SPIM0_SPIS0_TWIM0_TWIS0_SPI0_TWI0_IRQHandler
 .text.SPIM1_SPIS1_TWIM1_TWIS1_SPI1_TWI1_IRQHandler
                0x000000000000222c       0x14 Output/Debug/Obj/bno055_testing/nrfx_twim.o
                0x000000000000222c                SPIM1_SPIS1_TWIM1_TWIS1_SPI1_TWI1_IRQHandler
 .text.__NVIC_EnableIRQ
                0x0000000000002240       0x34 Output/Debug/Obj/bno055_testing/nrfx_uart.o
 .text.__NVIC_DisableIRQ
                0x0000000000002274       0x44 Output/Debug/Obj/bno055_testing/nrfx_uart.o
 .text.__NVIC_SetPriority
                0x00000000000022b8       0x50 Output/Debug/Obj/bno055_testing/nrfx_uart.o
 .text.nrfx_get_irq_number
                0x0000000000002308       0x10 Output/Debug/Obj/bno055_testing/nrfx_uart.o
 .text._NRFX_IRQ_PRIORITY_SET
                0x0000000000002318       0x40 Output/Debug/Obj/bno055_testing/nrfx_uart.o
 .text._NRFX_IRQ_ENABLE
                0x0000000000002358       0x1c Output/Debug/Obj/bno055_testing/nrfx_uart.o
 .text._NRFX_IRQ_DISABLE
                0x0000000000002374       0x1c Output/Debug/Obj/bno055_testing/nrfx_uart.o
 .text.nrf_uart_event_clear
                0x0000000000002390       0x2a Output/Debug/Obj/bno055_testing/nrfx_uart.o
 .text.nrf_uart_event_check
                0x00000000000023ba       0x24 Output/Debug/Obj/bno055_testing/nrfx_uart.o
 .text.nrf_uart_int_enable
                0x00000000000023de       0x14 Output/Debug/Obj/bno055_testing/nrfx_uart.o
 .text.nrf_uart_int_enable_check
                0x00000000000023f2       0x20 Output/Debug/Obj/bno055_testing/nrfx_uart.o
 .text.nrf_uart_int_disable
                0x0000000000002412       0x14 Output/Debug/Obj/bno055_testing/nrfx_uart.o
 .text.nrf_uart_errorsrc_get_and_clear
                0x0000000000002426       0x1c Output/Debug/Obj/bno055_testing/nrfx_uart.o
 .text.nrf_uart_enable
                0x0000000000002442       0x12 Output/Debug/Obj/bno055_testing/nrfx_uart.o
 .text.nrf_uart_disable
                0x0000000000002454       0x12 Output/Debug/Obj/bno055_testing/nrfx_uart.o
 .text.nrf_uart_txrx_pins_set
                0x0000000000002466       0x1e Output/Debug/Obj/bno055_testing/nrfx_uart.o
 .text.nrf_uart_txrx_pins_disconnect
                0x0000000000002484       0x1c Output/Debug/Obj/bno055_testing/nrfx_uart.o
 .text.nrf_uart_tx_pin_get
                0x00000000000024a0       0x10 Output/Debug/Obj/bno055_testing/nrfx_uart.o
 .text.nrf_uart_rx_pin_get
                0x00000000000024b0       0x10 Output/Debug/Obj/bno055_testing/nrfx_uart.o
 .text.nrf_uart_rts_pin_get
                0x00000000000024c0       0x10 Output/Debug/Obj/bno055_testing/nrfx_uart.o
 .text.nrf_uart_cts_pin_get
                0x00000000000024d0       0x10 Output/Debug/Obj/bno055_testing/nrfx_uart.o
 .text.nrf_uart_hwfc_pins_set
                0x00000000000024e0       0x1e Output/Debug/Obj/bno055_testing/nrfx_uart.o
 .text.nrf_uart_hwfc_pins_disconnect
                0x00000000000024fe       0x1c Output/Debug/Obj/bno055_testing/nrfx_uart.o
 .text.nrf_uart_rxd_get
                0x000000000000251a       0x12 Output/Debug/Obj/bno055_testing/nrfx_uart.o
 .text.nrf_uart_txd_set
                0x000000000000252c       0x1a Output/Debug/Obj/bno055_testing/nrfx_uart.o
 .text.nrf_uart_task_trigger
                0x0000000000002546       0x1c Output/Debug/Obj/bno055_testing/nrfx_uart.o
 .text.nrf_uart_configure
                0x0000000000002562       0x2a Output/Debug/Obj/bno055_testing/nrfx_uart.o
 .text.nrf_uart_baudrate_set
                0x000000000000258c       0x14 Output/Debug/Obj/bno055_testing/nrfx_uart.o
 .text.nrf_gpio_pin_port_decode
                0x00000000000025a0       0x30 Output/Debug/Obj/bno055_testing/nrfx_uart.o
 .text.nrf_gpio_cfg
                0x00000000000025d0       0x62 Output/Debug/Obj/bno055_testing/nrfx_uart.o
 .text.nrf_gpio_cfg_output
                0x0000000000002632       0x22 Output/Debug/Obj/bno055_testing/nrfx_uart.o
 .text.nrf_gpio_cfg_input
                0x0000000000002654       0x2a Output/Debug/Obj/bno055_testing/nrfx_uart.o
 .text.nrf_gpio_cfg_default
                0x000000000000267e       0x22 Output/Debug/Obj/bno055_testing/nrfx_uart.o
 .text.nrf_gpio_pin_set
                0x00000000000026a0       0x28 Output/Debug/Obj/bno055_testing/nrfx_uart.o
 .text.nrf_gpio_port_out_set
                0x00000000000026c8       0x14 Output/Debug/Obj/bno055_testing/nrfx_uart.o
 .text.nrf_gpio_pin_present_check
                0x00000000000026dc       0x40 Output/Debug/Obj/bno055_testing/nrfx_uart.o
 .text.apply_config
                0x000000000000271c       0xc6 Output/Debug/Obj/bno055_testing/nrfx_uart.o
 *fill*         0x00000000000027e2        0x2 
 .text.interrupts_enable
                0x00000000000027e4       0x6c Output/Debug/Obj/bno055_testing/nrfx_uart.o
 .text.interrupts_disable
                0x0000000000002850       0x30 Output/Debug/Obj/bno055_testing/nrfx_uart.o
 .text.pins_to_default
                0x0000000000002880       0x8a Output/Debug/Obj/bno055_testing/nrfx_uart.o
 *fill*         0x000000000000290a        0x2 
 .text.nrfx_uart_init
                0x000000000000290c       0xd4 Output/Debug/Obj/bno055_testing/nrfx_uart.o
                0x000000000000290c                nrfx_uart_init
 .text.nrfx_uart_uninit
                0x00000000000029e0       0x5c Output/Debug/Obj/bno055_testing/nrfx_uart.o
                0x00000000000029e0                nrfx_uart_uninit
 .text.tx_byte  0x0000000000002a3c       0x40 Output/Debug/Obj/bno055_testing/nrfx_uart.o
 .text.tx_blocking
                0x0000000000002a7c       0x52 Output/Debug/Obj/bno055_testing/nrfx_uart.o
 *fill*         0x0000000000002ace        0x2 
 .text.nrfx_uart_tx
                0x0000000000002ad0      0x110 Output/Debug/Obj/bno055_testing/nrfx_uart.o
                0x0000000000002ad0                nrfx_uart_tx
 .text.nrfx_uart_tx_in_progress
                0x0000000000002be0       0x2c Output/Debug/Obj/bno055_testing/nrfx_uart.o
                0x0000000000002be0                nrfx_uart_tx_in_progress
 .text.rx_byte  0x0000000000002c0c       0x4e Output/Debug/Obj/bno055_testing/nrfx_uart.o
 .text.rx_done_event
                0x0000000000002c5a       0x2e Output/Debug/Obj/bno055_testing/nrfx_uart.o
 .text.tx_done_event
                0x0000000000002c88       0x34 Output/Debug/Obj/bno055_testing/nrfx_uart.o
 .text.uart_irq_handler
                0x0000000000002cbc      0x1de Output/Debug/Obj/bno055_testing/nrfx_uart.o
 *fill*         0x0000000000002e9a        0x2 
 .text.nrfx_uart_0_irq_handler
                0x0000000000002e9c       0x18 Output/Debug/Obj/bno055_testing/nrfx_uart.o
                0x0000000000002e9c                nrfx_uart_0_irq_handler
 .text.__NVIC_EnableIRQ
                0x0000000000002eb4       0x34 Output/Debug/Obj/bno055_testing/nrfx_uarte.o
 .text.__NVIC_DisableIRQ
                0x0000000000002ee8       0x44 Output/Debug/Obj/bno055_testing/nrfx_uarte.o
 .text.__NVIC_SetPriority
                0x0000000000002f2c       0x50 Output/Debug/Obj/bno055_testing/nrfx_uarte.o
 .text.nrfx_is_in_ram
                0x0000000000002f7c       0x1c Output/Debug/Obj/bno055_testing/nrfx_uarte.o
 .text.nrfx_get_irq_number
                0x0000000000002f98       0x10 Output/Debug/Obj/bno055_testing/nrfx_uarte.o
 .text._NRFX_IRQ_PRIORITY_SET
                0x0000000000002fa8       0x40 Output/Debug/Obj/bno055_testing/nrfx_uarte.o
 .text._NRFX_IRQ_ENABLE
                0x0000000000002fe8       0x1c Output/Debug/Obj/bno055_testing/nrfx_uarte.o
 .text._NRFX_IRQ_DISABLE
                0x0000000000003004       0x1c Output/Debug/Obj/bno055_testing/nrfx_uarte.o
 .text.nrf_uarte_event_clear
                0x0000000000003020       0x2a Output/Debug/Obj/bno055_testing/nrfx_uarte.o
 .text.nrf_uarte_event_check
                0x000000000000304a       0x24 Output/Debug/Obj/bno055_testing/nrfx_uarte.o
 .text.nrf_uarte_shorts_disable
                0x000000000000306e       0x1e Output/Debug/Obj/bno055_testing/nrfx_uarte.o
 .text.nrf_uarte_int_enable
                0x000000000000308c       0x14 Output/Debug/Obj/bno055_testing/nrfx_uarte.o
 .text.nrf_uarte_int_disable
                0x00000000000030a0       0x14 Output/Debug/Obj/bno055_testing/nrfx_uarte.o
 .text.nrf_uarte_errorsrc_get_and_clear
                0x00000000000030b4       0x1c Output/Debug/Obj/bno055_testing/nrfx_uarte.o
 .text.nrf_uarte_enable
                0x00000000000030d0       0x12 Output/Debug/Obj/bno055_testing/nrfx_uarte.o
 .text.nrf_uarte_disable
                0x00000000000030e2       0x12 Output/Debug/Obj/bno055_testing/nrfx_uarte.o
 .text.nrf_uarte_txrx_pins_set
                0x00000000000030f4       0x1e Output/Debug/Obj/bno055_testing/nrfx_uarte.o
 .text.nrf_uarte_txrx_pins_disconnect
                0x0000000000003112       0x1c Output/Debug/Obj/bno055_testing/nrfx_uarte.o
 .text.nrf_uarte_tx_pin_get
                0x000000000000312e       0x10 Output/Debug/Obj/bno055_testing/nrfx_uarte.o
 .text.nrf_uarte_rx_pin_get
                0x000000000000313e       0x10 Output/Debug/Obj/bno055_testing/nrfx_uarte.o
 .text.nrf_uarte_rts_pin_get
                0x000000000000314e       0x10 Output/Debug/Obj/bno055_testing/nrfx_uarte.o
 .text.nrf_uarte_cts_pin_get
                0x000000000000315e       0x10 Output/Debug/Obj/bno055_testing/nrfx_uarte.o
 .text.nrf_uarte_hwfc_pins_set
                0x000000000000316e       0x1e Output/Debug/Obj/bno055_testing/nrfx_uarte.o
 .text.nrf_uarte_hwfc_pins_disconnect
                0x000000000000318c       0x1c Output/Debug/Obj/bno055_testing/nrfx_uarte.o
 .text.nrf_uarte_task_trigger
                0x00000000000031a8       0x1c Output/Debug/Obj/bno055_testing/nrfx_uarte.o
 .text.nrf_uarte_configure
                0x00000000000031c4       0x2a Output/Debug/Obj/bno055_testing/nrfx_uarte.o
 .text.nrf_uarte_baudrate_set
                0x00000000000031ee       0x14 Output/Debug/Obj/bno055_testing/nrfx_uarte.o
 .text.nrf_uarte_tx_buffer_set
                0x0000000000003202       0x1e Output/Debug/Obj/bno055_testing/nrfx_uarte.o
 .text.nrf_uarte_tx_amount_get
                0x0000000000003220       0x10 Output/Debug/Obj/bno055_testing/nrfx_uarte.o
 .text.nrf_uarte_rx_amount_get
                0x0000000000003230       0x10 Output/Debug/Obj/bno055_testing/nrfx_uarte.o
 .text.nrf_gpio_pin_port_decode
                0x0000000000003240       0x30 Output/Debug/Obj/bno055_testing/nrfx_uarte.o
 .text.nrf_gpio_cfg
                0x0000000000003270       0x62 Output/Debug/Obj/bno055_testing/nrfx_uarte.o
 .text.nrf_gpio_cfg_output
                0x00000000000032d2       0x22 Output/Debug/Obj/bno055_testing/nrfx_uarte.o
 .text.nrf_gpio_cfg_input
                0x00000000000032f4       0x2a Output/Debug/Obj/bno055_testing/nrfx_uarte.o
 .text.nrf_gpio_cfg_default
                0x000000000000331e       0x22 Output/Debug/Obj/bno055_testing/nrfx_uarte.o
 .text.nrf_gpio_pin_set
                0x0000000000003340       0x28 Output/Debug/Obj/bno055_testing/nrfx_uarte.o
 .text.nrf_gpio_port_out_set
                0x0000000000003368       0x14 Output/Debug/Obj/bno055_testing/nrfx_uarte.o
 .text.nrf_gpio_pin_present_check
                0x000000000000337c       0x40 Output/Debug/Obj/bno055_testing/nrfx_uarte.o
 .text.apply_config
                0x00000000000033bc       0xc6 Output/Debug/Obj/bno055_testing/nrfx_uarte.o
 *fill*         0x0000000000003482        0x2 
 .text.interrupts_enable
                0x0000000000003484       0x98 Output/Debug/Obj/bno055_testing/nrfx_uarte.o
 .text.interrupts_disable
                0x000000000000351c       0x30 Output/Debug/Obj/bno055_testing/nrfx_uarte.o
 .text.pins_to_default
                0x000000000000354c       0x8a Output/Debug/Obj/bno055_testing/nrfx_uarte.o
 *fill*         0x00000000000035d6        0x2 
 .text.nrfx_uarte_init
                0x00000000000035d8       0xcc Output/Debug/Obj/bno055_testing/nrfx_uarte.o
                0x00000000000035d8                nrfx_uarte_init
 .text.nrfx_uarte_uninit
                0x00000000000036a4       0xc4 Output/Debug/Obj/bno055_testing/nrfx_uarte.o
                0x00000000000036a4                nrfx_uarte_uninit
 .text.nrfx_uarte_tx
                0x0000000000003768      0x17c Output/Debug/Obj/bno055_testing/nrfx_uarte.o
                0x0000000000003768                nrfx_uarte_tx
 .text.nrfx_uarte_tx_in_progress
                0x00000000000038e4       0x30 Output/Debug/Obj/bno055_testing/nrfx_uarte.o
                0x00000000000038e4                nrfx_uarte_tx_in_progress
 .text.rx_done_event
                0x0000000000003914       0x2e Output/Debug/Obj/bno055_testing/nrfx_uarte.o
 .text.tx_done_event
                0x0000000000003942       0x34 Output/Debug/Obj/bno055_testing/nrfx_uarte.o
 .text.uarte_irq_handler
                0x0000000000003976      0x18c Output/Debug/Obj/bno055_testing/nrfx_uarte.o
 *fill*         0x0000000000003b02        0x2 
 .text.nrfx_uarte_0_irq_handler
                0x0000000000003b04       0x18 Output/Debug/Obj/bno055_testing/nrfx_uarte.o
                0x0000000000003b04                nrfx_uarte_0_irq_handler
 .text.app_error_save_and_stop
                0x0000000000003b1c       0x98 Output/Debug/Obj/bno055_testing/app_error.o
                0x0000000000003b1c                app_error_save_and_stop
 .text.app_error_handler
                0x0000000000003bb4       0x1c Output/Debug/Obj/bno055_testing/app_error_handler_gcc.o
                0x0000000000003bb4                app_error_handler
 .text.app_error_fault_handler
                0x0000000000003bd0      0x104 Output/Debug/Obj/bno055_testing/app_error_weak.o
                0x0000000000003bd0                app_error_fault_handler
 .text.app_util_disable_irq
                0x0000000000003cd4       0x18 Output/Debug/Obj/bno055_testing/app_util_platform.o
                0x0000000000003cd4                app_util_disable_irq
 .text.app_util_enable_irq
                0x0000000000003cec       0x20 Output/Debug/Obj/bno055_testing/app_util_platform.o
                0x0000000000003cec                app_util_enable_irq
 .text.app_util_critical_region_enter
                0x0000000000003d0c       0x28 Output/Debug/Obj/bno055_testing/app_util_platform.o
                0x0000000000003d0c                app_util_critical_region_enter
 .text.app_util_critical_region_exit
                0x0000000000003d34       0x2c Output/Debug/Obj/bno055_testing/app_util_platform.o
                0x0000000000003d34                app_util_critical_region_exit
 .text.privilege_level_get
                0x0000000000003d60       0x3a Output/Debug/Obj/bno055_testing/app_util_platform.o
                0x0000000000003d60                privilege_level_get
 .text.assert_nrf_callback
                0x0000000000003d9a       0x2c Output/Debug/Obj/bno055_testing/nrf_assert.o
                0x0000000000003d9a                assert_nrf_callback
 .text.nrf_atomic_u32_fetch_store
                0x0000000000003dc6       0x2e Output/Debug/Obj/bno055_testing/nrf_atomic.o
                0x0000000000003dc6                nrf_atomic_u32_fetch_store
 .text.nrf_atomic_u32_or
                0x0000000000003df4       0x30 Output/Debug/Obj/bno055_testing/nrf_atomic.o
                0x0000000000003df4                nrf_atomic_u32_or
 .text.nrf_atomic_u32_fetch_and
                0x0000000000003e24       0x30 Output/Debug/Obj/bno055_testing/nrf_atomic.o
                0x0000000000003e24                nrf_atomic_u32_fetch_and
 .text.nrf_atomic_u32_add
                0x0000000000003e54       0x30 Output/Debug/Obj/bno055_testing/nrf_atomic.o
                0x0000000000003e54                nrf_atomic_u32_add
 .text.nrf_atomic_u32_sub
                0x0000000000003e84       0x30 Output/Debug/Obj/bno055_testing/nrf_atomic.o
                0x0000000000003e84                nrf_atomic_u32_sub
 .text.nrf_atomic_flag_set
                0x0000000000003eb4       0x18 Output/Debug/Obj/bno055_testing/nrf_atomic.o
                0x0000000000003eb4                nrf_atomic_flag_set
 .text.nrf_atomic_flag_clear_fetch
                0x0000000000003ecc       0x18 Output/Debug/Obj/bno055_testing/nrf_atomic.o
                0x0000000000003ecc                nrf_atomic_flag_clear_fetch
 .text.nrf_balloc_idx2block
                0x0000000000003ee4       0x38 Output/Debug/Obj/bno055_testing/nrf_balloc.o
 .text.nrf_balloc_block2idx
                0x0000000000003f1c       0x34 Output/Debug/Obj/bno055_testing/nrf_balloc.o
 .text.nrf_balloc_alloc
                0x0000000000003f50       0x84 Output/Debug/Obj/bno055_testing/nrf_balloc.o
                0x0000000000003f50                nrf_balloc_alloc
 .text.nrf_balloc_free
                0x0000000000003fd4       0x58 Output/Debug/Obj/bno055_testing/nrf_balloc.o
                0x0000000000003fd4                nrf_balloc_free
 .text.nrf_fprintf_buffer_flush
                0x000000000000402c       0x44 Output/Debug/Obj/bno055_testing/nrf_fprintf.o
                0x000000000000402c                nrf_fprintf_buffer_flush
 .text.nrf_fprintf
                0x0000000000004070       0x74 Output/Debug/Obj/bno055_testing/nrf_fprintf.o
                0x0000000000004070                nrf_fprintf
 .text.buffer_add
                0x00000000000040e4       0x4c Output/Debug/Obj/bno055_testing/nrf_fprintf_format.o
 .text.string_print
                0x0000000000004130       0xc2 Output/Debug/Obj/bno055_testing/nrf_fprintf_format.o
 *fill*         0x00000000000041f2        0x2 
 .text.unsigned_print
                0x00000000000041f4      0x130 Output/Debug/Obj/bno055_testing/nrf_fprintf_format.o
 .text.int_print
                0x0000000000004324      0x11c Output/Debug/Obj/bno055_testing/nrf_fprintf_format.o
 .text.nrf_fprintf_fmt
                0x0000000000004440      0x388 Output/Debug/Obj/bno055_testing/nrf_fprintf_format.o
                0x0000000000004440                nrf_fprintf_fmt
 .text.nrf_memobj_alloc
                0x00000000000047c8       0xae Output/Debug/Obj/bno055_testing/nrf_memobj.o
                0x00000000000047c8                nrf_memobj_alloc
 .text.nrf_memobj_free
                0x0000000000004876       0x74 Output/Debug/Obj/bno055_testing/nrf_memobj.o
                0x0000000000004876                nrf_memobj_free
 .text.nrf_memobj_get
                0x00000000000048ea       0x1e Output/Debug/Obj/bno055_testing/nrf_memobj.o
                0x00000000000048ea                nrf_memobj_get
 .text.nrf_memobj_put
                0x0000000000004908       0x34 Output/Debug/Obj/bno055_testing/nrf_memobj.o
                0x0000000000004908                nrf_memobj_put
 .text.memobj_op
                0x000000000000493c      0x124 Output/Debug/Obj/bno055_testing/nrf_memobj.o
 .text.nrf_memobj_write
                0x0000000000004a60       0x3c Output/Debug/Obj/bno055_testing/nrf_memobj.o
                0x0000000000004a60                nrf_memobj_write
 .text.nrf_memobj_read
                0x0000000000004a9c       0x40 Output/Debug/Obj/bno055_testing/nrf_memobj.o
                0x0000000000004a9c                nrf_memobj_read
 .text.nrf_strerror_get
                0x0000000000004adc       0x28 Output/Debug/Obj/bno055_testing/nrf_strerror.o
                0x0000000000004adc                nrf_strerror_get
 .text.nrf_strerror_find
                0x0000000000004b04       0x68 Output/Debug/Obj/bno055_testing/nrf_strerror.o
                0x0000000000004b04                nrf_strerror_find
 .text.nrf_log_backend_serial_put
                0x0000000000004b6c      0x124 Output/Debug/Obj/bno055_testing/nrf_log_backend_serial.o
                0x0000000000004b6c                nrf_log_backend_serial_put
 .text.nrf_drv_uart_uninit
                0x0000000000004c90       0x44 Output/Debug/Obj/bno055_testing/nrf_log_backend_uart.o
 .text.nrf_drv_uart_tx
                0x0000000000004cd4       0x64 Output/Debug/Obj/bno055_testing/nrf_log_backend_uart.o
 .text.uart_evt_handler
                0x0000000000004d38       0x18 Output/Debug/Obj/bno055_testing/nrf_log_backend_uart.o
 .text.uart_init
                0x0000000000004d50       0x88 Output/Debug/Obj/bno055_testing/nrf_log_backend_uart.o
 .text.serial_tx
                0x0000000000004dd8       0x6c Output/Debug/Obj/bno055_testing/nrf_log_backend_uart.o
 .text.nrf_log_backend_uart_put
                0x0000000000004e44       0x28 Output/Debug/Obj/bno055_testing/nrf_log_backend_uart.o
 .text.nrf_log_backend_uart_flush
                0x0000000000004e6c        0xa Output/Debug/Obj/bno055_testing/nrf_log_backend_uart.o
 *fill*         0x0000000000004e76        0x2 
 .text.nrf_log_backend_uart_panic_set
                0x0000000000004e78       0x20 Output/Debug/Obj/bno055_testing/nrf_log_backend_uart.o
 .text.nrf_log_backend_put
                0x0000000000004e98       0x1c Output/Debug/Obj/bno055_testing/nrf_log_frontend.o
 .text.nrf_log_backend_panic_set
                0x0000000000004eb4       0x18 Output/Debug/Obj/bno055_testing/nrf_log_frontend.o
 .text.nrf_log_backend_flush
                0x0000000000004ecc       0x18 Output/Debug/Obj/bno055_testing/nrf_log_frontend.o
 .text.nrf_log_backend_enable
                0x0000000000004ee4       0x12 Output/Debug/Obj/bno055_testing/nrf_log_frontend.o
 .text.nrf_log_backend_is_enabled
                0x0000000000004ef6       0x10 Output/Debug/Obj/bno055_testing/nrf_log_frontend.o
 *fill*         0x0000000000004f06        0x2 
 .text.nrf_log_module_cnt_get
                0x0000000000004f08       0x14 Output/Debug/Obj/bno055_testing/nrf_log_frontend.o
                0x0000000000004f08                nrf_log_module_cnt_get
 .text.module_idx_get
                0x0000000000004f1c       0x64 Output/Debug/Obj/bno055_testing/nrf_log_frontend.o
 .text.nrf_log_module_name_get
                0x0000000000004f80       0x40 Output/Debug/Obj/bno055_testing/nrf_log_frontend.o
                0x0000000000004f80                nrf_log_module_name_get
 .text.nrf_log_color_id_get
                0x0000000000004fc0       0x70 Output/Debug/Obj/bno055_testing/nrf_log_frontend.o
                0x0000000000004fc0                nrf_log_color_id_get
 .text.invalid_packets_omit
                0x0000000000005030       0x6e Output/Debug/Obj/bno055_testing/nrf_log_frontend.o
 *fill*         0x000000000000509e        0x2 
 .text.log_skip
                0x00000000000050a0      0x118 Output/Debug/Obj/bno055_testing/nrf_log_frontend.o
 .text.dropped_sat16_get
                0x00000000000051b8       0x28 Output/Debug/Obj/bno055_testing/nrf_log_frontend.o
 .text.std_header_set
                0x00000000000051e0       0xb4 Output/Debug/Obj/bno055_testing/nrf_log_frontend.o
 .text.log_pending_hook
                0x0000000000005294        0x4 Output/Debug/Obj/bno055_testing/nrf_log_frontend.o
                0x0000000000005294                log_pending_hook
 .text.buf_prealloc
                0x0000000000005298      0x128 Output/Debug/Obj/bno055_testing/nrf_log_frontend.o
 .text.std_n    0x00000000000053c0       0x94 Output/Debug/Obj/bno055_testing/nrf_log_frontend.o
 .text.nrf_log_frontend_std_0
                0x0000000000005454       0x1c Output/Debug/Obj/bno055_testing/nrf_log_frontend.o
                0x0000000000005454                nrf_log_frontend_std_0
 .text.nrf_log_frontend_std_1
                0x0000000000005470       0x22 Output/Debug/Obj/bno055_testing/nrf_log_frontend.o
                0x0000000000005470                nrf_log_frontend_std_1
 .text.nrf_log_frontend_std_2
                0x0000000000005492       0x28 Output/Debug/Obj/bno055_testing/nrf_log_frontend.o
                0x0000000000005492                nrf_log_frontend_std_2
 .text.nrf_log_frontend_std_5
                0x00000000000054ba       0x34 Output/Debug/Obj/bno055_testing/nrf_log_frontend.o
                0x00000000000054ba                nrf_log_frontend_std_5
 *fill*         0x00000000000054ee        0x2 
 .text.buffer_is_empty
                0x00000000000054f0       0x1c Output/Debug/Obj/bno055_testing/nrf_log_frontend.o
                0x00000000000054f0                buffer_is_empty
 .text.nrf_log_frontend_dequeue
                0x000000000000550c      0x3a0 Output/Debug/Obj/bno055_testing/nrf_log_frontend.o
                0x000000000000550c                nrf_log_frontend_dequeue
 .text.nrf_log_panic
                0x00000000000058ac       0x3c Output/Debug/Obj/bno055_testing/nrf_log_frontend.o
                0x00000000000058ac                nrf_log_panic
 .text.timestamp_print
                0x00000000000058e8        0xc Output/Debug/Obj/bno055_testing/nrf_log_str_formatter.o
 .text.prefix_process
                0x00000000000058f4       0xb0 Output/Debug/Obj/bno055_testing/nrf_log_str_formatter.o
 .text.postfix_process
                0x00000000000059a4       0x60 Output/Debug/Obj/bno055_testing/nrf_log_str_formatter.o
 .text.nrf_log_std_entry_process
                0x0000000000005a04      0x144 Output/Debug/Obj/bno055_testing/nrf_log_str_formatter.o
                0x0000000000005a04                nrf_log_std_entry_process
 .text.nrf_log_hexdump_entry_process
                0x0000000000005b48       0xf0 Output/Debug/Obj/bno055_testing/nrf_log_str_formatter.o
                0x0000000000005b48                nrf_log_hexdump_entry_process
 .text._DoInit  0x0000000000005c38       0x9c Output/Debug/Obj/bno055_testing/SEGGER_RTT.o
 .text._WriteBlocking
                0x0000000000005cd4       0xb2 Output/Debug/Obj/bno055_testing/SEGGER_RTT.o
 .text._WriteNoCheck
                0x0000000000005d86       0x7e Output/Debug/Obj/bno055_testing/SEGGER_RTT.o
 .text._GetAvailWriteSpace
                0x0000000000005e04       0x3c Output/Debug/Obj/bno055_testing/SEGGER_RTT.o
 .text.SEGGER_RTT_WriteNoLock
                0x0000000000005e40       0xa0 Output/Debug/Obj/bno055_testing/SEGGER_RTT.o
                0x0000000000005e40                SEGGER_RTT_WriteNoLock
 .text.SEGGER_RTT_Write
                0x0000000000005ee0       0x3c Output/Debug/Obj/bno055_testing/SEGGER_RTT.o
                0x0000000000005ee0                SEGGER_RTT_Write
 .text.nrfx_coredep_delay_us
                0x0000000000005f1c       0x30 Output/Debug/Obj/bno055_testing/BNO055.o
 .text.nrf_delay_ms
                0x0000000000005f4c       0x2a Output/Debug/Obj/bno055_testing/BNO055.o
 .text.nrf_drv_twi_tx
                0x0000000000005f76       0x40 Output/Debug/Obj/bno055_testing/BNO055.o
 .text.nrf_drv_twi_rx
                0x0000000000005fb6       0x38 Output/Debug/Obj/bno055_testing/BNO055.o
 *fill*         0x0000000000005fee        0x2 
 .text.setup_bno055
                0x0000000000005ff0      0x114 Output/Debug/Obj/bno055_testing/BNO055.o
                0x0000000000005ff0                setup_bno055
 .text.i2c_scanner_bno055
                0x0000000000006104       0x84 Output/Debug/Obj/bno055_testing/BNO055.o
                0x0000000000006104                i2c_scanner_bno055
 .text.displayCalStatus
                0x0000000000006188      0x114 Output/Debug/Obj/bno055_testing/BNO055.o
                0x0000000000006188                displayCalStatus
 .text.read_euler
                0x000000000000629c      0x1f4 Output/Debug/Obj/bno055_testing/BNO055.o
                0x000000000000629c                read_euler
 .text.nrf_drv_twi_enable
                0x0000000000006490       0x18 Output/Debug/Obj/bno055_testing/twi_init.o
 .text.is_twi_initialized
                0x00000000000064a8        0xc Output/Debug/Obj/bno055_testing/twi_init.o
                0x00000000000064a8                is_twi_initialized
 .text.twi_init
                0x00000000000064b4       0x80 Output/Debug/Obj/bno055_testing/twi_init.o
                0x00000000000064b4                twi_init
 .text.libc.putchar
                0x0000000000006534        0xe /usr/share/segger_embedded_studio_for_arm_7.32a/lib/libc_v7em_fpv4_sp_d16_hard_t_le_eabi_balanced.a(fileops.o)
                0x0000000000006534                putchar
 .text.libc.fputc
                0x0000000000006542       0x22 /usr/share/segger_embedded_studio_for_arm_7.32a/lib/libc_v7em_fpv4_sp_d16_hard_t_le_eabi_balanced.a(fileops.o)
                0x0000000000006542                fputc
 .text.libc.puts
                0x0000000000006564       0x30 /usr/share/segger_embedded_studio_for_arm_7.32a/lib/libc_v7em_fpv4_sp_d16_hard_t_le_eabi_balanced.a(fileops.o)
                0x0000000000006564                puts
 .text.libc.fwrite
                0x0000000000006594       0x2e /usr/share/segger_embedded_studio_for_arm_7.32a/lib/libc_v7em_fpv4_sp_d16_hard_t_le_eabi_balanced.a(fileops.o)
                0x0000000000006594                fwrite
 .text.libc.__SEGGER_RTL_float32_isnan
                0x00000000000065c2       0x10 /usr/share/segger_embedded_studio_for_arm_7.32a/lib/libc_v7em_fpv4_sp_d16_hard_t_le_eabi_balanced.a(floatops.o)
                0x00000000000065c2                __SEGGER_RTL_float32_isnan
 .text.libc.__SEGGER_RTL_float32_isinf
                0x00000000000065d2       0x14 /usr/share/segger_embedded_studio_for_arm_7.32a/lib/libc_v7em_fpv4_sp_d16_hard_t_le_eabi_balanced.a(floatops.o)
                0x00000000000065d2                __SEGGER_RTL_float32_isinf
 .text.libc.__SEGGER_RTL_float32_isnormal
                0x00000000000065e6       0x1a /usr/share/segger_embedded_studio_for_arm_7.32a/lib/libc_v7em_fpv4_sp_d16_hard_t_le_eabi_balanced.a(floatops.o)
                0x00000000000065e6                __SEGGER_RTL_float32_isnormal
 .text.libc.__SEGGER_RTL_float32_signbit
                0x0000000000006600        0x8 /usr/share/segger_embedded_studio_for_arm_7.32a/lib/libc_v7em_fpv4_sp_d16_hard_t_le_eabi_balanced.a(floatops.o)
                0x0000000000006600                __SEGGER_RTL_float32_signbit
 .text.libc.ldexpf
                0x0000000000006608       0x3c /usr/share/segger_embedded_studio_for_arm_7.32a/lib/libc_v7em_fpv4_sp_d16_hard_t_le_eabi_balanced.a(floatops.o)
                0x0000000000006608                ldexpf
 .text.libc.frexpf
                0x0000000000006644       0x2c /usr/share/segger_embedded_studio_for_arm_7.32a/lib/libc_v7em_fpv4_sp_d16_hard_t_le_eabi_balanced.a(floatops.o)
                0x0000000000006644                frexpf
 .text.libc.fmodf
                0x0000000000006670      0x114 /usr/share/segger_embedded_studio_for_arm_7.32a/lib/libc_v7em_fpv4_sp_d16_hard_t_le_eabi_balanced.a(floatops.o)
                0x0000000000006670                fmodf
 .text.libc.floorf
                0x0000000000006784       0x6c /usr/share/segger_embedded_studio_for_arm_7.32a/lib/libc_v7em_fpv4_sp_d16_hard_t_le_eabi_balanced.a(floatops.o)
                0x0000000000006784                floorf
 .text.libc.__SEGGER_RTL_current_locale
                0x00000000000067f0       0x1a /usr/share/segger_embedded_studio_for_arm_7.32a/lib/libc_v7em_fpv4_sp_d16_hard_t_le_eabi_balanced.a(mbops.o)
                0x00000000000067f0                __SEGGER_RTL_current_locale
 .text.libc.__SEGGER_RTL_ascii_mbtowc
                0x000000000000680a       0x34 /usr/share/segger_embedded_studio_for_arm_7.32a/lib/libc_v7em_fpv4_sp_d16_hard_t_le_eabi_balanced.a(mbops.o)
                0x000000000000680a                __SEGGER_RTL_ascii_mbtowc
 .text.libc.__SEGGER_RTL_ascii_wctomb
                0x000000000000683e        0xe /usr/share/segger_embedded_studio_for_arm_7.32a/lib/libc_v7em_fpv4_sp_d16_hard_t_le_eabi_balanced.a(mbops.o)
                0x000000000000683e                __SEGGER_RTL_ascii_wctomb
 .text.libc.__SEGGER_RTL_isctype
                0x000000000000684c       0x20 /usr/share/segger_embedded_studio_for_arm_7.32a/lib/libc_v7em_fpv4_sp_d16_hard_t_le_eabi_balanced.a(mbops.o)
 .text.libc.isprint
                0x000000000000686c        0x6 /usr/share/segger_embedded_studio_for_arm_7.32a/lib/libc_v7em_fpv4_sp_d16_hard_t_le_eabi_balanced.a(mbops.o)
                0x000000000000686c                isprint
 .text.libc.__SEGGER_RTL_ascii_isctype
                0x0000000000006872       0x20 /usr/share/segger_embedded_studio_for_arm_7.32a/lib/libc_v7em_fpv4_sp_d16_hard_t_le_eabi_balanced.a(mbops.o)
 .text.libc.__SEGGER_RTL_ascii_toupper
                0x0000000000006892        0xc /usr/share/segger_embedded_studio_for_arm_7.32a/lib/libc_v7em_fpv4_sp_d16_hard_t_le_eabi_balanced.a(mbops.o)
 .text.libc.__SEGGER_RTL_ascii_tolower
                0x000000000000689e        0xc /usr/share/segger_embedded_studio_for_arm_7.32a/lib/libc_v7em_fpv4_sp_d16_hard_t_le_eabi_balanced.a(mbops.o)
 .text.libc.__SEGGER_RTL_ascii_iswctype
                0x00000000000068aa       0x20 /usr/share/segger_embedded_studio_for_arm_7.32a/lib/libc_v7em_fpv4_sp_d16_hard_t_le_eabi_balanced.a(mbops.o)
 .text.libc.__SEGGER_RTL_ascii_towupper
                0x00000000000068ca        0xc /usr/share/segger_embedded_studio_for_arm_7.32a/lib/libc_v7em_fpv4_sp_d16_hard_t_le_eabi_balanced.a(mbops.o)
 .text.libc.__SEGGER_RTL_ascii_towlower
                0x00000000000068d6        0xc /usr/share/segger_embedded_studio_for_arm_7.32a/lib/libc_v7em_fpv4_sp_d16_hard_t_le_eabi_balanced.a(mbops.o)
 *fill*         0x00000000000068e2        0x2 
 .text.libc.__aeabi_ddiv
                0x00000000000068e4      0x1c4 /usr/share/segger_embedded_studio_for_arm_7.32a/lib/libc_v7em_fpv4_sp_d16_hard_t_le_eabi_balanced.a(floatasmops_arm.o)
                0x00000000000068e4                __aeabi_ddiv
 .text.libc.__aeabi_f2ulz
                0x0000000000006aa8       0x40 /usr/share/segger_embedded_studio_for_arm_7.32a/lib/libc_v7em_fpv4_sp_d16_hard_t_le_eabi_balanced.a(floatasmops_arm.o)
                0x0000000000006aa8                __aeabi_f2ulz
 .text.libc.__aeabi_i2d
                0x0000000000006ae8       0x24 /usr/share/segger_embedded_studio_for_arm_7.32a/lib/libc_v7em_fpv4_sp_d16_hard_t_le_eabi_balanced.a(floatasmops_arm.o)
                0x0000000000006ae8                __aeabi_i2d
 .text.libc.__aeabi_ul2f
                0x0000000000006b0c       0x54 /usr/share/segger_embedded_studio_for_arm_7.32a/lib/libc_v7em_fpv4_sp_d16_hard_t_le_eabi_balanced.a(floatasmops_arm.o)
                0x0000000000006b0c                __aeabi_ul2f
 .text.libc.__aeabi_d2f
                0x0000000000006b60       0x4c /usr/share/segger_embedded_studio_for_arm_7.32a/lib/libc_v7em_fpv4_sp_d16_hard_t_le_eabi_balanced.a(floatasmops_arm.o)
                0x0000000000006b60                __aeabi_d2f
 .text.libc.__SEGGER_RTL_putc
                0x0000000000006bac       0x84 /usr/share/segger_embedded_studio_for_arm_7.32a/lib/libc_v7em_fpv4_sp_d16_hard_t_le_eabi_balanced.a(prinops.o)
                0x0000000000006bac                __SEGGER_RTL_putc
 .text.libc.__SEGGER_RTL_prin_flush
                0x0000000000006c30       0x1c /usr/share/segger_embedded_studio_for_arm_7.32a/lib/libc_v7em_fpv4_sp_d16_hard_t_le_eabi_balanced.a(prinops.o)
                0x0000000000006c30                __SEGGER_RTL_prin_flush
 .text.libc.__SEGGER_RTL_print_padding
                0x0000000000006c4c       0x1e /usr/share/segger_embedded_studio_for_arm_7.32a/lib/libc_v7em_fpv4_sp_d16_hard_t_le_eabi_balanced.a(prinops.o)
                0x0000000000006c4c                __SEGGER_RTL_print_padding
 .text.libc.__SEGGER_RTL_pre_padding
                0x0000000000006c6a       0x12 /usr/share/segger_embedded_studio_for_arm_7.32a/lib/libc_v7em_fpv4_sp_d16_hard_t_le_eabi_balanced.a(prinops.o)
                0x0000000000006c6a                __SEGGER_RTL_pre_padding
 .text.libc.vfprintf
                0x0000000000006c7c       0x1c /usr/share/segger_embedded_studio_for_arm_7.32a/lib/libc_v7em_fpv4_sp_d16_hard_t_le_eabi_balanced.a(prinops.o)
                0x0000000000006c7c                vfprintf
 .text.libc.vfprintf_l
                0x0000000000006c98       0x6c /usr/share/segger_embedded_studio_for_arm_7.32a/lib/libc_v7em_fpv4_sp_d16_hard_t_le_eabi_balanced.a(prinops.o)
                0x0000000000006c98                vfprintf_l
 .text.libc.__SEGGER_RTL_stream_write
                0x0000000000006d04        0xa /usr/share/segger_embedded_studio_for_arm_7.32a/lib/libc_v7em_fpv4_sp_d16_hard_t_le_eabi_balanced.a(prinops.o)
 .text.libc.printf
                0x0000000000006d0e       0x2c /usr/share/segger_embedded_studio_for_arm_7.32a/lib/libc_v7em_fpv4_sp_d16_hard_t_le_eabi_balanced.a(prinops.o)
                0x0000000000006d0e                printf
 *fill*         0x0000000000006d3a        0x2 
 .text.libc.__SEGGER_RTL_vfprintf_short_float_long
                0x0000000000006d3c      0xbb8 /usr/share/segger_embedded_studio_for_arm_7.32a/lib/libc_v7em_fpv4_sp_d16_hard_t_le_eabi_balanced.a(__SEGGER_RTL_vfprintf_short_float_long.o)
                0x0000000000006d3c                __SEGGER_RTL_vfprintf_short_float_long
 .text.libc.abs
                0x00000000000078f4        0x8 /usr/share/segger_embedded_studio_for_arm_7.32a/lib/libc_v7em_fpv4_sp_d16_hard_t_le_eabi_balanced.a(intops.o)
                0x00000000000078f4                abs
 .text.libc.__SEGGER_RTL_pow10f
                0x00000000000078fc       0x3a /usr/share/segger_embedded_studio_for_arm_7.32a/lib/libc_v7em_fpv4_sp_d16_hard_t_le_eabi_balanced.a(utilops.o)
                0x00000000000078fc                __SEGGER_RTL_pow10f
 *fill*         0x0000000000007936        0x2 
 .text.libc.__aeabi_uldivmod
                0x0000000000007938      0x130 /usr/share/segger_embedded_studio_for_arm_7.32a/lib/libc_v7em_fpv4_sp_d16_hard_t_le_eabi_balanced.a(intasmops_arm.o)
                0x0000000000007938                __aeabi_uldivmod
 .text.libc.__SEGGER_RTL_X_file_stat
                0x0000000000007a68       0x38 /usr/share/segger_embedded_studio_for_arm_7.32a/lib/prinops_rtt_v7em_fpv4_sp_d16_hard_t_le_eabi_balanced.a(prinops_rtt.o)
                0x0000000000007a68                __SEGGER_RTL_X_file_stat
 .text.libc.__SEGGER_RTL_X_file_bufsize
                0x0000000000007aa0        0x4 /usr/share/segger_embedded_studio_for_arm_7.32a/lib/prinops_rtt_v7em_fpv4_sp_d16_hard_t_le_eabi_balanced.a(prinops_rtt.o)
                0x0000000000007aa0                __SEGGER_RTL_X_file_bufsize
 .text.libc.__SEGGER_RTL_X_file_write
                0x0000000000007aa4        0x6 /usr/share/segger_embedded_studio_for_arm_7.32a/lib/prinops_rtt_v7em_fpv4_sp_d16_hard_t_le_eabi_balanced.a(prinops_rtt.o)
                0x0000000000007aa4                __SEGGER_RTL_X_file_write
 .text.libc.__SEGGER_RTL_init_heap
                0x0000000000007aaa       0x18 /usr/share/segger_embedded_studio_for_arm_7.32a/lib/heapops_basic_v7em_fpv4_sp_d16_hard_t_le_eabi_balanced.a(heapops_basic.o)
                0x0000000000007aaa                __SEGGER_RTL_init_heap
 .text.libc.strlen
                0x0000000000007ac2       0x2c /usr/share/segger_embedded_studio_for_arm_7.32a/lib/strops_unaligned_v7em_fpv4_sp_d16_hard_t_le_eabi_balanced.a(strops.o)
                0x0000000000007ac2                strlen
 .text.libc.strnlen
                0x0000000000007aee       0x4c /usr/share/segger_embedded_studio_for_arm_7.32a/lib/strops_unaligned_v7em_fpv4_sp_d16_hard_t_le_eabi_balanced.a(strops.o)
                0x0000000000007aee                strnlen
 *fill*         0x0000000000007b3a        0x2 
 .text.libc.memcpy
                0x0000000000007b3c       0x5c /usr/share/segger_embedded_studio_for_arm_7.32a/lib/strops_unaligned_v7em_fpv4_sp_d16_hard_t_le_eabi_balanced.a(strasmops_arm.o)
                0x0000000000007b3c                memcpy
                0x0000000000007b3c                __aeabi_memcpy
                0x0000000000007b5a                __aeabi_memcpy4
                0x0000000000007b5a                __aeabi_memcpy8
 .text.libc.__aeabi_memclr
                0x0000000000007b98       0x68 /usr/share/segger_embedded_studio_for_arm_7.32a/lib/strops_unaligned_v7em_fpv4_sp_d16_hard_t_le_eabi_balanced.a(strasmops_arm.o)
                0x0000000000007b98                __aeabi_memclr8
                0x0000000000007b98                __aeabi_memclr
                0x0000000000007b98                __aeabi_memclr4
                0x0000000000007b9a                __aeabi_memset
                0x0000000000007b9a                __aeabi_memset8
                0x0000000000007b9a                __aeabi_memset4
                0x0000000000007ba0                memset
                0x0000000000007c00                __text_end__ = (__text_start__ + SIZEOF (.text))
                0x000000000000781c                __text_size__ = SIZEOF (.text)
                0x0000000000007c00                __text_load_end__ = __text_end__

.vfp11_veneer   0x0000000100000000        0x0
 .vfp11_veneer  0x0000000100000000        0x0 linker stubs

.v4_bx          0x0000000100000000        0x0
 .v4_bx         0x0000000100000000        0x0 linker stubs

.iplt           0x0000000100000000        0x0
 .iplt          0x0000000100000000        0x0 Output/Debug/Obj/bno055_testing/main.o
                0x0000000000000001                . = ASSERT (((__text_start__ == __text_end__) || ((__text_end__ - __FLASH1_segment_start__) <= __FLASH1_segment_size__)), error: .text is too large to fit in FLASH1 memory segment)
                0x0000000000007c00                __log_const_data_load_start__ = ALIGN (__text_end__, 0x4)

.log_const_data
                0x0000000000007c00       0x28
                0x0000000000007c00                __log_const_data_start__ = .
                0x0000000000007c00                __start_log_const_data = __log_const_data_start__
 *(SORT_BY_NAME(.log_const_data*))
 .log_const_data_PRS
                0x0000000000007c00        0x8 Output/Debug/Obj/bno055_testing/nrfx_prs.o
                0x0000000000007c00                m_nrf_log_PRS_logs_data_const
 .log_const_data_TWIM
                0x0000000000007c08        0x8 Output/Debug/Obj/bno055_testing/nrfx_twim.o
                0x0000000000007c08                m_nrf_log_TWIM_logs_data_const
 .log_const_data_UART
                0x0000000000007c10        0x8 Output/Debug/Obj/bno055_testing/nrfx_uart.o
                0x0000000000007c10                m_nrf_log_UART_logs_data_const
 .log_const_data_UARTE
                0x0000000000007c18        0x8 Output/Debug/Obj/bno055_testing/nrfx_uarte.o
                0x0000000000007c18                m_nrf_log_UARTE_logs_data_const
 .log_const_data_app
                0x0000000000007c20        0x8 Output/Debug/Obj/bno055_testing/nrf_log_frontend.o
                0x0000000000007c20                m_nrf_log_app_logs_data_const
                0x0000000000007c28                __log_const_data_end__ = (__log_const_data_start__ + SIZEOF (.log_const_data))
                0x0000000000000028                __log_const_data_size__ = SIZEOF (.log_const_data)
                0x0000000000007c28                __stop_log_const_data = __log_const_data_end__
                0x0000000000007c28                __log_const_data_load_end__ = __log_const_data_end__
                0x0000000000000001                . = ASSERT (((__log_const_data_start__ == __log_const_data_end__) || ((__log_const_data_end__ - __FLASH1_segment_start__) <= __FLASH1_segment_size__)), error: .log_const_data is too large to fit in FLASH1 memory segment)
                0x0000000000007c28                __log_backends_load_start__ = ALIGN (__log_const_data_end__, 0x4)

.log_backends   0x0000000000007c28       0x10
                0x0000000000007c28                __log_backends_start__ = .
                0x0000000000007c28                __start_log_backends = __log_backends_start__
 *(SORT_BY_NAME(.log_backends*))
 .log_backends  0x0000000000007c28       0x10 Output/Debug/Obj/bno055_testing/nrf_log_default_backends.o
                0x0000000000007c38                __log_backends_end__ = (__log_backends_start__ + SIZEOF (.log_backends))
                0x0000000000000010                __log_backends_size__ = SIZEOF (.log_backends)
                0x0000000000007c38                __stop_log_backends = __log_backends_end__
                0x0000000000007c38                __log_backends_load_end__ = __log_backends_end__
                0x0000000000000001                . = ASSERT (((__log_backends_start__ == __log_backends_end__) || ((__log_backends_end__ - __FLASH1_segment_start__) <= __FLASH1_segment_size__)), error: .log_backends is too large to fit in FLASH1 memory segment)
                0x0000000000007c38                __nrf_balloc_load_start__ = ALIGN (__log_backends_end__, 0x4)

.nrf_balloc     0x0000000000007c38       0x14
                0x0000000000007c38                __nrf_balloc_start__ = .
                0x0000000000007c38                __start_nrf_balloc = __nrf_balloc_start__
 *(.nrf_balloc*)
 .nrf_balloc    0x0000000000007c38       0x14 Output/Debug/Obj/bno055_testing/nrf_log_frontend.o
                0x0000000000007c38                log_mempool
                0x0000000000007c4c                __nrf_balloc_end__ = (__nrf_balloc_start__ + SIZEOF (.nrf_balloc))
                0x0000000000000014                __nrf_balloc_size__ = SIZEOF (.nrf_balloc)
                0x0000000000007c4c                __stop_nrf_balloc = __nrf_balloc_end__
                0x0000000000007c4c                __nrf_balloc_load_end__ = __nrf_balloc_end__
                0x0000000000000001                . = ASSERT (((__nrf_balloc_start__ == __nrf_balloc_end__) || ((__nrf_balloc_end__ - __FLASH1_segment_start__) <= __FLASH1_segment_size__)), error: .nrf_balloc is too large to fit in FLASH1 memory segment)
                0x0000000000007c4c                __nrf_sections_load_start__ = ALIGN (__nrf_balloc_end__, 0x4)

.nrf_sections   0x0000000000007c4c        0x0
                0x0000000000007c4c                __nrf_sections_start__ = .
                0x0000000000007c4c                __start_nrf_sections = __nrf_sections_start__
 *(.nrf_sections .nrf_sections.*)
                0x0000000000007c4c                __nrf_sections_end__ = (__nrf_sections_start__ + SIZEOF (.nrf_sections))
                0x0000000000000000                __nrf_sections_size__ = SIZEOF (.nrf_sections)
                0x0000000000007c4c                __nrf_sections_load_end__ = __nrf_sections_end__
                0x0000000000000001                . = ASSERT (((__nrf_sections_start__ == __nrf_sections_end__) || ((__nrf_sections_end__ - __FLASH1_segment_start__) <= __FLASH1_segment_size__)), error: .nrf_sections is too large to fit in FLASH1 memory segment)
                0x0000000000007c4c                __log_dynamic_data_load_start__ = ALIGN (__nrf_sections_end__, 0x4)

.log_dynamic_data
                0x0000000020000000        0x0 load address 0x0000000000007c4c
                0x0000000020000000                __log_dynamic_data_start__ = .
 *(SORT_BY_NAME(.log_dynamic_data*))
                0x0000000020000000                __log_dynamic_data_end__ = (__log_dynamic_data_start__ + SIZEOF (.log_dynamic_data))
                0x0000000000000000                __log_dynamic_data_size__ = SIZEOF (.log_dynamic_data)
                0x0000000000007c4c                __log_dynamic_data_load_end__ = (__log_dynamic_data_load_start__ + SIZEOF (.log_dynamic_data))
                0x0000000000000001                . = ASSERT (((__log_dynamic_data_load_start__ == __log_dynamic_data_load_end__) || ((__log_dynamic_data_load_end__ - __FLASH1_segment_start__) <= __FLASH1_segment_size__)), error: .log_dynamic_data is too large to fit in FLASH1 memory segment)

.log_dynamic_data_run
                0x0000000020000000        0x0
                0x0000000020000000                __log_dynamic_data_run_start__ = .
                0x0000000020000000                __start_log_dynamic_data = __log_dynamic_data_run_start__
                0x0000000020000000                __log_dynamic_data_run_end__ = (__log_dynamic_data_run_start__ + SIZEOF (.log_dynamic_data))
                0x0000000000000000                __log_dynamic_data_run_size__ = (__log_dynamic_data_run_end__ - __log_dynamic_data_run_start__)
                0x0000000020000000                __stop_log_dynamic_data = __log_dynamic_data_run_end__
                0x0000000020000000                __log_dynamic_data_run_load_end__ = __log_dynamic_data_run_end__
                0x0000000000000001                . = ASSERT (((__log_dynamic_data_run_start__ == __log_dynamic_data_run_end__) || ((__log_dynamic_data_run_end__ - __RAM1_segment_start__) <= __RAM1_segment_size__)), error: .log_dynamic_data_run is too large to fit in RAM1 memory segment)
                0x0000000000007c4c                __log_filter_data_load_start__ = ALIGN ((__log_dynamic_data_load_start__ + SIZEOF (.log_dynamic_data)), 0x4)

.log_filter_data
                0x0000000020000000        0x0 load address 0x0000000000007c4c
                0x0000000020000000                __log_filter_data_start__ = .
 *(SORT_BY_NAME(.log_filter_data*))
                0x0000000020000000                __log_filter_data_end__ = (__log_filter_data_start__ + SIZEOF (.log_filter_data))
                0x0000000000000000                __log_filter_data_size__ = SIZEOF (.log_filter_data)
                0x0000000000007c4c                __log_filter_data_load_end__ = (__log_filter_data_load_start__ + SIZEOF (.log_filter_data))
                0x0000000000000001                . = ASSERT (((__log_filter_data_load_start__ == __log_filter_data_load_end__) || ((__log_filter_data_load_end__ - __FLASH1_segment_start__) <= __FLASH1_segment_size__)), error: .log_filter_data is too large to fit in FLASH1 memory segment)

.log_filter_data_run
                0x0000000020000000        0x0
                0x0000000020000000                __log_filter_data_run_start__ = .
                0x0000000020000000                __start_log_filter_data = __log_filter_data_run_start__
                0x0000000020000000                __log_filter_data_run_end__ = (__log_filter_data_run_start__ + SIZEOF (.log_filter_data))
                0x0000000000000000                __log_filter_data_run_size__ = (__log_filter_data_run_end__ - __log_filter_data_run_start__)
                0x0000000020000000                __stop_log_filter_data = __log_filter_data_run_end__
                0x0000000020000000                __log_filter_data_run_load_end__ = __log_filter_data_run_end__
                0x0000000000000001                . = ASSERT (((__log_filter_data_run_start__ == __log_filter_data_run_end__) || ((__log_filter_data_run_end__ - __RAM1_segment_start__) <= __RAM1_segment_size__)), error: .log_filter_data_run is too large to fit in RAM1 memory segment)
                0x0000000020000000                __nrf_sections_run_end_load_start__ = ALIGN (__log_filter_data_run_end__, 0x4)

.nrf_sections_run_end
                0x0000000020000000        0x0
                0x0000000020000000                __nrf_sections_run_end_start__ = .
                0x0000000020000000                __end_nrf_sections_run = __nrf_sections_run_end_start__
 *(.nrf_sections_run_end .nrf_sections_run_end.*)
                0x0000000020000000                __nrf_sections_run_end_end__ = (__nrf_sections_run_end_start__ + SIZEOF (.nrf_sections_run_end))
                0x0000000000000000                __nrf_sections_run_end_size__ = SIZEOF (.nrf_sections_run_end)
                0x0000000020000000                __nrf_sections_run_end_load_end__ = __nrf_sections_run_end_end__
                0x0000000000000001                . = ASSERT (((__nrf_sections_run_end_start__ == __nrf_sections_run_end_end__) || ((__nrf_sections_run_end_end__ - __RAM1_segment_start__) <= __RAM1_segment_size__)), error: .nrf_sections_run_end is too large to fit in RAM1 memory segment)
                0x0000000000007c4c                __dtors_load_start__ = ALIGN ((__log_filter_data_load_start__ + SIZEOF (.log_filter_data)), 0x4)

.dtors          0x0000000000007c4c        0x0
                0x0000000000007c4c                __dtors_start__ = .
 *(SORT_BY_NAME(.dtors.*))
 *(.dtors)
 *(.fini_array)
 *(SORT_BY_NAME(.fini_array.*))
                0x0000000000007c4c                __dtors_end__ = (__dtors_start__ + SIZEOF (.dtors))
                0x0000000000000000                __dtors_size__ = SIZEOF (.dtors)
                0x0000000000007c4c                __dtors_load_end__ = __dtors_end__
                0x0000000000000001                . = ASSERT (((__dtors_start__ == __dtors_end__) || ((__dtors_end__ - __FLASH1_segment_start__) <= __FLASH1_segment_size__)), error: .dtors is too large to fit in FLASH1 memory segment)
                0x0000000000007c4c                __ctors_load_start__ = ALIGN (__dtors_end__, 0x4)

.ctors          0x0000000000007c4c        0x0
                0x0000000000007c4c                __ctors_start__ = .
 *(SORT_BY_NAME(.ctors.*))
 *(.ctors)
 *(.init_array)
 *(SORT_BY_NAME(.init_array.*))
                0x0000000000007c4c                __ctors_end__ = (__ctors_start__ + SIZEOF (.ctors))
                0x0000000000000000                __ctors_size__ = SIZEOF (.ctors)
                0x0000000000007c4c                __ctors_load_end__ = __ctors_end__
                0x0000000000000001                . = ASSERT (((__ctors_start__ == __ctors_end__) || ((__ctors_end__ - __FLASH1_segment_start__) <= __FLASH1_segment_size__)), error: .ctors is too large to fit in FLASH1 memory segment)
                0x0000000000007c4c                __rodata_load_start__ = ALIGN (__ctors_end__, 0x4)

.rodata         0x0000000000007c4c     0x13e0
                0x0000000000007c4c                __rodata_start__ = .
 *(.rodata .rodata.* .gnu.linkonce.r.*)
 *fill*         0x0000000000007c4c        0x4 
 .rodata.delay_machine_code.0
                0x0000000000007c50        0x6 Output/Debug/Obj/bno055_testing/main.o
 *fill*         0x0000000000007c56        0x2 
 .rodata        0x0000000000007c58       0x2e Output/Debug/Obj/bno055_testing/nrf_drv_twi.o
 *fill*         0x0000000000007c86        0xa 
 .rodata.delay_machine_code.0
                0x0000000000007c90        0x6 Output/Debug/Obj/bno055_testing/nrf_drv_twi.o
 *fill*         0x0000000000007c96        0x2 
 .rodata        0x0000000000007c98       0x70 Output/Debug/Obj/bno055_testing/nrfx_prs.o
 .rodata        0x0000000000007d08       0xd1 Output/Debug/Obj/bno055_testing/nrfx_twim.o
 *fill*         0x0000000000007dd9        0x3 
 .rodata.irq_handlers.0
                0x0000000000007ddc        0x8 Output/Debug/Obj/bno055_testing/nrfx_twim.o
 .rodata        0x0000000000007de4       0xd1 Output/Debug/Obj/bno055_testing/nrfx_uart.o
 *fill*         0x0000000000007eb5        0x3 
 .rodata.irq_handlers.0
                0x0000000000007eb8        0x4 Output/Debug/Obj/bno055_testing/nrfx_uart.o
 .rodata        0x0000000000007ebc       0xd2 Output/Debug/Obj/bno055_testing/nrfx_uarte.o
 *fill*         0x0000000000007f8e        0x2 
 .rodata.irq_handlers.0
                0x0000000000007f90        0x4 Output/Debug/Obj/bno055_testing/nrfx_uarte.o
 .rodata        0x0000000000007f94       0x70 Output/Debug/Obj/bno055_testing/app_error_weak.o
 .rodata        0x0000000000008004       0x72 Output/Debug/Obj/bno055_testing/app_util_platform.o
 *fill*         0x0000000000008076        0x2 
 .rodata        0x0000000000008078       0x6d Output/Debug/Obj/bno055_testing/nrf_balloc.o
 *fill*         0x00000000000080e5        0x3 
 .rodata        0x00000000000080e8       0x63 Output/Debug/Obj/bno055_testing/nrf_fprintf.o
 *fill*         0x000000000000814b        0x1 
 .rodata        0x000000000000814c       0x6a Output/Debug/Obj/bno055_testing/nrf_fprintf_format.o
 *fill*         0x00000000000081b6        0x2 
 .rodata._aV2C.0
                0x00000000000081b8       0x10 Output/Debug/Obj/bno055_testing/nrf_fprintf_format.o
 .rodata        0x00000000000081c8       0x6d Output/Debug/Obj/bno055_testing/nrf_memobj.o
 *fill*         0x0000000000008235        0x3 
 .rodata.m_unknown_str
                0x0000000000008238       0x13 Output/Debug/Obj/bno055_testing/nrf_strerror.o
 *fill*         0x000000000000824b        0x1 
 .rodata        0x000000000000824c      0x3bd Output/Debug/Obj/bno055_testing/nrf_strerror.o
 *fill*         0x0000000000008609        0x3 
 .rodata.nrf_strerror_array
                0x000000000000860c      0x118 Output/Debug/Obj/bno055_testing/nrf_strerror.o
 .rodata        0x0000000000008724       0x98 Output/Debug/Obj/bno055_testing/nrf_log_backend_uart.o
 .rodata.nrf_log_backend_uart_api
                0x00000000000087bc        0xc Output/Debug/Obj/bno055_testing/nrf_log_backend_uart.o
                0x00000000000087bc                nrf_log_backend_uart_api
 .rodata        0x00000000000087c8       0x90 Output/Debug/Obj/bno055_testing/nrf_log_default_backends.o
 .rodata        0x0000000000008858       0x89 Output/Debug/Obj/bno055_testing/nrf_log_frontend.o
 *fill*         0x00000000000088e1        0x3 
 .rodata        0x00000000000088e4       0xaa Output/Debug/Obj/bno055_testing/nrf_log_str_formatter.o
 *fill*         0x000000000000898e        0x2 
 .rodata        0x0000000000008990       0x17 Output/Debug/Obj/bno055_testing/SEGGER_RTT.o
 *fill*         0x00000000000089a7        0x1 
 .rodata        0x00000000000089a8      0x27b Output/Debug/Obj/bno055_testing/BNO055.o
 *fill*         0x0000000000008c23        0xd 
 .rodata.delay_machine_code.0
                0x0000000000008c30        0x6 Output/Debug/Obj/bno055_testing/BNO055.o
 *fill*         0x0000000000008c36        0x2 
 .rodata.m_twi_init
                0x0000000000008c38       0x10 Output/Debug/Obj/bno055_testing/twi_init.o
                0x0000000000008c38                m_twi_init
 .rodata        0x0000000000008c48       0xbe Output/Debug/Obj/bno055_testing/twi_init.o
 *fill*         0x0000000000008d06        0x2 
 .rodata.libc.__SEGGER_RTL_c_locale
                0x0000000000008d08        0xc /usr/share/segger_embedded_studio_for_arm_7.32a/lib/libc_v7em_fpv4_sp_d16_hard_t_le_eabi_balanced.a(mbops.o)
                0x0000000000008d08                __SEGGER_RTL_c_locale
 .rodata.libc..L.str
                0x0000000000008d14        0x2 /usr/share/segger_embedded_studio_for_arm_7.32a/lib/libc_v7em_fpv4_sp_d16_hard_t_le_eabi_balanced.a(mbops.o)
 *fill*         0x0000000000008d16        0x2 
 .rodata.libc.__SEGGER_RTL_codeset_ascii
                0x0000000000008d18       0x20 /usr/share/segger_embedded_studio_for_arm_7.32a/lib/libc_v7em_fpv4_sp_d16_hard_t_le_eabi_balanced.a(mbops.o)
                0x0000000000008d18                __SEGGER_RTL_codeset_ascii
 .rodata.libc.__SEGGER_RTL_c_locale_abbrev_day_names
                0x0000000000008d38       0x1d /usr/share/segger_embedded_studio_for_arm_7.32a/lib/libc_v7em_fpv4_sp_d16_hard_t_le_eabi_balanced.a(mbops.o)
                0x0000000000008d38                __SEGGER_RTL_c_locale_abbrev_day_names
 .rodata.libc.__SEGGER_RTL_c_locale_abbrev_month_names
                0x0000000000008d55       0x31 /usr/share/segger_embedded_studio_for_arm_7.32a/lib/libc_v7em_fpv4_sp_d16_hard_t_le_eabi_balanced.a(mbops.o)
                0x0000000000008d55                __SEGGER_RTL_c_locale_abbrev_month_names
 .rodata.libc.__SEGGER_RTL_data_utf8_period
                0x0000000000008d86        0x2 /usr/share/segger_embedded_studio_for_arm_7.32a/lib/libc_v7em_fpv4_sp_d16_hard_t_le_eabi_balanced.a(mbops.o)
                0x0000000000008d86                __SEGGER_RTL_data_utf8_period
 .rodata.libc.__SEGGER_RTL_data_empty_string
                0x0000000000008d88        0x1 /usr/share/segger_embedded_studio_for_arm_7.32a/lib/libc_v7em_fpv4_sp_d16_hard_t_le_eabi_balanced.a(mbops.o)
                0x0000000000008d88                __SEGGER_RTL_data_empty_string
 .rodata.libc.__SEGGER_RTL_c_locale_day_names
                0x0000000000008d89       0x3a /usr/share/segger_embedded_studio_for_arm_7.32a/lib/libc_v7em_fpv4_sp_d16_hard_t_le_eabi_balanced.a(mbops.o)
 .rodata.libc.__SEGGER_RTL_c_locale_month_names
                0x0000000000008dc3       0x57 /usr/share/segger_embedded_studio_for_arm_7.32a/lib/libc_v7em_fpv4_sp_d16_hard_t_le_eabi_balanced.a(mbops.o)
 .rodata.libc.__SEGGER_RTL_c_locale_am_pm_indicator
                0x0000000000008e1a        0x7 /usr/share/segger_embedded_studio_for_arm_7.32a/lib/libc_v7em_fpv4_sp_d16_hard_t_le_eabi_balanced.a(mbops.o)
 .rodata.libc.__SEGGER_RTL_c_locale_date_format
                0x0000000000008e21        0x9 /usr/share/segger_embedded_studio_for_arm_7.32a/lib/libc_v7em_fpv4_sp_d16_hard_t_le_eabi_balanced.a(mbops.o)
 .rodata.libc.__SEGGER_RTL_c_locale_time_format
                0x0000000000008e2a        0x9 /usr/share/segger_embedded_studio_for_arm_7.32a/lib/libc_v7em_fpv4_sp_d16_hard_t_le_eabi_balanced.a(mbops.o)
 .rodata.libc.__SEGGER_RTL_c_locale_date_time_format
                0x0000000000008e33        0xf /usr/share/segger_embedded_studio_for_arm_7.32a/lib/libc_v7em_fpv4_sp_d16_hard_t_le_eabi_balanced.a(mbops.o)
 *fill*         0x0000000000008e42        0x2 
 .rodata.libc.__SEGGER_RTL_c_locale_data
                0x0000000000008e44       0x58 /usr/share/segger_embedded_studio_for_arm_7.32a/lib/libc_v7em_fpv4_sp_d16_hard_t_le_eabi_balanced.a(mbops.o)
                0x0000000000008e44                __SEGGER_RTL_c_locale_data
 .rodata.libc.__SEGGER_RTL_ascii_ctype_map
                0x0000000000008e9c       0x80 /usr/share/segger_embedded_studio_for_arm_7.32a/lib/libc_v7em_fpv4_sp_d16_hard_t_le_eabi_balanced.a(mbops.o)
 .rodata.libc.__SEGGER_RTL_ascii_ctype_mask
                0x0000000000008f1c        0xd /usr/share/segger_embedded_studio_for_arm_7.32a/lib/libc_v7em_fpv4_sp_d16_hard_t_le_eabi_balanced.a(mbops.o)
 .rodata.libc.__SEGGER_RTL_hex_uc
                0x0000000000008f29       0x10 /usr/share/segger_embedded_studio_for_arm_7.32a/lib/libc_v7em_fpv4_sp_d16_hard_t_le_eabi_balanced.a(prinops.o)
                0x0000000000008f29                __SEGGER_RTL_hex_uc
 .rodata.libc.__SEGGER_RTL_hex_lc
                0x0000000000008f39       0x10 /usr/share/segger_embedded_studio_for_arm_7.32a/lib/libc_v7em_fpv4_sp_d16_hard_t_le_eabi_balanced.a(prinops.o)
                0x0000000000008f39                __SEGGER_RTL_hex_lc
 *fill*         0x0000000000008f49        0x7 
 .rodata.libc.__SEGGER_RTL_ipow10
                0x0000000000008f50       0xa0 /usr/share/segger_embedded_studio_for_arm_7.32a/lib/libc_v7em_fpv4_sp_d16_hard_t_le_eabi_balanced.a(prinops.o)
                0x0000000000008f50                __SEGGER_RTL_ipow10
 .rodata.libc..L.str
                0x0000000000008ff0        0x7 /usr/share/segger_embedded_studio_for_arm_7.32a/lib/libc_v7em_fpv4_sp_d16_hard_t_le_eabi_balanced.a(__SEGGER_RTL_vfprintf_short_float_long.o)
 .rodata.libc..L.str.1
                0x0000000000008ff7        0x5 /usr/share/segger_embedded_studio_for_arm_7.32a/lib/libc_v7em_fpv4_sp_d16_hard_t_le_eabi_balanced.a(__SEGGER_RTL_vfprintf_short_float_long.o)
 .rodata.libc..L.str.2
                0x0000000000008ffc        0x5 /usr/share/segger_embedded_studio_for_arm_7.32a/lib/libc_v7em_fpv4_sp_d16_hard_t_le_eabi_balanced.a(__SEGGER_RTL_vfprintf_short_float_long.o)
 .rodata.libc..L.str.3
                0x0000000000009001        0x5 /usr/share/segger_embedded_studio_for_arm_7.32a/lib/libc_v7em_fpv4_sp_d16_hard_t_le_eabi_balanced.a(__SEGGER_RTL_vfprintf_short_float_long.o)
 .rodata.libc..L.str.4
                0x0000000000009006        0x5 /usr/share/segger_embedded_studio_for_arm_7.32a/lib/libc_v7em_fpv4_sp_d16_hard_t_le_eabi_balanced.a(__SEGGER_RTL_vfprintf_short_float_long.o)
 .rodata.libc..L.str.5
                0x000000000000900b        0x4 /usr/share/segger_embedded_studio_for_arm_7.32a/lib/libc_v7em_fpv4_sp_d16_hard_t_le_eabi_balanced.a(__SEGGER_RTL_vfprintf_short_float_long.o)
 .rodata.libc..L.str.6
                0x000000000000900f        0x4 /usr/share/segger_embedded_studio_for_arm_7.32a/lib/libc_v7em_fpv4_sp_d16_hard_t_le_eabi_balanced.a(__SEGGER_RTL_vfprintf_short_float_long.o)
 *fill*         0x0000000000009013        0x1 
 .rodata.libc.__SEGGER_RTL_aPower2f
                0x0000000000009014       0x18 /usr/share/segger_embedded_studio_for_arm_7.32a/lib/libc_v7em_fpv4_sp_d16_hard_t_le_eabi_balanced.a(utilops.o)
                0x000000000000902c                __rodata_end__ = (__rodata_start__ + SIZEOF (.rodata))
                0x00000000000013e0                __rodata_size__ = SIZEOF (.rodata)
                0x000000000000902c                __rodata_load_end__ = __rodata_end__

.rel.dyn        0x000000000000902c        0x0
 .rel.iplt      0x000000000000902c        0x0 Output/Debug/Obj/bno055_testing/main.o
                0x0000000000000001                . = ASSERT (((__rodata_start__ == __rodata_end__) || ((__rodata_end__ - __FLASH1_segment_start__) <= __FLASH1_segment_size__)), error: .rodata is too large to fit in FLASH1 memory segment)
                0x000000000000902c                __ARM.exidx_load_start__ = ALIGN (__rodata_end__, 0x4)

.ARM.exidx      0x000000000000902c        0x0
                0x000000000000902c                __ARM.exidx_start__ = .
                0x000000000000902c                __exidx_start = __ARM.exidx_start__
 *(.ARM.exidx .ARM.exidx.*)
                0x000000000000902c                __ARM.exidx_end__ = (__ARM.exidx_start__ + SIZEOF (.ARM.exidx))
                0x0000000000000000                __ARM.exidx_size__ = SIZEOF (.ARM.exidx)
                0x000000000000902c                __exidx_end = __ARM.exidx_end__
                0x000000000000902c                __ARM.exidx_load_end__ = __ARM.exidx_end__
                0x0000000000000001                . = ASSERT (((__ARM.exidx_start__ == __ARM.exidx_end__) || ((__ARM.exidx_end__ - __FLASH1_segment_start__) <= __FLASH1_segment_size__)), error: .ARM.exidx is too large to fit in FLASH1 memory segment)
                0x000000000000902c                __fast_load_start__ = ALIGN (__ARM.exidx_end__, 0x4)

.fast           0x0000000020000000        0x0 load address 0x000000000000902c
                0x0000000020000000                __fast_start__ = .
 *(.fast .fast.*)
                0x0000000020000000                __fast_end__ = (__fast_start__ + SIZEOF (.fast))
                0x0000000000000000                __fast_size__ = SIZEOF (.fast)
                0x000000000000902c                __fast_load_end__ = (__fast_load_start__ + SIZEOF (.fast))
                0x0000000000000001                . = ASSERT (((__fast_load_start__ == __fast_load_end__) || ((__fast_load_end__ - __FLASH1_segment_start__) <= __FLASH1_segment_size__)), error: .fast is too large to fit in FLASH1 memory segment)

.fast_run       0x0000000020000000        0x0
                0x0000000020000000                __fast_run_start__ = .
                0x0000000020000000                __fast_run_end__ = (__fast_run_start__ + SIZEOF (.fast))
                0x0000000000000000                __fast_run_size__ = (__fast_run_end__ - __fast_run_start__)
                0x0000000020000000                __fast_run_load_end__ = __fast_run_end__
                0x0000000000000001                . = ASSERT (((__fast_run_start__ == __fast_run_end__) || ((__fast_run_end__ - __RAM1_segment_start__) <= __RAM1_segment_size__)), error: .fast_run is too large to fit in RAM1 memory segment)
                0x000000000000902c                __data_load_start__ = ALIGN ((__fast_load_start__ + SIZEOF (.fast)), 0x4)

.data           0x0000000020000000       0x7c load address 0x000000000000902c
                0x0000000020000000                __data_start__ = .
 *(.data .data.* .gnu.linkonce.d.*)
 .data.SystemCoreClock
                0x0000000020000000        0x4 Output/Debug/Obj/bno055_testing/system_nrf52.o
                0x0000000020000000                SystemCoreClock
 .data.m_uart   0x0000000020000004       0x14 Output/Debug/Obj/bno055_testing/nrf_log_backend_uart.o
                0x0000000020000004                m_uart
 .data.log_backend_cb_uart_log_backend
                0x0000000020000018        0x8 Output/Debug/Obj/bno055_testing/nrf_log_default_backends.o
 .data.m_buffer_mask
                0x0000000020000020        0x4 Output/Debug/Obj/bno055_testing/nrf_log_frontend.o
 .data.severity_names
                0x0000000020000024       0x14 Output/Debug/Obj/bno055_testing/nrf_log_str_formatter.o
 .data.m_colors
                0x0000000020000038       0x24 Output/Debug/Obj/bno055_testing/nrf_log_str_formatter.o
 .data.libc.__SEGGER_RTL_global_locale
                0x000000002000005c       0x14 /usr/share/segger_embedded_studio_for_arm_7.32a/lib/libc_v7em_fpv4_sp_d16_hard_t_le_eabi_balanced.a(mbops.o)
                0x000000002000005c                __RAL_global_locale
                0x000000002000005c                __SEGGER_RTL_global_locale
 .data.libc.stdin
                0x0000000020000070        0x4 /usr/share/segger_embedded_studio_for_arm_7.32a/lib/prinops_rtt_v7em_fpv4_sp_d16_hard_t_le_eabi_balanced.a(prinops_rtt.o)
                0x0000000020000070                stdin
 .data.libc.stdout
                0x0000000020000074        0x4 /usr/share/segger_embedded_studio_for_arm_7.32a/lib/prinops_rtt_v7em_fpv4_sp_d16_hard_t_le_eabi_balanced.a(prinops_rtt.o)
                0x0000000020000074                stdout
 .data.libc.stderr
                0x0000000020000078        0x4 /usr/share/segger_embedded_studio_for_arm_7.32a/lib/prinops_rtt_v7em_fpv4_sp_d16_hard_t_le_eabi_balanced.a(prinops_rtt.o)
                0x0000000020000078                stderr
                0x000000002000007c                __data_end__ = (__data_start__ + SIZEOF (.data))
                0x000000000000007c                __data_size__ = SIZEOF (.data)
                0x00000000000090a8                __data_load_end__ = (__data_load_start__ + SIZEOF (.data))

.igot.plt       0x0000000100000000        0x0
 .igot.plt      0x0000000100000000        0x0 Output/Debug/Obj/bno055_testing/main.o
                0x0000000000000001                . = ASSERT (((__data_load_start__ == __data_load_end__) || ((__data_load_end__ - __FLASH1_segment_start__) <= __FLASH1_segment_size__)), error: .data is too large to fit in FLASH1 memory segment)

.data_run       0x0000000020000000        0x0
                0x0000000020000000                __data_run_start__ = .
                0x000000002000007c                __data_run_end__ = (__data_run_start__ + SIZEOF (.data))
                0x000000000000007c                __data_run_size__ = (__data_run_end__ - __data_run_start__)
                0x000000002000007c                __data_run_load_end__ = __data_run_end__
                0x0000000000000001                . = ASSERT (((__data_run_start__ == __data_run_end__) || ((__data_run_end__ - __RAM1_segment_start__) <= __RAM1_segment_size__)), error: .data_run is too large to fit in RAM1 memory segment)
                0x00000000000090a8                __tdata_load_start__ = ALIGN ((__data_load_start__ + SIZEOF (.data)), 0x4)

.tdata          0x000000002000007c        0x0 load address 0x00000000000090a8
                0x000000002000007c                __tdata_start__ = .
 *(.tdata .tdata.*)
                0x000000002000007c                __tdata_end__ = (__tdata_start__ + SIZEOF (.tdata))
                0x0000000000000000                __tdata_size__ = SIZEOF (.tdata)
                0x00000000000090a8                __tdata_load_end__ = (__tdata_load_start__ + SIZEOF (.tdata))
                0x00000000000090a8                __FLASH1_segment_used_end__ = (ALIGN ((__data_load_start__ + SIZEOF (.data)), 0x4) + SIZEOF (.tdata))
                0x00000000000090a8                __FLASH1_segment_used_size__ = (__FLASH1_segment_used_end__ - __FLASH1_segment_start__)
                0x0000000000000001                . = ASSERT (((__tdata_load_start__ == __tdata_load_end__) || ((__tdata_load_end__ - __FLASH1_segment_start__) <= __FLASH1_segment_size__)), error: .tdata is too large to fit in FLASH1 memory segment)

.tdata_run      0x000000002000007c        0x0
                0x000000002000007c                __tdata_run_start__ = .
                0x000000002000007c                __tdata_run_end__ = (__tdata_run_start__ + SIZEOF (.tdata))
                0x0000000000000000                __tdata_run_size__ = (__tdata_run_end__ - __tdata_run_start__)
                0x000000002000007c                __tdata_run_load_end__ = __tdata_run_end__
                0x0000000000000001                . = ASSERT (((__tdata_run_start__ == __tdata_run_end__) || ((__tdata_run_end__ - __RAM1_segment_start__) <= __RAM1_segment_size__)), error: .tdata_run is too large to fit in RAM1 memory segment)
                0x000000002000007c                __bss_load_start__ = ALIGN (__tdata_run_end__, 0x4)

.bss            0x000000002000007c      0x8d8
                0x000000002000007c                __bss_start__ = .
 *(.bss .bss.* .gnu.linkonce.b.*)
 .bss.m_handlers
                0x000000002000007c        0x8 Output/Debug/Obj/bno055_testing/nrf_drv_twi.o
 .bss.m_contexts
                0x0000000020000084        0x8 Output/Debug/Obj/bno055_testing/nrf_drv_twi.o
 .bss.m_handlers
                0x000000002000008c        0x4 Output/Debug/Obj/bno055_testing/nrf_drv_uart.o
 .bss.m_contexts
                0x0000000020000090        0x4 Output/Debug/Obj/bno055_testing/nrf_drv_uart.o
 .bss.nrf_drv_uart_use_easy_dma
                0x0000000020000094        0x1 Output/Debug/Obj/bno055_testing/nrf_drv_uart.o
                0x0000000020000094                nrf_drv_uart_use_easy_dma
 *fill*         0x0000000020000095        0x3 
 .bss.m_prs_box_4
                0x0000000020000098        0x8 Output/Debug/Obj/bno055_testing/nrfx_prs.o
 .bss.m_cb      0x00000000200000a0       0x68 Output/Debug/Obj/bno055_testing/nrfx_twim.o
 .bss.m_cb      0x0000000020000108       0x2c Output/Debug/Obj/bno055_testing/nrfx_uart.o
 .bss.m_cb      0x0000000020000134       0x24 Output/Debug/Obj/bno055_testing/nrfx_uarte.o
 .bss.m_error_data.0
                0x0000000020000158       0x20 Output/Debug/Obj/bno055_testing/app_error.o
 .bss.m_in_critical_region
                0x0000000020000178        0x4 Output/Debug/Obj/bno055_testing/app_util_platform.o